Archive member included because of file (symbol)

c:/program files/microchip/mplabc32/v2.02/bin/../lib/gcc/pic32mx/4.5.1/../../../../pic32mx/lib/speed\libc.a(memcmp.o)
                              Objects\tasks.o (memcmp)
c:/program files/microchip/mplabc32/v2.02/bin/../lib/gcc/pic32mx/4.5.1/../../../../pic32mx/lib/speed\libc.a(memcpy.o)
                              Objects\queue.o (memcpy)
c:/program files/microchip/mplabc32/v2.02/bin/../lib/gcc/pic32mx/4.5.1/../../../../pic32mx/lib/speed\libc.a(memset.o)
                              Objects\tasks.o (memset)
c:/program files/microchip/mplabc32/v2.02/bin/../lib/gcc/pic32mx/4.5.1/../../../../pic32mx/lib/speed\libc.a(general-exception.o)
                              c:/program files/microchip/mplabc32/v2.02/bin/../lib/gcc/pic32mx/4.5.1/../../../../pic32mx/lib/speed/crt0.o (_general_exception_context)
c:/program files/microchip/mplabc32/v2.02/bin/../lib/gcc/pic32mx/4.5.1/../../../../pic32mx/lib/speed\libc.a(strncpy.o)
                              Objects\tasks.o (strncpy)
c:/program files/microchip/mplabc32/v2.02/bin/../lib/gcc/pic32mx/4.5.1/../../../../pic32mx/lib/speed\libc.a(default-bootstrap-exception-handler.o)
                              c:/program files/microchip/mplabc32/v2.02/bin/../lib/gcc/pic32mx/4.5.1/../../../../pic32mx/lib/speed/crt0.o (_bootstrap_exception_handler)
c:/program files/microchip/mplabc32/v2.02/bin/../lib/gcc/pic32mx/4.5.1/../../../../pic32mx/lib/speed\libc.a(default-on-reset.o)
                              c:/program files/microchip/mplabc32/v2.02/bin/../lib/gcc/pic32mx/4.5.1/../../../../pic32mx/lib/speed/crt0.o (_on_reset)
c:/program files/microchip/mplabc32/v2.02/bin/../lib/gcc/pic32mx/4.5.1/../../../../pic32mx/lib/speed\libc.a(default-on-bootstrap.o)
                              c:/program files/microchip/mplabc32/v2.02/bin/../lib/gcc/pic32mx/4.5.1/../../../../pic32mx/lib/speed/crt0.o (_on_bootstrap)
c:/program files/microchip/mplabc32/v2.02/bin/../lib/gcc/pic32mx/4.5.1/../../../../pic32mx/lib/speed\libc.a(default-nmi-handler.o)
                              c:/program files/microchip/mplabc32/v2.02/bin/../lib/gcc/pic32mx/4.5.1/../../../../pic32mx/lib/speed/crt0.o (_nmi_handler)
c:/program files/microchip/mplabc32/v2.02/bin/../lib/gcc/pic32mx/4.5.1/../../../../pic32mx/lib/speed\libmchp_peripheral_32MX460F512L.a(pcache.o)
                              Objects\main.o (CheKseg0CacheOn)
c:/program files/microchip/mplabc32/v2.02/bin/../lib/gcc/pic32mx/4.5.1/../../../../pic32mx/lib/speed\libmchp_peripheral_32MX460F512L.a(set_core_sw0_leg_lib.o)
                              Objects\port.o (SetCoreSW0)
c:/program files/microchip/mplabc32/v2.02/bin/../lib/gcc/pic32mx/4.5.1/../../../../pic32mx/lib/speed\libmchp_peripheral_32MX460F512L.a(int_disable_interrupts_lib.o)
                              Objects\main.o (INTDisableInterrupts)
c:/program files/microchip/mplabc32/v2.02/bin/../lib/gcc/pic32mx/4.5.1/../../../../pic32mx/lib/speed\libmchp_peripheral_32MX460F512L.a(int_restore_interrupts_lib.o)
                              Objects\main.o (INTRestoreInterrupts)
c:/program files/microchip/mplabc32/v2.02/bin/../lib/gcc/pic32mx/4.5.1/../../../../pic32mx/lib/speed\libmchp_peripheral_32MX460F512L.a(int_enable_mv_int_lib.o)
                              Objects\main.o (INTEnableSystemMultiVectoredInt)
c:/program files/microchip/mplabc32/v2.02/bin/../lib/gcc/pic32mx/4.5.1/../../../../pic32mx/lib/speed\libmchp_peripheral_32MX460F512L.a(int_enable_interrupts_lib.o)
                              c:/program files/microchip/mplabc32/v2.02/bin/../lib/gcc/pic32mx/4.5.1/../../../../pic32mx/lib/speed\libmchp_peripheral_32MX460F512L.a(int_enable_mv_int_lib.o) (INTEnableInterrupts)

Allocating common symbols
Common symbol       size              file

pxReadyTasksLists   0x64              Objects\tasks.o
xPendingReadyList   0x14              Objects\tasks.o
xSuspendedTaskList  0x14              Objects\tasks.o
NLinea              0x1               Objects\Driver LCD.o
pxDelayedTaskList   0x4               Objects\tasks.o
pxOverflowDelayedTaskList
                    0x4               Objects\tasks.o
Text2               0x5               Objects\main.o
xDelayedTaskList1   0x14              Objects\tasks.o
xTasksWaitingTermination
                    0x14              Objects\tasks.o
xDelayedTaskList2   0x14              Objects\tasks.o
Text                0x5               Objects\main.o

Microchip PIC32 Memory-Usage Report

kseg0 Program-Memory Usage
section                    address  length [bytes]      (dec)  Description
-------                 ----------  -------------------------  -----------
.text                   0x9d007e08         0x4c8c       19596  App's exec code 
.text.strncpy           0x9d00ca94           0xe8         232   
.text.general_exception 0x9d00cb7c           0xd0         208   
.text                   0x9d00cc4c           0xa8         168  App's exec code 
.dinit                  0x9d00ccf4           0xa4         164   
.text                   0x9d00cd98           0x98         152  App's exec code 
.text.INTEnableSystemMu 0x9d00ce30           0x34          52   
.rodata                 0x9d00ce64           0x1c          28  Read-only const 
.text.INTRestoreInterru 0x9d00ce80           0x1c          28   
.text                   0x9d00ce9c           0x18          24  App's exec code 
.text.CheKseg0CacheOff  0x9d00ceb4           0x18          24   
.text.CheKseg0CacheOn   0x9d00cecc           0x18          24   
.rodata                 0x9d00cee4           0x14          20  Read-only const 
.text                   0x9d00cef8           0x10          16  App's exec code 
.text.SetCoreSW0        0x9d00cf08           0x10          16   
.text._bootstrap_except 0x9d00cf18            0xc          12   
.text._on_reset         0x9d00cf24            0x8           8   
.text._on_bootstrap     0x9d00cf2c            0x8           8   
.text.INTDisableInterru 0x9d00cf34            0x8           8   
.text.INTEnableInterrup 0x9d00cf3c            0x8           8   
.rodata                 0x9d00cf44            0x4           4  Read-only const 
.rodata                 0x9d00cf48            0x2           2  Read-only const 
      Total kseg0_program_mem used  :      0x5142       20802  4.2% of 0x78200

kseg0 Boot-Memory Usage
section                    address  length [bytes]      (dec)  Description
-------                 ----------  -------------------------  -----------
         Total kseg0_boot_mem used  :           0           0  <1% of 0x970

Exception-Memory Usage 
section                    address  length [bytes]      (dec)  Description
-------                 ----------  -------------------------  -----------
.app_excpt              0x9d006180           0x10          16  General-Exception 
.vector_1               0x9d006220            0x8           8  Interrupt Vector 1 
.vector_4               0x9d006280            0x8           8  Interrupt Vector 4 
          Total exception_mem used  :        0x20          32  0.8% of 0x1000

kseg1 Boot-Memory Usage
section                    address  length [bytes]      (dec)  Description
-------                 ----------  -------------------------  -----------
.reset                  0x9d007970          0x1f4         500  Reset handler 
.bev_excpt              0x9d007cf0           0x10          16  BEV-Exception 
         Total kseg1_boot_mem used  :       0x204         516  44.2% of 0x490
        --------------------------------------------------------------------------
         Total Program Memory used  :      0x5366       21350  4.3% of 0x7a000
        --------------------------------------------------------------------------


kseg1 Data-Memory Usage
section                    address  length [bytes]      (dec)  Description
-------                 ----------  -------------------------  -----------
.sdata                  0xa0000000           0x10          16  Small init data 
.sbss                   0xa0000010           0x68         104  Small uninit data 
.bss                    0xa0000078           0xc8         200  Uninitialized data 
.bss                    0xa0000140         0x73a0       29600  Uninitialized data 
         Total kseg1_data_mem used  :      0x74e0       29920  91.3% of 0x8000
        --------------------------------------------------------------------------
            Total Data Memory used  :      0x74e0       29920  91.3% of 0x8000
        --------------------------------------------------------------------------


Dynamic Data-Memory Reservation
section                    address  length [bytes]      (dec)  Description
-------                 ----------  -------------------------  -----------
heap                    0xa00074e8              0           0  Reserved for heap 
stack                   0xa0007500          0xaf8        2808  Reserved for stack 

        --------------------------------------------------------------------------

Discarded input sections

 .reginfo       0x00000000       0x18 c:/program files/microchip/mplabc32/v2.02/bin/../lib/gcc/pic32mx/4.5.1/../../../../pic32mx/lib/speed/crt0.o
 .pdr           0x00000000       0xa0 c:/program files/microchip/mplabc32/v2.02/bin/../lib/gcc/pic32mx/4.5.1/../../../../pic32mx/lib/speed/crt0.o
 .reginfo       0x00000000       0x18 Objects\main.o
 .pdr           0x00000000       0xe0 Objects\main.o
 .reginfo       0x00000000       0x18 Objects\Driver LCD.o
 .pdr           0x00000000      0x120 Objects\Driver LCD.o
 .reginfo       0x00000000       0x18 Objects\heap_2.o
 .pdr           0x00000000       0x80 Objects\heap_2.o
 .reginfo       0x00000000       0x18 Objects\list.o
 .pdr           0x00000000       0xa0 Objects\list.o
 .reginfo       0x00000000       0x18 Objects\port.o
 .pdr           0x00000000      0x120 Objects\port.o
 .reginfo       0x00000000       0x18 Objects\port_asm.o
 .pdr           0x00000000       0x60 Objects\port_asm.o
 .reginfo       0x00000000       0x18 Objects\queue.o
 .pdr           0x00000000      0x240 Objects\queue.o
 .reginfo       0x00000000       0x18 Objects\tasks.o
 .pdr           0x00000000      0x4c0 Objects\tasks.o
 .reginfo       0x00000000       0x18 c:/program files/microchip/mplabc32/v2.02/bin/../lib/gcc/pic32mx/4.5.1/../../../../pic32mx/lib/./proc/32MX460F512L\processor.o
 .pdr           0x00000000        0x0 c:/program files/microchip/mplabc32/v2.02/bin/../lib/gcc/pic32mx/4.5.1/../../../../pic32mx/lib/./proc/32MX460F512L\processor.o
 .reginfo       0x00000000       0x18 c:/program files/microchip/mplabc32/v2.02/bin/../lib/gcc/pic32mx/4.5.1/../../../../pic32mx/lib/speed\libc.a(memcmp.o)
 .pdr           0x00000000       0x20 c:/program files/microchip/mplabc32/v2.02/bin/../lib/gcc/pic32mx/4.5.1/../../../../pic32mx/lib/speed\libc.a(memcmp.o)
 .reginfo       0x00000000       0x18 c:/program files/microchip/mplabc32/v2.02/bin/../lib/gcc/pic32mx/4.5.1/../../../../pic32mx/lib/speed\libc.a(memcpy.o)
 .pdr           0x00000000       0x20 c:/program files/microchip/mplabc32/v2.02/bin/../lib/gcc/pic32mx/4.5.1/../../../../pic32mx/lib/speed\libc.a(memcpy.o)
 .reginfo       0x00000000       0x18 c:/program files/microchip/mplabc32/v2.02/bin/../lib/gcc/pic32mx/4.5.1/../../../../pic32mx/lib/speed\libc.a(memset.o)
 .pdr           0x00000000       0x20 c:/program files/microchip/mplabc32/v2.02/bin/../lib/gcc/pic32mx/4.5.1/../../../../pic32mx/lib/speed\libc.a(memset.o)
 .reginfo       0x00000000       0x18 c:/program files/microchip/mplabc32/v2.02/bin/../lib/gcc/pic32mx/4.5.1/../../../../pic32mx/lib/speed\libc.a(general-exception.o)
 .pdr           0x00000000       0x20 c:/program files/microchip/mplabc32/v2.02/bin/../lib/gcc/pic32mx/4.5.1/../../../../pic32mx/lib/speed\libc.a(general-exception.o)
 .reginfo       0x00000000       0x18 c:/program files/microchip/mplabc32/v2.02/bin/../lib/gcc/pic32mx/4.5.1/../../../../pic32mx/lib/speed\libc.a(strncpy.o)
 .pdr           0x00000000       0x20 c:/program files/microchip/mplabc32/v2.02/bin/../lib/gcc/pic32mx/4.5.1/../../../../pic32mx/lib/speed\libc.a(strncpy.o)
 .reginfo       0x00000000       0x18 c:/program files/microchip/mplabc32/v2.02/bin/../lib/gcc/pic32mx/4.5.1/../../../../pic32mx/lib/speed\libc.a(default-bootstrap-exception-handler.o)
 .pdr           0x00000000       0x20 c:/program files/microchip/mplabc32/v2.02/bin/../lib/gcc/pic32mx/4.5.1/../../../../pic32mx/lib/speed\libc.a(default-bootstrap-exception-handler.o)
 .reginfo       0x00000000       0x18 c:/program files/microchip/mplabc32/v2.02/bin/../lib/gcc/pic32mx/4.5.1/../../../../pic32mx/lib/speed\libc.a(default-on-reset.o)
 .pdr           0x00000000       0x20 c:/program files/microchip/mplabc32/v2.02/bin/../lib/gcc/pic32mx/4.5.1/../../../../pic32mx/lib/speed\libc.a(default-on-reset.o)
 .reginfo       0x00000000       0x18 c:/program files/microchip/mplabc32/v2.02/bin/../lib/gcc/pic32mx/4.5.1/../../../../pic32mx/lib/speed\libc.a(default-on-bootstrap.o)
 .pdr           0x00000000       0x20 c:/program files/microchip/mplabc32/v2.02/bin/../lib/gcc/pic32mx/4.5.1/../../../../pic32mx/lib/speed\libc.a(default-on-bootstrap.o)
 .reginfo       0x00000000       0x18 c:/program files/microchip/mplabc32/v2.02/bin/../lib/gcc/pic32mx/4.5.1/../../../../pic32mx/lib/speed\libc.a(default-nmi-handler.o)
 .pdr           0x00000000       0x20 c:/program files/microchip/mplabc32/v2.02/bin/../lib/gcc/pic32mx/4.5.1/../../../../pic32mx/lib/speed\libc.a(default-nmi-handler.o)
 .reginfo       0x00000000       0x18 c:/program files/microchip/mplabc32/v2.02/bin/../lib/gcc/pic32mx/4.5.1/../../../../pic32mx/lib/speed\libmchp_peripheral_32MX460F512L.a(pcache.o)
 .pdr           0x00000000       0x40 c:/program files/microchip/mplabc32/v2.02/bin/../lib/gcc/pic32mx/4.5.1/../../../../pic32mx/lib/speed\libmchp_peripheral_32MX460F512L.a(pcache.o)
 .reginfo       0x00000000       0x18 c:/program files/microchip/mplabc32/v2.02/bin/../lib/gcc/pic32mx/4.5.1/../../../../pic32mx/lib/speed\libmchp_peripheral_32MX460F512L.a(set_core_sw0_leg_lib.o)
 .pdr           0x00000000       0x20 c:/program files/microchip/mplabc32/v2.02/bin/../lib/gcc/pic32mx/4.5.1/../../../../pic32mx/lib/speed\libmchp_peripheral_32MX460F512L.a(set_core_sw0_leg_lib.o)
 .reginfo       0x00000000       0x18 c:/program files/microchip/mplabc32/v2.02/bin/../lib/gcc/pic32mx/4.5.1/../../../../pic32mx/lib/speed\libmchp_peripheral_32MX460F512L.a(int_disable_interrupts_lib.o)
 .pdr           0x00000000       0x20 c:/program files/microchip/mplabc32/v2.02/bin/../lib/gcc/pic32mx/4.5.1/../../../../pic32mx/lib/speed\libmchp_peripheral_32MX460F512L.a(int_disable_interrupts_lib.o)
 .reginfo       0x00000000       0x18 c:/program files/microchip/mplabc32/v2.02/bin/../lib/gcc/pic32mx/4.5.1/../../../../pic32mx/lib/speed\libmchp_peripheral_32MX460F512L.a(int_restore_interrupts_lib.o)
 .pdr           0x00000000       0x20 c:/program files/microchip/mplabc32/v2.02/bin/../lib/gcc/pic32mx/4.5.1/../../../../pic32mx/lib/speed\libmchp_peripheral_32MX460F512L.a(int_restore_interrupts_lib.o)
 .reginfo       0x00000000       0x18 c:/program files/microchip/mplabc32/v2.02/bin/../lib/gcc/pic32mx/4.5.1/../../../../pic32mx/lib/speed\libmchp_peripheral_32MX460F512L.a(int_enable_mv_int_lib.o)
 .pdr           0x00000000       0x20 c:/program files/microchip/mplabc32/v2.02/bin/../lib/gcc/pic32mx/4.5.1/../../../../pic32mx/lib/speed\libmchp_peripheral_32MX460F512L.a(int_enable_mv_int_lib.o)
 .reginfo       0x00000000       0x18 c:/program files/microchip/mplabc32/v2.02/bin/../lib/gcc/pic32mx/4.5.1/../../../../pic32mx/lib/speed\libmchp_peripheral_32MX460F512L.a(int_enable_interrupts_lib.o)
 .pdr           0x00000000       0x20 c:/program files/microchip/mplabc32/v2.02/bin/../lib/gcc/pic32mx/4.5.1/../../../../pic32mx/lib/speed\libmchp_peripheral_32MX460F512L.a(int_enable_interrupts_lib.o)

Memory Configuration

Name             Origin             Length             Attributes
exception_mem    0x9d006000         0x00001000
kseg0_boot_mem   0x9d007000         0x00000970
kseg1_boot_mem   0x9d007970         0x00000490
kseg0_program_mem 0x9d007e00         0x00078200         xr
debug_exec_mem   0xbfc02000         0x00000ff0
config3          0xbfc02ff0         0x00000004
config2          0xbfc02ff4         0x00000004
config1          0xbfc02ff8         0x00000004
config0          0xbfc02ffc         0x00000004
kseg1_data_mem   0xa0000000         0x00008000         w !x
sfrs             0xbf800000         0x00100000
configsfrs       0xbfc02ff0         0x00000010
*default*        0x00000000         0xffffffff

Linker script and memory map

LOAD c:/program files/microchip/mplabc32/v2.02/bin/../lib/gcc/pic32mx/4.5.1/../../../../pic32mx/lib/speed/crt0.o
LOAD Objects\main.o
LOAD Objects\Driver LCD.o
LOAD Objects\heap_2.o
LOAD Objects\list.o
LOAD Objects\port.o
LOAD Objects\port_asm.o
LOAD Objects\queue.o
LOAD Objects\tasks.o
                0x00000400                PROVIDE (_min_stack_size, 0x400)
                0x00000000                PROVIDE (_min_heap_size, 0x0)
LOAD c:/program files/microchip/mplabc32/v2.02/bin/../lib/gcc/pic32mx/4.5.1/../../../../pic32mx/lib/./proc/32MX460F512L\processor.o
                0x00000001                PROVIDE (_vector_spacing, 0x1)
                0x9d006000                _ebase_address = 0x9d006000
                0x9d007970                _RESET_ADDR = 0x9d007970
                0x9d007cf0                _BEV_EXCPT_ADDR = 0x9d007cf0
                0x9d007df0                _DBG_EXCPT_ADDR = 0x9d007df0
                0xbfc02000                _DBG_CODE_ADDR = 0xbfc02000
                0x00000ff0                _DBG_CODE_SIZE = 0xff0
                0x9d006180                _GEN_EXCPT_ADDR = (_ebase_address + 0x180)

.config_BFC02FF0
 *(.config_BFC02FF0)

.config_BFC02FF4
                0xbfc02ff4        0x4
 *(.config_BFC02FF4)
 .config_BFC02FF4
                0xbfc02ff4        0x4 Objects\main.o

.config_BFC02FF8
                0xbfc02ff8        0x4
 *(.config_BFC02FF8)
 .config_BFC02FF8
                0xbfc02ff8        0x4 Objects\main.o

.config_BFC02FFC
                0xbfc02ffc        0x4
 *(.config_BFC02FFC)
 .config_BFC02FFC
                0xbfc02ffc        0x4 Objects\main.o
                0xbfc02000                PROVIDE (_DBG_CODE_ADDR, 0xbfc02000)
                0x00000ff0                PROVIDE (_DBG_CODE_SIZE, 0xff0)

.reset          0x9d007970      0x1f4
 *(.reset)
 .reset         0x9d007970       0x10 c:/program files/microchip/mplabc32/v2.02/bin/../lib/gcc/pic32mx/4.5.1/../../../../pic32mx/lib/speed/crt0.o
                0x9d007970                _reset
 *(.reset.startup)
 .reset.startup
                0x9d007980      0x1e4 c:/program files/microchip/mplabc32/v2.02/bin/../lib/gcc/pic32mx/4.5.1/../../../../pic32mx/lib/speed/crt0.o

.bev_excpt      0x9d007cf0       0x10
 *(.bev_handler)
 .bev_handler   0x9d007cf0       0x10 c:/program files/microchip/mplabc32/v2.02/bin/../lib/gcc/pic32mx/4.5.1/../../../../pic32mx/lib/speed/crt0.o

.dbg_excpt      0x9d007df0        0x0
                0x9d007df0                . = (. + DEFINED (_DEBUGGER)?0x8:0x0)

.dbg_code       0xbfc02000        0x0
                0xbfc02000                . = (. + DEFINED (_DEBUGGER)?_DBG_CODE_SIZE:0x0)

.app_excpt      0x9d006180       0x10
 *(.gen_handler)
 .gen_handler   0x9d006180       0x10 c:/program files/microchip/mplabc32/v2.02/bin/../lib/gcc/pic32mx/4.5.1/../../../../pic32mx/lib/speed/crt0.o

.vector_0       0x9d006200        0x0
 *(.vector_0)
                0x00000001                ASSERT (((_vector_spacing == 0x0) || (SIZEOF (.vector_0) <= (_vector_spacing << 0x5))), function at exception vector 0 too large)

.vector_1       0x9d006220        0x8
 *(.vector_1)
 .vector_1      0x9d006220        0x8 Objects\port.o
                0x00000001                ASSERT (((_vector_spacing == 0x0) || (SIZEOF (.vector_1) <= (_vector_spacing << 0x5))), function at exception vector 1 too large)

.vector_2       0x9d006240        0x0
 *(.vector_2)
                0x00000001                ASSERT (((_vector_spacing == 0x0) || (SIZEOF (.vector_2) <= (_vector_spacing << 0x5))), function at exception vector 2 too large)

.vector_3       0x9d006260        0x0
 *(.vector_3)
                0x00000001                ASSERT (((_vector_spacing == 0x0) || (SIZEOF (.vector_3) <= (_vector_spacing << 0x5))), function at exception vector 3 too large)

.vector_4       0x9d006280        0x8
 *(.vector_4)
 .vector_4      0x9d006280        0x8 Objects\port.o
                0x00000001                ASSERT (((_vector_spacing == 0x0) || (SIZEOF (.vector_4) <= (_vector_spacing << 0x5))), function at exception vector 4 too large)

.vector_5       0x9d0062a0        0x0
 *(.vector_5)
                0x00000001                ASSERT (((_vector_spacing == 0x0) || (SIZEOF (.vector_5) <= (_vector_spacing << 0x5))), function at exception vector 5 too large)

.vector_6       0x9d0062c0        0x0
 *(.vector_6)
                0x00000001                ASSERT (((_vector_spacing == 0x0) || (SIZEOF (.vector_6) <= (_vector_spacing << 0x5))), function at exception vector 6 too large)

.vector_7       0x9d0062e0        0x0
 *(.vector_7)
                0x00000001                ASSERT (((_vector_spacing == 0x0) || (SIZEOF (.vector_7) <= (_vector_spacing << 0x5))), function at exception vector 7 too large)

.vector_8       0x9d006300        0x0
 *(.vector_8)
                0x00000001                ASSERT (((_vector_spacing == 0x0) || (SIZEOF (.vector_8) <= (_vector_spacing << 0x5))), function at exception vector 8 too large)

.vector_9       0x9d006320        0x0
 *(.vector_9)
                0x00000001                ASSERT (((_vector_spacing == 0x0) || (SIZEOF (.vector_9) <= (_vector_spacing << 0x5))), function at exception vector 9 too large)

.vector_10      0x9d006340        0x0
 *(.vector_10)
                0x00000001                ASSERT (((_vector_spacing == 0x0) || (SIZEOF (.vector_10) <= (_vector_spacing << 0x5))), function at exception vector 10 too large)

.vector_11      0x9d006360        0x0
 *(.vector_11)
                0x00000001                ASSERT (((_vector_spacing == 0x0) || (SIZEOF (.vector_11) <= (_vector_spacing << 0x5))), function at exception vector 11 too large)

.vector_12      0x9d006380        0x0
 *(.vector_12)
                0x00000001                ASSERT (((_vector_spacing == 0x0) || (SIZEOF (.vector_12) <= (_vector_spacing << 0x5))), function at exception vector 12 too large)

.vector_13      0x9d0063a0        0x0
 *(.vector_13)
                0x00000001                ASSERT (((_vector_spacing == 0x0) || (SIZEOF (.vector_13) <= (_vector_spacing << 0x5))), function at exception vector 13 too large)

.vector_14      0x9d0063c0        0x0
 *(.vector_14)
                0x00000001                ASSERT (((_vector_spacing == 0x0) || (SIZEOF (.vector_14) <= (_vector_spacing << 0x5))), function at exception vector 14 too large)

.vector_15      0x9d0063e0        0x0
 *(.vector_15)
                0x00000001                ASSERT (((_vector_spacing == 0x0) || (SIZEOF (.vector_15) <= (_vector_spacing << 0x5))), function at exception vector 15 too large)

.vector_16      0x9d006400        0x0
 *(.vector_16)
                0x00000001                ASSERT (((_vector_spacing == 0x0) || (SIZEOF (.vector_16) <= (_vector_spacing << 0x5))), function at exception vector 16 too large)

.vector_17      0x9d006420        0x0
 *(.vector_17)
                0x00000001                ASSERT (((_vector_spacing == 0x0) || (SIZEOF (.vector_17) <= (_vector_spacing << 0x5))), function at exception vector 17 too large)

.vector_18      0x9d006440        0x0
 *(.vector_18)
                0x00000001                ASSERT (((_vector_spacing == 0x0) || (SIZEOF (.vector_18) <= (_vector_spacing << 0x5))), function at exception vector 18 too large)

.vector_19      0x9d006460        0x0
 *(.vector_19)
                0x00000001                ASSERT (((_vector_spacing == 0x0) || (SIZEOF (.vector_19) <= (_vector_spacing << 0x5))), function at exception vector 19 too large)

.vector_20      0x9d006480        0x0
 *(.vector_20)
                0x00000001                ASSERT (((_vector_spacing == 0x0) || (SIZEOF (.vector_20) <= (_vector_spacing << 0x5))), function at exception vector 20 too large)

.vector_21      0x9d0064a0        0x0
 *(.vector_21)
                0x00000001                ASSERT (((_vector_spacing == 0x0) || (SIZEOF (.vector_21) <= (_vector_spacing << 0x5))), function at exception vector 21 too large)

.vector_22      0x9d0064c0        0x0
 *(.vector_22)
                0x00000001                ASSERT (((_vector_spacing == 0x0) || (SIZEOF (.vector_22) <= (_vector_spacing << 0x5))), function at exception vector 22 too large)

.vector_23      0x9d0064e0        0x0
 *(.vector_23)
                0x00000001                ASSERT (((_vector_spacing == 0x0) || (SIZEOF (.vector_23) <= (_vector_spacing << 0x5))), function at exception vector 23 too large)

.vector_24      0x9d006500        0x0
 *(.vector_24)
                0x00000001                ASSERT (((_vector_spacing == 0x0) || (SIZEOF (.vector_24) <= (_vector_spacing << 0x5))), function at exception vector 24 too large)

.vector_25      0x9d006520        0x0
 *(.vector_25)
                0x00000001                ASSERT (((_vector_spacing == 0x0) || (SIZEOF (.vector_25) <= (_vector_spacing << 0x5))), function at exception vector 25 too large)

.vector_26      0x9d006540        0x0
 *(.vector_26)
                0x00000001                ASSERT (((_vector_spacing == 0x0) || (SIZEOF (.vector_26) <= (_vector_spacing << 0x5))), function at exception vector 26 too large)

.vector_27      0x9d006560        0x0
 *(.vector_27)
                0x00000001                ASSERT (((_vector_spacing == 0x0) || (SIZEOF (.vector_27) <= (_vector_spacing << 0x5))), function at exception vector 27 too large)

.vector_28      0x9d006580        0x0
 *(.vector_28)
                0x00000001                ASSERT (((_vector_spacing == 0x0) || (SIZEOF (.vector_28) <= (_vector_spacing << 0x5))), function at exception vector 28 too large)

.vector_29      0x9d0065a0        0x0
 *(.vector_29)
                0x00000001                ASSERT (((_vector_spacing == 0x0) || (SIZEOF (.vector_29) <= (_vector_spacing << 0x5))), function at exception vector 29 too large)

.vector_30      0x9d0065c0        0x0
 *(.vector_30)
                0x00000001                ASSERT (((_vector_spacing == 0x0) || (SIZEOF (.vector_30) <= (_vector_spacing << 0x5))), function at exception vector 30 too large)

.vector_31      0x9d0065e0        0x0
 *(.vector_31)
                0x00000001                ASSERT (((_vector_spacing == 0x0) || (SIZEOF (.vector_31) <= (_vector_spacing << 0x5))), function at exception vector 31 too large)

.vector_32      0x9d006600        0x0
 *(.vector_32)
                0x00000001                ASSERT (((_vector_spacing == 0x0) || (SIZEOF (.vector_32) <= (_vector_spacing << 0x5))), function at exception vector 32 too large)

.vector_33      0x9d006620        0x0
 *(.vector_33)
                0x00000001                ASSERT (((_vector_spacing == 0x0) || (SIZEOF (.vector_33) <= (_vector_spacing << 0x5))), function at exception vector 33 too large)

.vector_34      0x9d006640        0x0
 *(.vector_34)
                0x00000001                ASSERT (((_vector_spacing == 0x0) || (SIZEOF (.vector_34) <= (_vector_spacing << 0x5))), function at exception vector 34 too large)

.vector_35      0x9d006660        0x0
 *(.vector_35)
                0x00000001                ASSERT (((_vector_spacing == 0x0) || (SIZEOF (.vector_35) <= (_vector_spacing << 0x5))), function at exception vector 35 too large)

.vector_36      0x9d006680        0x0
 *(.vector_36)
                0x00000001                ASSERT (((_vector_spacing == 0x0) || (SIZEOF (.vector_36) <= (_vector_spacing << 0x5))), function at exception vector 36 too large)

.vector_37      0x9d0066a0        0x0
 *(.vector_37)
                0x00000001                ASSERT (((_vector_spacing == 0x0) || (SIZEOF (.vector_37) <= (_vector_spacing << 0x5))), function at exception vector 37 too large)

.vector_38      0x9d0066c0        0x0
 *(.vector_38)
                0x00000001                ASSERT (((_vector_spacing == 0x0) || (SIZEOF (.vector_38) <= (_vector_spacing << 0x5))), function at exception vector 38 too large)

.vector_39      0x9d0066e0        0x0
 *(.vector_39)
                0x00000001                ASSERT (((_vector_spacing == 0x0) || (SIZEOF (.vector_39) <= (_vector_spacing << 0x5))), function at exception vector 39 too large)

.vector_40      0x9d006700        0x0
 *(.vector_40)
                0x00000001                ASSERT (((_vector_spacing == 0x0) || (SIZEOF (.vector_40) <= (_vector_spacing << 0x5))), function at exception vector 40 too large)

.vector_41      0x9d006720        0x0
 *(.vector_41)
                0x00000001                ASSERT (((_vector_spacing == 0x0) || (SIZEOF (.vector_41) <= (_vector_spacing << 0x5))), function at exception vector 41 too large)

.vector_42      0x9d006740        0x0
 *(.vector_42)
                0x00000001                ASSERT (((_vector_spacing == 0x0) || (SIZEOF (.vector_42) <= (_vector_spacing << 0x5))), function at exception vector 42 too large)

.vector_43      0x9d006760        0x0
 *(.vector_43)
                0x00000001                ASSERT (((_vector_spacing == 0x0) || (SIZEOF (.vector_43) <= (_vector_spacing << 0x5))), function at exception vector 43 too large)

.vector_44      0x9d006780        0x0
 *(.vector_44)
                0x00000001                ASSERT (((_vector_spacing == 0x0) || (SIZEOF (.vector_44) <= (_vector_spacing << 0x5))), function at exception vector 44 too large)

.vector_45      0x9d0067a0        0x0
 *(.vector_45)
                0x00000001                ASSERT (((_vector_spacing == 0x0) || (SIZEOF (.vector_45) <= (_vector_spacing << 0x5))), function at exception vector 45 too large)

.vector_46      0x9d0067c0        0x0
 *(.vector_46)
                0x00000001                ASSERT (((_vector_spacing == 0x0) || (SIZEOF (.vector_46) <= (_vector_spacing << 0x5))), function at exception vector 46 too large)

.vector_47      0x9d0067e0        0x0
 *(.vector_47)
                0x00000001                ASSERT (((_vector_spacing == 0x0) || (SIZEOF (.vector_47) <= (_vector_spacing << 0x5))), function at exception vector 47 too large)

.vector_48      0x9d006800        0x0
 *(.vector_48)
                0x00000001                ASSERT (((_vector_spacing == 0x0) || (SIZEOF (.vector_48) <= (_vector_spacing << 0x5))), function at exception vector 48 too large)

.vector_49      0x9d006820        0x0
 *(.vector_49)
                0x00000001                ASSERT (((_vector_spacing == 0x0) || (SIZEOF (.vector_49) <= (_vector_spacing << 0x5))), function at exception vector 49 too large)

.vector_50      0x9d006840        0x0
 *(.vector_50)
                0x00000001                ASSERT (((_vector_spacing == 0x0) || (SIZEOF (.vector_50) <= (_vector_spacing << 0x5))), function at exception vector 50 too large)

.vector_51      0x9d006860        0x0
 *(.vector_51)
                0x00000001                ASSERT (((_vector_spacing == 0x0) || (SIZEOF (.vector_51) <= (_vector_spacing << 0x5))), function at exception vector 51 too large)

.vector_52      0x9d006880        0x0
 *(.vector_52)
                0x00000001                ASSERT (((_vector_spacing == 0x0) || (SIZEOF (.vector_52) <= (_vector_spacing << 0x5))), function at exception vector 52 too large)

.vector_53      0x9d0068a0        0x0
 *(.vector_53)
                0x00000001                ASSERT (((_vector_spacing == 0x0) || (SIZEOF (.vector_53) <= (_vector_spacing << 0x5))), function at exception vector 53 too large)

.vector_54      0x9d0068c0        0x0
 *(.vector_54)
                0x00000001                ASSERT (((_vector_spacing == 0x0) || (SIZEOF (.vector_54) <= (_vector_spacing << 0x5))), function at exception vector 54 too large)

.vector_55      0x9d0068e0        0x0
 *(.vector_55)
                0x00000001                ASSERT (((_vector_spacing == 0x0) || (SIZEOF (.vector_55) <= (_vector_spacing << 0x5))), function at exception vector 55 too large)

.vector_56      0x9d006900        0x0
 *(.vector_56)
                0x00000001                ASSERT (((_vector_spacing == 0x0) || (SIZEOF (.vector_56) <= (_vector_spacing << 0x5))), function at exception vector 56 too large)

.vector_57      0x9d006920        0x0
 *(.vector_57)
                0x00000001                ASSERT (((_vector_spacing == 0x0) || (SIZEOF (.vector_57) <= (_vector_spacing << 0x5))), function at exception vector 57 too large)

.vector_58      0x9d006940        0x0
 *(.vector_58)
                0x00000001                ASSERT (((_vector_spacing == 0x0) || (SIZEOF (.vector_58) <= (_vector_spacing << 0x5))), function at exception vector 58 too large)

.vector_59      0x9d006960        0x0
 *(.vector_59)
                0x00000001                ASSERT (((_vector_spacing == 0x0) || (SIZEOF (.vector_59) <= (_vector_spacing << 0x5))), function at exception vector 59 too large)

.vector_60      0x9d006980        0x0
 *(.vector_60)
                0x00000001                ASSERT (((_vector_spacing == 0x0) || (SIZEOF (.vector_60) <= (_vector_spacing << 0x5))), function at exception vector 60 too large)

.vector_61      0x9d0069a0        0x0
 *(.vector_61)
                0x00000001                ASSERT (((_vector_spacing == 0x0) || (SIZEOF (.vector_61) <= (_vector_spacing << 0x5))), function at exception vector 61 too large)

.vector_62      0x9d0069c0        0x0
 *(.vector_62)
                0x00000001                ASSERT (((_vector_spacing == 0x0) || (SIZEOF (.vector_62) <= (_vector_spacing << 0x5))), function at exception vector 62 too large)

.vector_63      0x9d0069e0        0x0
 *(.vector_63)
                0x00000001                ASSERT (((_vector_spacing == 0x0) || (SIZEOF (.vector_63) <= (_vector_spacing << 0x5))), function at exception vector 63 too large)

.startup
 *(.startup)

.text
 *(.stub .gnu.linkonce.t.*)
 *(.text.*personality*)
 *(.mips16.fn.*)
 *(.mips16.call.*)
 *(.gnu.warning)

.rodata         0x9d007e00        0x0
 *(.rodata.* .gnu.linkonce.r.*)
 *(.rodata1)
                0x9d007e00                . = ALIGN (0x4)

.sdata2         0x9d007000        0x0
 *(.sdata2 .sdata2.* .gnu.linkonce.s2.*)
                0x9d007000                . = ALIGN (0x4)

.sbss2          0x9d007000        0x0
 *(.sbss2 .sbss2.* .gnu.linkonce.sb2.*)
                0x9d007000                . = ALIGN (0x4)

.eh_frame_hdr
 *(.eh_frame_hdr)

.eh_frame
 *(.eh_frame)

.dbg_data       0xa0000000        0x0
                0xa0000000                . = (. + DEFINED (_DEBUGGER)?0x200:0x0)

.persist        0xa0000000        0x0
                0xa0000000                _persist_begin = .
 *(.persist .persist.*)
                0xa0000000                . = ALIGN (0x4)
                0xa0000000                _persist_end = .

.eh_frame
 *(.eh_frame)
                0xa0000000                . = .
                0xa0007ff0                _gp = (ALIGN (0x10) + 0x7ff0)

.got
 *(.got.plt)
 *(.got)

.sdata          0xa0000000       0x10
                0xa0000000                _sdata_begin = .
 *(.sdata .sdata.* .gnu.linkonce.s.*)
 .sdata         0xa0000000        0x4 Objects\Driver LCD.o
                0xa0000000                xBlockTimeMutexLCD
 .sdata         0xa0000004        0x4 Objects\heap_2.o
 .sdata         0xa0000008        0x4 Objects\port.o
                0xa0000008                uxInterruptNesting
 .sdata         0xa000000c        0x4 Objects\tasks.o
                0xa000000c                xNextTaskUnblockTime
                0xa0000010                _sdata_end = .

.lit8
 *(.lit8)

.lit4
 *(.lit4)
                0xa0000010                . = ALIGN (0x4)
                0xa0000010                _data_end = .
                0xa0000010                _bss_begin = .

.sbss           0xa0000010       0x68
                0xa0000010                _sbss_begin = .
 *(.dynsbss)
 *(.sbss .sbss.* .gnu.linkonce.sb.*)
 .sbss          0xa0000010        0x4 Objects\main.o
                0xa0000010                Count
                0xa0000012                Count2
 .sbss          0xa0000014        0x4 Objects\Driver LCD.o
 .sbss          0xa0000018       0x14 Objects\heap_2.o
 .sbss          0xa000002c        0x4 Objects\port.o
                0xa000002c                uxSavedTaskStackPointer
 .sbss          0xa0000030       0x30 Objects\tasks.o
                0xa0000030                pxCurrentTCB
                0xa0000034                uxTasksDeleted
                0xa0000038                uxCurrentNumberOfTasks
                0xa000003c                xTickCount
                0xa0000040                uxTopUsedPriority
                0xa0000044                uxTopReadyPriority
                0xa0000048                xSchedulerRunning
                0xa000004c                uxSchedulerSuspended
                0xa0000050                uxMissedTicks
                0xa0000054                xMissedYield
                0xa0000058                xNumOfOverflows
                0xa000005c                uxTaskNumber
 *(.scommon)
 .scommon       0xa0000060        0xd Objects\main.o
                0xa0000060                Text2
                0xa0000068                Text
 .scommon       0xa000006d        0x1 Objects\Driver LCD.o
                0xa000006d                NLinea
 *fill*         0xa000006e        0x2 00
 .scommon       0xa0000070        0x8 Objects\tasks.o
                0xa0000070                pxDelayedTaskList
                0xa0000074                pxOverflowDelayedTaskList
                0xa0000078                _sbss_end = .

.bss            0xa0000078       0xc8
 *(.dynbss)
 *(COMMON)
 COMMON         0xa0000078       0xc8 Objects\tasks.o
                0xa0000078                pxReadyTasksLists
                0xa00000dc                xPendingReadyList
                0xa00000f0                xSuspendedTaskList
                0xa0000104                xDelayedTaskList1
                0xa0000118                xTasksWaitingTermination
                0xa000012c                xDelayedTaskList2
                0xa0000140                . = ALIGN (0x4)
                0xa0000140                . = ALIGN (0x4)
                0xa0000140                _end = .
                0xa0000140                _bss_end = .
                0x00008000                _bmxdudba_address = 0x8000
                0x00008000                _bmxdupba_address = 0x8000

/DISCARD/
 *(.pdr)
 *(.reginfo)
 *(.rel.dyn)
 *(.note.GNU-stack)
 *(.note.GNU-stack)
 *(.gnu_debuglink)
 *(.gnu.lto_*)
 *(.discard)

.stab
 *(.stab)

.stabstr
 *(.stabstr)

.stab.excl
 *(.stab.excl)

.stab.exclstr
 *(.stab.exclstr)

.stab.index
 *(.stab.index)

.stab.indexstr
 *(.stab.indexstr)

.comment        0x00000000      0x14c
 *(.comment)
 .comment       0x00000000       0x51 Objects\main.o
                                 0x52 (size before relaxing)
 .comment       0x00000000       0x52 Objects\Driver LCD.o
 .comment       0x00000000       0x52 Objects\heap_2.o
 .comment       0x00000000       0x52 Objects\list.o
 .comment       0x00000000       0x52 Objects\port.o
 .comment       0x00000000       0x52 Objects\queue.o
 .comment       0x00000000       0x52 Objects\tasks.o
 .comment       0x00000051       0x55 c:/program files/microchip/mplabc32/v2.02/bin/../lib/gcc/pic32mx/4.5.1/../../../../pic32mx/lib/speed\libc.a(memcmp.o)
                                 0x56 (size before relaxing)
 .comment       0x000000a6       0x55 c:/program files/microchip/mplabc32/v2.02/bin/../lib/gcc/pic32mx/4.5.1/../../../../pic32mx/lib/speed\libc.a(memset.o)
                                 0x56 (size before relaxing)
 .comment       0x00000000       0x52 c:/program files/microchip/mplabc32/v2.02/bin/../lib/gcc/pic32mx/4.5.1/../../../../pic32mx/lib/speed\libc.a(strncpy.o)
 .comment       0x00000000       0x52 c:/program files/microchip/mplabc32/v2.02/bin/../lib/gcc/pic32mx/4.5.1/../../../../pic32mx/lib/speed\libc.a(default-bootstrap-exception-handler.o)
 .comment       0x00000000       0x52 c:/program files/microchip/mplabc32/v2.02/bin/../lib/gcc/pic32mx/4.5.1/../../../../pic32mx/lib/speed\libc.a(default-on-reset.o)
 .comment       0x00000000       0x52 c:/program files/microchip/mplabc32/v2.02/bin/../lib/gcc/pic32mx/4.5.1/../../../../pic32mx/lib/speed\libc.a(default-on-bootstrap.o)
 .comment       0x000000fb       0x51 c:/program files/microchip/mplabc32/v2.02/bin/../lib/gcc/pic32mx/4.5.1/../../../../pic32mx/lib/speed\libmchp_peripheral_32MX460F512L.a(pcache.o)
                                 0x52 (size before relaxing)
 .comment       0x00000000       0x52 c:/program files/microchip/mplabc32/v2.02/bin/../lib/gcc/pic32mx/4.5.1/../../../../pic32mx/lib/speed\libmchp_peripheral_32MX460F512L.a(set_core_sw0_leg_lib.o)
 .comment       0x00000000       0x52 c:/program files/microchip/mplabc32/v2.02/bin/../lib/gcc/pic32mx/4.5.1/../../../../pic32mx/lib/speed\libmchp_peripheral_32MX460F512L.a(int_disable_interrupts_lib.o)
 .comment       0x00000000       0x52 c:/program files/microchip/mplabc32/v2.02/bin/../lib/gcc/pic32mx/4.5.1/../../../../pic32mx/lib/speed\libmchp_peripheral_32MX460F512L.a(int_restore_interrupts_lib.o)
 .comment       0x00000000       0x52 c:/program files/microchip/mplabc32/v2.02/bin/../lib/gcc/pic32mx/4.5.1/../../../../pic32mx/lib/speed\libmchp_peripheral_32MX460F512L.a(int_enable_mv_int_lib.o)
 .comment       0x00000000       0x52 c:/program files/microchip/mplabc32/v2.02/bin/../lib/gcc/pic32mx/4.5.1/../../../../pic32mx/lib/speed\libmchp_peripheral_32MX460F512L.a(int_enable_interrupts_lib.o)

.debug
 *(.debug)

.line
 *(.line)

.debug_srcinfo
 *(.debug_srcinfo)

.debug_sfnames
 *(.debug_sfnames)

.debug_aranges  0x00000000      0x248
 *(.debug_aranges)
 .debug_aranges
                0x00000000       0x20 Objects\main.o
 .debug_aranges
                0x00000020       0x20 Objects\Driver LCD.o
 .debug_aranges
                0x00000040       0x20 Objects\heap_2.o
 .debug_aranges
                0x00000060       0x20 Objects\list.o
 .debug_aranges
                0x00000080       0x20 Objects\port.o
 .debug_aranges
                0x000000a0       0x20 Objects\port_asm.o
 .debug_aranges
                0x000000c0       0x20 Objects\queue.o
 .debug_aranges
                0x000000e0       0x20 Objects\tasks.o
 .debug_aranges
                0x00000100       0x20 c:/program files/microchip/mplabc32/v2.02/bin/../lib/gcc/pic32mx/4.5.1/../../../../pic32mx/lib/speed\libc.a(strncpy.o)
 .debug_aranges
                0x00000120       0x20 c:/program files/microchip/mplabc32/v2.02/bin/../lib/gcc/pic32mx/4.5.1/../../../../pic32mx/lib/speed\libc.a(default-bootstrap-exception-handler.o)
 .debug_aranges
                0x00000140       0x20 c:/program files/microchip/mplabc32/v2.02/bin/../lib/gcc/pic32mx/4.5.1/../../../../pic32mx/lib/speed\libc.a(default-on-reset.o)
 .debug_aranges
                0x00000160       0x20 c:/program files/microchip/mplabc32/v2.02/bin/../lib/gcc/pic32mx/4.5.1/../../../../pic32mx/lib/speed\libc.a(default-on-bootstrap.o)
 .debug_aranges
                0x00000180       0x28 c:/program files/microchip/mplabc32/v2.02/bin/../lib/gcc/pic32mx/4.5.1/../../../../pic32mx/lib/speed\libmchp_peripheral_32MX460F512L.a(pcache.o)
 .debug_aranges
                0x000001a8       0x20 c:/program files/microchip/mplabc32/v2.02/bin/../lib/gcc/pic32mx/4.5.1/../../../../pic32mx/lib/speed\libmchp_peripheral_32MX460F512L.a(set_core_sw0_leg_lib.o)
 .debug_aranges
                0x000001c8       0x20 c:/program files/microchip/mplabc32/v2.02/bin/../lib/gcc/pic32mx/4.5.1/../../../../pic32mx/lib/speed\libmchp_peripheral_32MX460F512L.a(int_disable_interrupts_lib.o)
 .debug_aranges
                0x000001e8       0x20 c:/program files/microchip/mplabc32/v2.02/bin/../lib/gcc/pic32mx/4.5.1/../../../../pic32mx/lib/speed\libmchp_peripheral_32MX460F512L.a(int_restore_interrupts_lib.o)
 .debug_aranges
                0x00000208       0x20 c:/program files/microchip/mplabc32/v2.02/bin/../lib/gcc/pic32mx/4.5.1/../../../../pic32mx/lib/speed\libmchp_peripheral_32MX460F512L.a(int_enable_mv_int_lib.o)
 .debug_aranges
                0x00000228       0x20 c:/program files/microchip/mplabc32/v2.02/bin/../lib/gcc/pic32mx/4.5.1/../../../../pic32mx/lib/speed\libmchp_peripheral_32MX460F512L.a(int_enable_interrupts_lib.o)

.debug_pubnames
                0x00000000      0xba8
 *(.debug_pubnames)
 .debug_pubnames
                0x00000000       0x8e Objects\main.o
 .debug_pubnames
                0x0000008e       0xb1 Objects\Driver LCD.o
 .debug_pubnames
                0x0000013f       0x64 Objects\heap_2.o
 .debug_pubnames
                0x000001a3       0x71 Objects\list.o
 .debug_pubnames
                0x00000214      0x123 Objects\port.o
 .debug_pubnames
                0x00000337      0x15e Objects\queue.o
 .debug_pubnames
                0x00000495      0x56c Objects\tasks.o
 .debug_pubnames
                0x00000a01       0x1e c:/program files/microchip/mplabc32/v2.02/bin/../lib/gcc/pic32mx/4.5.1/../../../../pic32mx/lib/speed\libc.a(strncpy.o)
 .debug_pubnames
                0x00000a1f       0x33 c:/program files/microchip/mplabc32/v2.02/bin/../lib/gcc/pic32mx/4.5.1/../../../../pic32mx/lib/speed\libc.a(default-bootstrap-exception-handler.o)
 .debug_pubnames
                0x00000a52       0x20 c:/program files/microchip/mplabc32/v2.02/bin/../lib/gcc/pic32mx/4.5.1/../../../../pic32mx/lib/speed\libc.a(default-on-reset.o)
 .debug_pubnames
                0x00000a72       0x24 c:/program files/microchip/mplabc32/v2.02/bin/../lib/gcc/pic32mx/4.5.1/../../../../pic32mx/lib/speed\libc.a(default-on-bootstrap.o)
 .debug_pubnames
                0x00000a96       0x3b c:/program files/microchip/mplabc32/v2.02/bin/../lib/gcc/pic32mx/4.5.1/../../../../pic32mx/lib/speed\libmchp_peripheral_32MX460F512L.a(pcache.o)
 .debug_pubnames
                0x00000ad1       0x21 c:/program files/microchip/mplabc32/v2.02/bin/../lib/gcc/pic32mx/4.5.1/../../../../pic32mx/lib/speed\libmchp_peripheral_32MX460F512L.a(set_core_sw0_leg_lib.o)
 .debug_pubnames
                0x00000af2       0x2b c:/program files/microchip/mplabc32/v2.02/bin/../lib/gcc/pic32mx/4.5.1/../../../../pic32mx/lib/speed\libmchp_peripheral_32MX460F512L.a(int_disable_interrupts_lib.o)
 .debug_pubnames
                0x00000b1d       0x2b c:/program files/microchip/mplabc32/v2.02/bin/../lib/gcc/pic32mx/4.5.1/../../../../pic32mx/lib/speed\libmchp_peripheral_32MX460F512L.a(int_restore_interrupts_lib.o)
 .debug_pubnames
                0x00000b48       0x36 c:/program files/microchip/mplabc32/v2.02/bin/../lib/gcc/pic32mx/4.5.1/../../../../pic32mx/lib/speed\libmchp_peripheral_32MX460F512L.a(int_enable_mv_int_lib.o)
 .debug_pubnames
                0x00000b7e       0x2a c:/program files/microchip/mplabc32/v2.02/bin/../lib/gcc/pic32mx/4.5.1/../../../../pic32mx/lib/speed\libmchp_peripheral_32MX460F512L.a(int_enable_interrupts_lib.o)

.debug_info     0x00000000     0xb027
 *(.debug_info .gnu.linkonce.wi.*)
 .debug_info    0x00000000     0x1a84 Objects\main.o
 .debug_info    0x00001a84     0x16cc Objects\Driver LCD.o
 .debug_info    0x00003150     0x126e Objects\heap_2.o
 .debug_info    0x000043be     0x1232 Objects\list.o
 .debug_info    0x000055f0     0x13a8 Objects\port.o
 .debug_info    0x00006998       0x86 Objects\port_asm.o
 .debug_info    0x00006a1e     0x19ca Objects\queue.o
 .debug_info    0x000083e8     0x23df Objects\tasks.o
 .debug_info    0x0000a7c7       0xd3 c:/program files/microchip/mplabc32/v2.02/bin/../lib/gcc/pic32mx/4.5.1/../../../../pic32mx/lib/speed\libc.a(strncpy.o)
 .debug_info    0x0000a89a      0x106 c:/program files/microchip/mplabc32/v2.02/bin/../lib/gcc/pic32mx/4.5.1/../../../../pic32mx/lib/speed\libc.a(default-bootstrap-exception-handler.o)
 .debug_info    0x0000a9a0       0xe0 c:/program files/microchip/mplabc32/v2.02/bin/../lib/gcc/pic32mx/4.5.1/../../../../pic32mx/lib/speed\libc.a(default-on-reset.o)
 .debug_info    0x0000aa80       0xe8 c:/program files/microchip/mplabc32/v2.02/bin/../lib/gcc/pic32mx/4.5.1/../../../../pic32mx/lib/speed\libc.a(default-on-bootstrap.o)
 .debug_info    0x0000ab68       0xd4 c:/program files/microchip/mplabc32/v2.02/bin/../lib/gcc/pic32mx/4.5.1/../../../../pic32mx/lib/speed\libmchp_peripheral_32MX460F512L.a(pcache.o)
 .debug_info    0x0000ac3c       0xbb c:/program files/microchip/mplabc32/v2.02/bin/../lib/gcc/pic32mx/4.5.1/../../../../pic32mx/lib/speed\libmchp_peripheral_32MX460F512L.a(set_core_sw0_leg_lib.o)
 .debug_info    0x0000acf7       0xcb c:/program files/microchip/mplabc32/v2.02/bin/../lib/gcc/pic32mx/4.5.1/../../../../pic32mx/lib/speed\libmchp_peripheral_32MX460F512L.a(int_disable_interrupts_lib.o)
 .debug_info    0x0000adc2       0xcb c:/program files/microchip/mplabc32/v2.02/bin/../lib/gcc/pic32mx/4.5.1/../../../../pic32mx/lib/speed\libmchp_peripheral_32MX460F512L.a(int_restore_interrupts_lib.o)
 .debug_info    0x0000ae8d       0xd1 c:/program files/microchip/mplabc32/v2.02/bin/../lib/gcc/pic32mx/4.5.1/../../../../pic32mx/lib/speed\libmchp_peripheral_32MX460F512L.a(int_enable_mv_int_lib.o)
 .debug_info    0x0000af5e       0xc9 c:/program files/microchip/mplabc32/v2.02/bin/../lib/gcc/pic32mx/4.5.1/../../../../pic32mx/lib/speed\libmchp_peripheral_32MX460F512L.a(int_enable_interrupts_lib.o)

.debug_abbrev   0x00000000     0x120e
 *(.debug_abbrev)
 .debug_abbrev  0x00000000      0x324 Objects\main.o
 .debug_abbrev  0x00000324      0x235 Objects\Driver LCD.o
 .debug_abbrev  0x00000559      0x27a Objects\heap_2.o
 .debug_abbrev  0x000007d3      0x1de Objects\list.o
 .debug_abbrev  0x000009b1      0x23a Objects\port.o
 .debug_abbrev  0x00000beb       0x14 Objects\port_asm.o
 .debug_abbrev  0x00000bff      0x23c Objects\queue.o
 .debug_abbrev  0x00000e3b      0x261 Objects\tasks.o
 .debug_abbrev  0x0000109c       0x25 c:/program files/microchip/mplabc32/v2.02/bin/../lib/gcc/pic32mx/4.5.1/../../../../pic32mx/lib/speed\libc.a(strncpy.o)
 .debug_abbrev  0x000010c1       0x25 c:/program files/microchip/mplabc32/v2.02/bin/../lib/gcc/pic32mx/4.5.1/../../../../pic32mx/lib/speed\libc.a(default-bootstrap-exception-handler.o)
 .debug_abbrev  0x000010e6       0x25 c:/program files/microchip/mplabc32/v2.02/bin/../lib/gcc/pic32mx/4.5.1/../../../../pic32mx/lib/speed\libc.a(default-on-reset.o)
 .debug_abbrev  0x0000110b       0x25 c:/program files/microchip/mplabc32/v2.02/bin/../lib/gcc/pic32mx/4.5.1/../../../../pic32mx/lib/speed\libc.a(default-on-bootstrap.o)
 .debug_abbrev  0x00001130       0x25 c:/program files/microchip/mplabc32/v2.02/bin/../lib/gcc/pic32mx/4.5.1/../../../../pic32mx/lib/speed\libmchp_peripheral_32MX460F512L.a(pcache.o)
 .debug_abbrev  0x00001155       0x25 c:/program files/microchip/mplabc32/v2.02/bin/../lib/gcc/pic32mx/4.5.1/../../../../pic32mx/lib/speed\libmchp_peripheral_32MX460F512L.a(set_core_sw0_leg_lib.o)
 .debug_abbrev  0x0000117a       0x25 c:/program files/microchip/mplabc32/v2.02/bin/../lib/gcc/pic32mx/4.5.1/../../../../pic32mx/lib/speed\libmchp_peripheral_32MX460F512L.a(int_disable_interrupts_lib.o)
 .debug_abbrev  0x0000119f       0x25 c:/program files/microchip/mplabc32/v2.02/bin/../lib/gcc/pic32mx/4.5.1/../../../../pic32mx/lib/speed\libmchp_peripheral_32MX460F512L.a(int_restore_interrupts_lib.o)
 .debug_abbrev  0x000011c4       0x25 c:/program files/microchip/mplabc32/v2.02/bin/../lib/gcc/pic32mx/4.5.1/../../../../pic32mx/lib/speed\libmchp_peripheral_32MX460F512L.a(int_enable_mv_int_lib.o)
 .debug_abbrev  0x000011e9       0x25 c:/program files/microchip/mplabc32/v2.02/bin/../lib/gcc/pic32mx/4.5.1/../../../../pic32mx/lib/speed\libmchp_peripheral_32MX460F512L.a(int_enable_interrupts_lib.o)

.debug_line     0x00000000     0x1a62
 *(.debug_line)
 .debug_line    0x00000000      0x283 Objects\main.o
 .debug_line    0x00000283      0x307 Objects\Driver LCD.o
 .debug_line    0x0000058a      0x228 Objects\heap_2.o
 .debug_line    0x000007b2      0x212 Objects\list.o
 .debug_line    0x000009c4      0x22d Objects\port.o
 .debug_line    0x00000bf1       0xe5 Objects\port_asm.o
 .debug_line    0x00000cd6      0x3ca Objects\queue.o
 .debug_line    0x000010a0      0x4d5 Objects\tasks.o
 .debug_line    0x00001575       0x88 c:/program files/microchip/mplabc32/v2.02/bin/../lib/gcc/pic32mx/4.5.1/../../../../pic32mx/lib/speed\libc.a(strncpy.o)
 .debug_line    0x000015fd       0xa6 c:/program files/microchip/mplabc32/v2.02/bin/../lib/gcc/pic32mx/4.5.1/../../../../pic32mx/lib/speed\libc.a(default-bootstrap-exception-handler.o)
 .debug_line    0x000016a3       0x93 c:/program files/microchip/mplabc32/v2.02/bin/../lib/gcc/pic32mx/4.5.1/../../../../pic32mx/lib/speed\libc.a(default-on-reset.o)
 .debug_line    0x00001736       0x97 c:/program files/microchip/mplabc32/v2.02/bin/../lib/gcc/pic32mx/4.5.1/../../../../pic32mx/lib/speed\libc.a(default-on-bootstrap.o)
 .debug_line    0x000017cd       0x62 c:/program files/microchip/mplabc32/v2.02/bin/../lib/gcc/pic32mx/4.5.1/../../../../pic32mx/lib/speed\libmchp_peripheral_32MX460F512L.a(pcache.o)
 .debug_line    0x0000182f       0x6d c:/program files/microchip/mplabc32/v2.02/bin/../lib/gcc/pic32mx/4.5.1/../../../../pic32mx/lib/speed\libmchp_peripheral_32MX460F512L.a(set_core_sw0_leg_lib.o)
 .debug_line    0x0000189c       0x73 c:/program files/microchip/mplabc32/v2.02/bin/../lib/gcc/pic32mx/4.5.1/../../../../pic32mx/lib/speed\libmchp_peripheral_32MX460F512L.a(int_disable_interrupts_lib.o)
 .debug_line    0x0000190f       0x73 c:/program files/microchip/mplabc32/v2.02/bin/../lib/gcc/pic32mx/4.5.1/../../../../pic32mx/lib/speed\libmchp_peripheral_32MX460F512L.a(int_restore_interrupts_lib.o)
 .debug_line    0x00001982       0x6e c:/program files/microchip/mplabc32/v2.02/bin/../lib/gcc/pic32mx/4.5.1/../../../../pic32mx/lib/speed\libmchp_peripheral_32MX460F512L.a(int_enable_mv_int_lib.o)
 .debug_line    0x000019f0       0x72 c:/program files/microchip/mplabc32/v2.02/bin/../lib/gcc/pic32mx/4.5.1/../../../../pic32mx/lib/speed\libmchp_peripheral_32MX460F512L.a(int_enable_interrupts_lib.o)

.debug_frame    0x00000000      0x96c
 *(.debug_frame)
 .debug_frame   0x00000000       0xa4 Objects\main.o
 .debug_frame   0x000000a4       0xe8 Objects\Driver LCD.o
 .debug_frame   0x0000018c       0x60 Objects\heap_2.o
 .debug_frame   0x000001ec       0x6c Objects\list.o
 .debug_frame   0x00000258       0x98 Objects\port.o
 .debug_frame   0x000002f0      0x1b4 Objects\queue.o
 .debug_frame   0x000004a4      0x370 Objects\tasks.o
 .debug_frame   0x00000814       0x20 c:/program files/microchip/mplabc32/v2.02/bin/../lib/gcc/pic32mx/4.5.1/../../../../pic32mx/lib/speed\libc.a(strncpy.o)
 .debug_frame   0x00000834       0x20 c:/program files/microchip/mplabc32/v2.02/bin/../lib/gcc/pic32mx/4.5.1/../../../../pic32mx/lib/speed\libc.a(default-bootstrap-exception-handler.o)
 .debug_frame   0x00000854       0x20 c:/program files/microchip/mplabc32/v2.02/bin/../lib/gcc/pic32mx/4.5.1/../../../../pic32mx/lib/speed\libc.a(default-on-reset.o)
 .debug_frame   0x00000874       0x20 c:/program files/microchip/mplabc32/v2.02/bin/../lib/gcc/pic32mx/4.5.1/../../../../pic32mx/lib/speed\libc.a(default-on-bootstrap.o)
 .debug_frame   0x00000894       0x30 c:/program files/microchip/mplabc32/v2.02/bin/../lib/gcc/pic32mx/4.5.1/../../../../pic32mx/lib/speed\libmchp_peripheral_32MX460F512L.a(pcache.o)
 .debug_frame   0x000008c4       0x20 c:/program files/microchip/mplabc32/v2.02/bin/../lib/gcc/pic32mx/4.5.1/../../../../pic32mx/lib/speed\libmchp_peripheral_32MX460F512L.a(set_core_sw0_leg_lib.o)
 .debug_frame   0x000008e4       0x20 c:/program files/microchip/mplabc32/v2.02/bin/../lib/gcc/pic32mx/4.5.1/../../../../pic32mx/lib/speed\libmchp_peripheral_32MX460F512L.a(int_disable_interrupts_lib.o)
 .debug_frame   0x00000904       0x20 c:/program files/microchip/mplabc32/v2.02/bin/../lib/gcc/pic32mx/4.5.1/../../../../pic32mx/lib/speed\libmchp_peripheral_32MX460F512L.a(int_restore_interrupts_lib.o)
 .debug_frame   0x00000924       0x28 c:/program files/microchip/mplabc32/v2.02/bin/../lib/gcc/pic32mx/4.5.1/../../../../pic32mx/lib/speed\libmchp_peripheral_32MX460F512L.a(int_enable_mv_int_lib.o)
 .debug_frame   0x0000094c       0x20 c:/program files/microchip/mplabc32/v2.02/bin/../lib/gcc/pic32mx/4.5.1/../../../../pic32mx/lib/speed\libmchp_peripheral_32MX460F512L.a(int_enable_interrupts_lib.o)

.debug_str      0x00000000      0xa78
 *(.debug_str)
 .debug_str     0x00000000      0x13e Objects\main.o
 .debug_str     0x0000013e      0x112 Objects\Driver LCD.o
 .debug_str     0x00000250       0xf8 Objects\heap_2.o
 .debug_str     0x00000348      0x10d Objects\list.o
 .debug_str     0x00000455      0x130 Objects\port.o
 .debug_str     0x00000585      0x19c Objects\queue.o
 .debug_str     0x00000721      0x357 Objects\tasks.o
 .debug_str     0x00000a78        0x0 c:/program files/microchip/mplabc32/v2.02/bin/../lib/gcc/pic32mx/4.5.1/../../../../pic32mx/lib/speed\libc.a(strncpy.o)
 .debug_str     0x00000a78        0x0 c:/program files/microchip/mplabc32/v2.02/bin/../lib/gcc/pic32mx/4.5.1/../../../../pic32mx/lib/speed\libc.a(default-bootstrap-exception-handler.o)
 .debug_str     0x00000a78        0x0 c:/program files/microchip/mplabc32/v2.02/bin/../lib/gcc/pic32mx/4.5.1/../../../../pic32mx/lib/speed\libc.a(default-on-reset.o)
 .debug_str     0x00000a78        0x0 c:/program files/microchip/mplabc32/v2.02/bin/../lib/gcc/pic32mx/4.5.1/../../../../pic32mx/lib/speed\libc.a(default-on-bootstrap.o)
 .debug_str     0x00000a78        0x0 c:/program files/microchip/mplabc32/v2.02/bin/../lib/gcc/pic32mx/4.5.1/../../../../pic32mx/lib/speed\libmchp_peripheral_32MX460F512L.a(pcache.o)
 .debug_str     0x00000a78        0x0 c:/program files/microchip/mplabc32/v2.02/bin/../lib/gcc/pic32mx/4.5.1/../../../../pic32mx/lib/speed\libmchp_peripheral_32MX460F512L.a(set_core_sw0_leg_lib.o)
 .debug_str     0x00000a78        0x0 c:/program files/microchip/mplabc32/v2.02/bin/../lib/gcc/pic32mx/4.5.1/../../../../pic32mx/lib/speed\libmchp_peripheral_32MX460F512L.a(int_disable_interrupts_lib.o)
 .debug_str     0x00000a78        0x0 c:/program files/microchip/mplabc32/v2.02/bin/../lib/gcc/pic32mx/4.5.1/../../../../pic32mx/lib/speed\libmchp_peripheral_32MX460F512L.a(int_restore_interrupts_lib.o)
 .debug_str     0x00000a78        0x0 c:/program files/microchip/mplabc32/v2.02/bin/../lib/gcc/pic32mx/4.5.1/../../../../pic32mx/lib/speed\libmchp_peripheral_32MX460F512L.a(int_enable_mv_int_lib.o)
 .debug_str     0x00000a78        0x0 c:/program files/microchip/mplabc32/v2.02/bin/../lib/gcc/pic32mx/4.5.1/../../../../pic32mx/lib/speed\libmchp_peripheral_32MX460F512L.a(int_enable_interrupts_lib.o)

.debug_loc
 *(.debug_loc)

.debug_macinfo
 *(.debug_macinfo)

.debug_weaknames
 *(.debug_weaknames)

.debug_funcnames
 *(.debug_funcnames)

.debug_typenames
 *(.debug_typenames)

.debug_varnames
 *(.debug_varnames)

.debug_pubtypes
                0x00000000      0x8a0
 *(.debug_pubtypes)
 .debug_pubtypes
                0x00000000      0x145 Objects\main.o
 .debug_pubtypes
                0x00000145      0x12b Objects\Driver LCD.o
 .debug_pubtypes
                0x00000270       0xf7 Objects\heap_2.o
 .debug_pubtypes
                0x00000367      0x125 Objects\list.o
 .debug_pubtypes
                0x0000048c       0xde Objects\port.o
 .debug_pubtypes
                0x0000056a      0x17f Objects\queue.o
 .debug_pubtypes
                0x000006e9      0x1b7 Objects\tasks.o

.debug_ranges   0x00000000       0xd8
 *(.debug_ranges)
 .debug_ranges  0x00000000       0x30 Objects\main.o
 .debug_ranges  0x00000030       0x10 c:/program files/microchip/mplabc32/v2.02/bin/../lib/gcc/pic32mx/4.5.1/../../../../pic32mx/lib/speed\libc.a(strncpy.o)
 .debug_ranges  0x00000040       0x10 c:/program files/microchip/mplabc32/v2.02/bin/../lib/gcc/pic32mx/4.5.1/../../../../pic32mx/lib/speed\libc.a(default-bootstrap-exception-handler.o)
 .debug_ranges  0x00000050       0x10 c:/program files/microchip/mplabc32/v2.02/bin/../lib/gcc/pic32mx/4.5.1/../../../../pic32mx/lib/speed\libc.a(default-on-reset.o)
 .debug_ranges  0x00000060       0x10 c:/program files/microchip/mplabc32/v2.02/bin/../lib/gcc/pic32mx/4.5.1/../../../../pic32mx/lib/speed\libc.a(default-on-bootstrap.o)
 .debug_ranges  0x00000070       0x18 c:/program files/microchip/mplabc32/v2.02/bin/../lib/gcc/pic32mx/4.5.1/../../../../pic32mx/lib/speed\libmchp_peripheral_32MX460F512L.a(pcache.o)
 .debug_ranges  0x00000088       0x10 c:/program files/microchip/mplabc32/v2.02/bin/../lib/gcc/pic32mx/4.5.1/../../../../pic32mx/lib/speed\libmchp_peripheral_32MX460F512L.a(set_core_sw0_leg_lib.o)
 .debug_ranges  0x00000098       0x10 c:/program files/microchip/mplabc32/v2.02/bin/../lib/gcc/pic32mx/4.5.1/../../../../pic32mx/lib/speed\libmchp_peripheral_32MX460F512L.a(int_disable_interrupts_lib.o)
 .debug_ranges  0x000000a8       0x10 c:/program files/microchip/mplabc32/v2.02/bin/../lib/gcc/pic32mx/4.5.1/../../../../pic32mx/lib/speed\libmchp_peripheral_32MX460F512L.a(int_restore_interrupts_lib.o)
 .debug_ranges  0x000000b8       0x10 c:/program files/microchip/mplabc32/v2.02/bin/../lib/gcc/pic32mx/4.5.1/../../../../pic32mx/lib/speed\libmchp_peripheral_32MX460F512L.a(int_enable_mv_int_lib.o)
 .debug_ranges  0x000000c8       0x10 c:/program files/microchip/mplabc32/v2.02/bin/../lib/gcc/pic32mx/4.5.1/../../../../pic32mx/lib/speed\libmchp_peripheral_32MX460F512L.a(int_enable_interrupts_lib.o)

.gnu.attributes
                0x00000000       0x10
 *(.gnu.attributes)
 .gnu.attributes
                0x00000000       0x10 Objects\main.o
 .gnu.attributes
                0x00000010       0x10 Objects\Driver LCD.o
 .gnu.attributes
                0x00000020       0x10 Objects\heap_2.o
 .gnu.attributes
                0x00000030       0x10 Objects\list.o
 .gnu.attributes
                0x00000040       0x10 Objects\port.o
 .gnu.attributes
                0x00000050       0x10 Objects\queue.o
 .gnu.attributes
                0x00000060       0x10 Objects\tasks.o
 .gnu.attributes
                0x00000070       0x10 c:/program files/microchip/mplabc32/v2.02/bin/../lib/gcc/pic32mx/4.5.1/../../../../pic32mx/lib/speed\libc.a(strncpy.o)
 .gnu.attributes
                0x00000080       0x10 c:/program files/microchip/mplabc32/v2.02/bin/../lib/gcc/pic32mx/4.5.1/../../../../pic32mx/lib/speed\libc.a(default-bootstrap-exception-handler.o)
 .gnu.attributes
                0x00000090       0x10 c:/program files/microchip/mplabc32/v2.02/bin/../lib/gcc/pic32mx/4.5.1/../../../../pic32mx/lib/speed\libc.a(default-on-reset.o)
 .gnu.attributes
                0x000000a0       0x10 c:/program files/microchip/mplabc32/v2.02/bin/../lib/gcc/pic32mx/4.5.1/../../../../pic32mx/lib/speed\libc.a(default-on-bootstrap.o)
 .gnu.attributes
                0x000000b0       0x10 c:/program files/microchip/mplabc32/v2.02/bin/../lib/gcc/pic32mx/4.5.1/../../../../pic32mx/lib/speed\libmchp_peripheral_32MX460F512L.a(pcache.o)
 .gnu.attributes
                0x000000c0       0x10 c:/program files/microchip/mplabc32/v2.02/bin/../lib/gcc/pic32mx/4.5.1/../../../../pic32mx/lib/speed\libmchp_peripheral_32MX460F512L.a(set_core_sw0_leg_lib.o)
 .gnu.attributes
                0x000000d0       0x10 c:/program files/microchip/mplabc32/v2.02/bin/../lib/gcc/pic32mx/4.5.1/../../../../pic32mx/lib/speed\libmchp_peripheral_32MX460F512L.a(int_disable_interrupts_lib.o)
 .gnu.attributes
                0x000000e0       0x10 c:/program files/microchip/mplabc32/v2.02/bin/../lib/gcc/pic32mx/4.5.1/../../../../pic32mx/lib/speed\libmchp_peripheral_32MX460F512L.a(int_restore_interrupts_lib.o)
 .gnu.attributes
                0x000000f0       0x10 c:/program files/microchip/mplabc32/v2.02/bin/../lib/gcc/pic32mx/4.5.1/../../../../pic32mx/lib/speed\libmchp_peripheral_32MX460F512L.a(int_enable_mv_int_lib.o)
 .gnu.attributes
                0x00000100       0x10 c:/program files/microchip/mplabc32/v2.02/bin/../lib/gcc/pic32mx/4.5.1/../../../../pic32mx/lib/speed\libmchp_peripheral_32MX460F512L.a(int_enable_interrupts_lib.o)
                0x00000001                __MPLAB_BUILD = 0x1
                0x00000001                __MPLAB_DEBUG = 0x1
                0x00000000                _min_heap_size = 0x0
                0x00000000                _min_heap_size = 0x0
LOAD c:/program files/microchip/mplabc32/v2.02/bin/../lib/gcc/pic32mx/4.5.1/speed\libgcc.a
START GROUP
LOAD c:/program files/microchip/mplabc32/v2.02/bin/../lib/gcc/pic32mx/4.5.1/../../../../pic32mx/lib/speed\libdebug.a
LOAD c:/program files/microchip/mplabc32/v2.02/bin/../lib/gcc/pic32mx/4.5.1/../../../../pic32mx/lib/speed\libc.a
LOAD c:/program files/microchip/mplabc32/v2.02/bin/../lib/gcc/pic32mx/4.5.1/../../../../pic32mx/lib/speed\libm.a
LOAD c:/program files/microchip/mplabc32/v2.02/bin/../lib/gcc/pic32mx/4.5.1/../../../../pic32mx/lib/speed\libe.a
LOAD c:/program files/microchip/mplabc32/v2.02/bin/../lib/gcc/pic32mx/4.5.1/../../../../pic32mx/lib/speed\libdsp.a
LOAD c:/program files/microchip/mplabc32/v2.02/bin/../lib/gcc/pic32mx/4.5.1/../../../../pic32mx/lib/speed\libmchp_peripheral.a
LOAD c:/program files/microchip/mplabc32/v2.02/bin/../lib/gcc/pic32mx/4.5.1/../../../../pic32mx/lib/speed\libmchp_peripheral_32MX460F512L.a
END GROUP
LOAD c:/program files/microchip/mplabc32/v2.02/bin/../lib/gcc/pic32mx/4.5.1/speed\libgcc.a
OUTPUT(Hex\FreeRTOS LCD.elf elf32-tradlittlemips)
LOAD stack
LOAD data_init

.stack          0xa0007500      0x400
 .stack         0xa0007500      0x400 stack

.bss            0xa0000140     0x73a0
 .bss           0xa0000140     0x6d60 Objects\heap_2.o
 .bss           0xa0006ea0      0x640 Objects\port.o
                0xa0006ea0                xISRStack

.mdebug.abi32%z1
                0x00000000        0x0
 .mdebug.abi32  0x00000000        0x0 c:/program files/microchip/mplabc32/v2.02/bin/../lib/gcc/pic32mx/4.5.1/../../../../pic32mx/lib/speed\libmchp_peripheral_32MX460F512L.a(int_enable_interrupts_lib.o)

.bss%z2         0x00000000        0x0
 .bss           0x00000000        0x0 c:/program files/microchip/mplabc32/v2.02/bin/../lib/gcc/pic32mx/4.5.1/../../../../pic32mx/lib/speed\libmchp_peripheral_32MX460F512L.a(int_enable_interrupts_lib.o)

.data%z3        0x00000000        0x0
 .data          0x00000000        0x0 c:/program files/microchip/mplabc32/v2.02/bin/../lib/gcc/pic32mx/4.5.1/../../../../pic32mx/lib/speed\libmchp_peripheral_32MX460F512L.a(int_enable_interrupts_lib.o)

.mdebug.abi32%z4
                0x00000000        0x0
 .mdebug.abi32  0x00000000        0x0 c:/program files/microchip/mplabc32/v2.02/bin/../lib/gcc/pic32mx/4.5.1/../../../../pic32mx/lib/speed\libmchp_peripheral_32MX460F512L.a(int_enable_mv_int_lib.o)

.bss%z5         0x00000000        0x0
 .bss           0x00000000        0x0 c:/program files/microchip/mplabc32/v2.02/bin/../lib/gcc/pic32mx/4.5.1/../../../../pic32mx/lib/speed\libmchp_peripheral_32MX460F512L.a(int_enable_mv_int_lib.o)

.data%z6        0x00000000        0x0
 .data          0x00000000        0x0 c:/program files/microchip/mplabc32/v2.02/bin/../lib/gcc/pic32mx/4.5.1/../../../../pic32mx/lib/speed\libmchp_peripheral_32MX460F512L.a(int_enable_mv_int_lib.o)

.mdebug.abi32%z7
                0x00000000        0x0
 .mdebug.abi32  0x00000000        0x0 c:/program files/microchip/mplabc32/v2.02/bin/../lib/gcc/pic32mx/4.5.1/../../../../pic32mx/lib/speed\libmchp_peripheral_32MX460F512L.a(int_restore_interrupts_lib.o)

.bss%z8         0x00000000        0x0
 .bss           0x00000000        0x0 c:/program files/microchip/mplabc32/v2.02/bin/../lib/gcc/pic32mx/4.5.1/../../../../pic32mx/lib/speed\libmchp_peripheral_32MX460F512L.a(int_restore_interrupts_lib.o)

.data%z9        0x00000000        0x0
 .data          0x00000000        0x0 c:/program files/microchip/mplabc32/v2.02/bin/../lib/gcc/pic32mx/4.5.1/../../../../pic32mx/lib/speed\libmchp_peripheral_32MX460F512L.a(int_restore_interrupts_lib.o)

.mdebug.abi32%z10
                0x00000000        0x0
 .mdebug.abi32  0x00000000        0x0 c:/program files/microchip/mplabc32/v2.02/bin/../lib/gcc/pic32mx/4.5.1/../../../../pic32mx/lib/speed\libmchp_peripheral_32MX460F512L.a(int_disable_interrupts_lib.o)

.bss%z11        0x00000000        0x0
 .bss           0x00000000        0x0 c:/program files/microchip/mplabc32/v2.02/bin/../lib/gcc/pic32mx/4.5.1/../../../../pic32mx/lib/speed\libmchp_peripheral_32MX460F512L.a(int_disable_interrupts_lib.o)

.data%z12       0x00000000        0x0
 .data          0x00000000        0x0 c:/program files/microchip/mplabc32/v2.02/bin/../lib/gcc/pic32mx/4.5.1/../../../../pic32mx/lib/speed\libmchp_peripheral_32MX460F512L.a(int_disable_interrupts_lib.o)

.mdebug.abi32%z13
                0x00000000        0x0
 .mdebug.abi32  0x00000000        0x0 c:/program files/microchip/mplabc32/v2.02/bin/../lib/gcc/pic32mx/4.5.1/../../../../pic32mx/lib/speed\libmchp_peripheral_32MX460F512L.a(set_core_sw0_leg_lib.o)

.bss%z14        0x00000000        0x0
 .bss           0x00000000        0x0 c:/program files/microchip/mplabc32/v2.02/bin/../lib/gcc/pic32mx/4.5.1/../../../../pic32mx/lib/speed\libmchp_peripheral_32MX460F512L.a(set_core_sw0_leg_lib.o)

.data%z15       0x00000000        0x0
 .data          0x00000000        0x0 c:/program files/microchip/mplabc32/v2.02/bin/../lib/gcc/pic32mx/4.5.1/../../../../pic32mx/lib/speed\libmchp_peripheral_32MX460F512L.a(set_core_sw0_leg_lib.o)

.mdebug.abi32%z16
                0x00000000        0x0
 .mdebug.abi32  0x00000000        0x0 c:/program files/microchip/mplabc32/v2.02/bin/../lib/gcc/pic32mx/4.5.1/../../../../pic32mx/lib/speed\libmchp_peripheral_32MX460F512L.a(pcache.o)

.bss%z17        0x00000000        0x0
 .bss           0x00000000        0x0 c:/program files/microchip/mplabc32/v2.02/bin/../lib/gcc/pic32mx/4.5.1/../../../../pic32mx/lib/speed\libmchp_peripheral_32MX460F512L.a(pcache.o)

.data%z18       0x00000000        0x0
 .data          0x00000000        0x0 c:/program files/microchip/mplabc32/v2.02/bin/../lib/gcc/pic32mx/4.5.1/../../../../pic32mx/lib/speed\libmchp_peripheral_32MX460F512L.a(pcache.o)

.bss%z19        0x00000000        0x0
 .bss           0x00000000        0x0 c:/program files/microchip/mplabc32/v2.02/bin/../lib/gcc/pic32mx/4.5.1/../../../../pic32mx/lib/speed\libc.a(default-nmi-handler.o)

.data%z20       0x00000000        0x0
 .data          0x00000000        0x0 c:/program files/microchip/mplabc32/v2.02/bin/../lib/gcc/pic32mx/4.5.1/../../../../pic32mx/lib/speed\libc.a(default-nmi-handler.o)

.mdebug.abi32%z21
                0x00000000        0x0
 .mdebug.abi32  0x00000000        0x0 c:/program files/microchip/mplabc32/v2.02/bin/../lib/gcc/pic32mx/4.5.1/../../../../pic32mx/lib/speed\libc.a(default-on-bootstrap.o)

.bss%z22        0x00000000        0x0
 .bss           0x00000000        0x0 c:/program files/microchip/mplabc32/v2.02/bin/../lib/gcc/pic32mx/4.5.1/../../../../pic32mx/lib/speed\libc.a(default-on-bootstrap.o)

.data%z23       0x00000000        0x0
 .data          0x00000000        0x0 c:/program files/microchip/mplabc32/v2.02/bin/../lib/gcc/pic32mx/4.5.1/../../../../pic32mx/lib/speed\libc.a(default-on-bootstrap.o)

.mdebug.abi32%z24
                0x00000000        0x0
 .mdebug.abi32  0x00000000        0x0 c:/program files/microchip/mplabc32/v2.02/bin/../lib/gcc/pic32mx/4.5.1/../../../../pic32mx/lib/speed\libc.a(default-on-reset.o)

.bss%z25        0x00000000        0x0
 .bss           0x00000000        0x0 c:/program files/microchip/mplabc32/v2.02/bin/../lib/gcc/pic32mx/4.5.1/../../../../pic32mx/lib/speed\libc.a(default-on-reset.o)

.data%z26       0x00000000        0x0
 .data          0x00000000        0x0 c:/program files/microchip/mplabc32/v2.02/bin/../lib/gcc/pic32mx/4.5.1/../../../../pic32mx/lib/speed\libc.a(default-on-reset.o)

.mdebug.abi32%z27
                0x00000000        0x0
 .mdebug.abi32  0x00000000        0x0 c:/program files/microchip/mplabc32/v2.02/bin/../lib/gcc/pic32mx/4.5.1/../../../../pic32mx/lib/speed\libc.a(default-bootstrap-exception-handler.o)

.bss%z28        0x00000000        0x0
 .bss           0x00000000        0x0 c:/program files/microchip/mplabc32/v2.02/bin/../lib/gcc/pic32mx/4.5.1/../../../../pic32mx/lib/speed\libc.a(default-bootstrap-exception-handler.o)

.data%z29       0x00000000        0x0
 .data          0x00000000        0x0 c:/program files/microchip/mplabc32/v2.02/bin/../lib/gcc/pic32mx/4.5.1/../../../../pic32mx/lib/speed\libc.a(default-bootstrap-exception-handler.o)

.mdebug.abi32%z30
                0x00000000        0x0
 .mdebug.abi32  0x00000000        0x0 c:/program files/microchip/mplabc32/v2.02/bin/../lib/gcc/pic32mx/4.5.1/../../../../pic32mx/lib/speed\libc.a(strncpy.o)

.bss%z31        0x00000000        0x0
 .bss           0x00000000        0x0 c:/program files/microchip/mplabc32/v2.02/bin/../lib/gcc/pic32mx/4.5.1/../../../../pic32mx/lib/speed\libc.a(strncpy.o)

.data%z32       0x00000000        0x0
 .data          0x00000000        0x0 c:/program files/microchip/mplabc32/v2.02/bin/../lib/gcc/pic32mx/4.5.1/../../../../pic32mx/lib/speed\libc.a(strncpy.o)

.bss%z33        0x00000000        0x0
 .bss           0x00000000        0x0 c:/program files/microchip/mplabc32/v2.02/bin/../lib/gcc/pic32mx/4.5.1/../../../../pic32mx/lib/speed\libc.a(general-exception.o)

.data%z34       0x00000000        0x0
 .data          0x00000000        0x0 c:/program files/microchip/mplabc32/v2.02/bin/../lib/gcc/pic32mx/4.5.1/../../../../pic32mx/lib/speed\libc.a(general-exception.o)

.bss%z35        0x00000000        0x0
 .bss           0x00000000        0x0 c:/program files/microchip/mplabc32/v2.02/bin/../lib/gcc/pic32mx/4.5.1/../../../../pic32mx/lib/speed\libc.a(memset.o)

.data%z36       0x00000000        0x0
 .data          0x00000000        0x0 c:/program files/microchip/mplabc32/v2.02/bin/../lib/gcc/pic32mx/4.5.1/../../../../pic32mx/lib/speed\libc.a(memset.o)

.bss%z37        0x00000000        0x0
 .bss           0x00000000        0x0 c:/program files/microchip/mplabc32/v2.02/bin/../lib/gcc/pic32mx/4.5.1/../../../../pic32mx/lib/speed\libc.a(memcpy.o)

.data%z38       0x00000000        0x0
 .data          0x00000000        0x0 c:/program files/microchip/mplabc32/v2.02/bin/../lib/gcc/pic32mx/4.5.1/../../../../pic32mx/lib/speed\libc.a(memcpy.o)

.bss%z39        0x00000000        0x0
 .bss           0x00000000        0x0 c:/program files/microchip/mplabc32/v2.02/bin/../lib/gcc/pic32mx/4.5.1/../../../../pic32mx/lib/speed\libc.a(memcmp.o)

.data%z40       0x00000000        0x0
 .data          0x00000000        0x0 c:/program files/microchip/mplabc32/v2.02/bin/../lib/gcc/pic32mx/4.5.1/../../../../pic32mx/lib/speed\libc.a(memcmp.o)

.bss%z41        0x00000000        0x0
 .bss           0x00000000        0x0 c:/program files/microchip/mplabc32/v2.02/bin/../lib/gcc/pic32mx/4.5.1/../../../../pic32mx/lib/./proc/32MX460F512L\processor.o

.data%z42       0x00000000        0x0
 .data          0x00000000        0x0 c:/program files/microchip/mplabc32/v2.02/bin/../lib/gcc/pic32mx/4.5.1/../../../../pic32mx/lib/./proc/32MX460F512L\processor.o

.mdebug.abi32%z43
                0x00000000        0x0
 .mdebug.abi32  0x00000000        0x0 Objects\tasks.o

.bss%z44        0x00000000        0x0
 .bss           0x00000000        0x0 Objects\tasks.o

.data%z45       0x00000000        0x0
 .data          0x00000000        0x0 Objects\tasks.o

.mdebug.abi32%z46
                0x00000000        0x0
 .mdebug.abi32  0x00000000        0x0 Objects\queue.o

.bss%z47        0x00000000        0x0
 .bss           0x00000000        0x0 Objects\queue.o

.data%z48       0x00000000        0x0
 .data          0x00000000        0x0 Objects\queue.o

.bss%z49        0x00000000        0x0
 .bss           0x00000000        0x0 Objects\port_asm.o

.data%z50       0x00000000        0x0
 .data          0x00000000        0x0 Objects\port_asm.o

.mdebug.abi32%z51
                0x00000000        0x0
 .mdebug.abi32  0x00000000        0x0 Objects\port.o

.data%z52       0x00000000        0x0
 .data          0x00000000        0x0 Objects\port.o

.mdebug.abi32%z53
                0x00000000        0x0
 .mdebug.abi32  0x00000000        0x0 Objects\list.o

.bss%z54        0x00000000        0x0
 .bss           0x00000000        0x0 Objects\list.o

.data%z55       0x00000000        0x0
 .data          0x00000000        0x0 Objects\list.o

.mdebug.abi32%z56
                0x00000000        0x0
 .mdebug.abi32  0x00000000        0x0 Objects\heap_2.o

.data%z57       0x00000000        0x0
 .data          0x00000000        0x0 Objects\heap_2.o

.mdebug.abi32%z58
                0x00000000        0x0
 .mdebug.abi32  0x00000000        0x0 Objects\Driver LCD.o

.bss%z59        0x00000000        0x0
 .bss           0x00000000        0x0 Objects\Driver LCD.o

.data%z60       0x00000000        0x0
 .data          0x00000000        0x0 Objects\Driver LCD.o

.mdebug.abi32%z61
                0x00000000        0x0
 .mdebug.abi32  0x00000000        0x0 Objects\main.o

.bss%z62        0x00000000        0x0
 .bss           0x00000000        0x0 Objects\main.o

.data%z63       0x00000000        0x0
 .data          0x00000000        0x0 Objects\main.o

.bss%z64        0x00000000        0x0
 .bss           0x00000000        0x0 c:/program files/microchip/mplabc32/v2.02/bin/../lib/gcc/pic32mx/4.5.1/../../../../pic32mx/lib/speed/crt0.o

.data%z65       0x00000000        0x0
 .data          0x00000000        0x0 c:/program files/microchip/mplabc32/v2.02/bin/../lib/gcc/pic32mx/4.5.1/../../../../pic32mx/lib/speed/crt0.o

.text           0x9d007e08     0x4c8c
 .text          0x9d007e08     0x1c78 Objects\tasks.o
                0x9d007e08                xTaskGenericCreate
                0x9d008054                vTaskDelete
                0x9d008158                vTaskDelayUntil
                0x9d008290                vTaskDelay
                0x9d00832c                uxTaskPriorityGet
                0x9d008388                vTaskPrioritySet
                0x9d008578                vTaskSuspend
                0x9d008694                xTaskIsTaskSuspended
                0x9d008700                vTaskResume
                0x9d008818                xTaskResumeFromISR
                0x9d008934                vTaskStartScheduler
                0x9d0089d0                vTaskEndScheduler
                0x9d008a20                vTaskSuspendAll
                0x9d008a34                xTaskResumeAll
                0x9d008bd4                xTaskGetTickCount
                0x9d008c08                xTaskGetTickCountFromISR
                0x9d008c44                uxTaskGetNumberOfTasks
                0x9d008c50                vTaskIncrementTick
                0x9d008e08                vTaskSwitchContext
                0x9d008fb4                vTaskPlaceOnEventList
                0x9d009050                xTaskRemoveFromEventList
                0x9d009164                vTaskSetTimeOutState
                0x9d009188                xTaskCheckForTimeOut
                0x9d009280                vTaskMissedYield
                0x9d009290                prvIdleTask
                0x9d0092ec                prvInitialiseTCBVariables
                0x9d0093cc                prvInitialiseTaskLists
                0x9d00949c                prvCheckTasksWaitingTermination
                0x9d009548                prvAddCurrentTaskToDelayedList
                0x9d0095e0                prvAllocateTCBAndStack
                0x9d0096a4                usTaskCheckFreeStackSpace
                0x9d009700                uxTaskGetStackHighWaterMark
                0x9d00975c                prvDeleteTCB
                0x9d009798                xTaskGetCurrentTaskHandle
                0x9d0097b4                vTaskPriorityInherit
                0x9d0098d4                vTaskPriorityDisinherit
                0x9d0099b4                vTaskEnterCritical
                0x9d009a0c                vTaskExitCritical
 .text          0x9d009a80      0xf18 Objects\queue.o
                0x9d009a80                xQueueGenericReset
                0x9d009ba0                xQueueGenericCreate
                0x9d009c78                xQueueCreateMutex
                0x9d009d4c                xQueueGetMutexHolder
                0x9d009da4                xQueueGenericSend
                0x9d009fe0                xQueueGenericSendFromISR
                0x9d00a0d0                xQueueGenericReceive
                0x9d00a3e0                xQueueReceiveFromISR
                0x9d00a4d0                uxQueueMessagesWaiting
                0x9d00a50c                uxQueueMessagesWaitingFromISR
                0x9d00a530                vQueueDelete
                0x9d00a8f0                xQueueIsQueueEmptyFromISR
                0x9d00a964                xQueueIsQueueFullFromISR
 .text          0x9d00a998      0xcc0 Objects\Driver LCD.o
                0x9d00a998                ui8BusyLCD
                0x9d00a9c0                vWriteLCD
                0x9d00ac8c                vInitLCD
                0x9d00b000                vLCDPutc
                0x9d00b0a8                vGotoxyLCD
                0x9d00b1c8                cLCDPutc
                0x9d00b2cc                cLCDPutrs
                0x9d00b3d4                cLCDPuts
                0x9d00b4dc                cGotoxyLCD
 .text          0x9d00b658      0x660 Objects\main.o
                0x9d00b658                main
                0x9d00bb80                vApplicationStackOverflowHook
                0x9d00bb88                _general_exception_handler
                0x9d00bb98                _itoa
 .text          0x9d00bcb8      0x440 Objects\port_asm.o
                0x9d00bcb8                vT1InterruptHandler
                0x9d00be60                vPortStartFirstTask
                0x9d00bf24                vPortYieldISR
 .text          0x9d00c0f8      0x32c Objects\heap_2.o
                0x9d00c0f8                pvPortMalloc
                0x9d00c33c                vPortFree
                0x9d00c410                xPortGetFreeHeapSize
                0x9d00c41c                vPortInitialiseBlocks
 .text          0x9d00c424      0x2a8 Objects\port.o
                0x9d00c424                pxPortInitialiseStack
                0x9d00c508                prvSetupTimerInterrupt
                0x9d00c59c                vPortEndScheduler
                0x9d00c5a4                xPortStartScheduler
                0x9d00c62c                vPortIncrementTick
                0x9d00c678                uxPortSetInterruptMaskFromISR
                0x9d00c6b4                vPortClearInterruptMaskFromISR
 .text          0x9d00c6cc      0x260 Objects\list.o
                0x9d00c6cc                vListInitialise
                0x9d00c728                vListInitialiseItem
                0x9d00c73c                vListInsertEnd
                0x9d00c7c8                vListInsert
                0x9d00c8a4                vListRemove
 .text          0x9d00c92c      0x168 c:/program files/microchip/mplabc32/v2.02/bin/../lib/gcc/pic32mx/4.5.1/../../../../pic32mx/lib/speed\libc.a(memcpy.o)
                0x9d00c92c                memcpy

.text.strncpy   0x9d00ca94       0xe8
 .text.strncpy  0x9d00ca94       0xe8 c:/program files/microchip/mplabc32/v2.02/bin/../lib/gcc/pic32mx/4.5.1/../../../../pic32mx/lib/speed\libc.a(strncpy.o)
                0x9d00ca94                strncpy

.text.general_exception
                0x9d00cb7c       0xd0
 .text.general_exception
                0x9d00cb7c       0xd0 c:/program files/microchip/mplabc32/v2.02/bin/../lib/gcc/pic32mx/4.5.1/../../../../pic32mx/lib/speed\libc.a(general-exception.o)
                0x9d00cb7c                _general_exception_context

.text           0x9d00cc4c       0xa8
 .text          0x9d00cc4c       0xa8 c:/program files/microchip/mplabc32/v2.02/bin/../lib/gcc/pic32mx/4.5.1/../../../../pic32mx/lib/speed\libc.a(memset.o)
                0x9d00cc4c                memset

.dinit          0x9d00ccf4       0xa4
 .dinit         0x9d00ccf4       0xa4 data_init

.text           0x9d00cd98       0x98
 .text          0x9d00cd98       0x98 c:/program files/microchip/mplabc32/v2.02/bin/../lib/gcc/pic32mx/4.5.1/../../../../pic32mx/lib/speed\libc.a(memcmp.o)
                0x9d00cd98                memcmp

.text.INTEnableSystemMultiVectoredInt
                0x9d00ce30       0x34
 .text.INTEnableSystemMultiVectoredInt
                0x9d00ce30       0x34 c:/program files/microchip/mplabc32/v2.02/bin/../lib/gcc/pic32mx/4.5.1/../../../../pic32mx/lib/speed\libmchp_peripheral_32MX460F512L.a(int_enable_mv_int_lib.o)
                0x9d00ce30                INTEnableSystemMultiVectoredInt

.rodata         0x9d00ce64       0x1c
 .rodata        0x9d00ce64       0x1c Objects\tasks.o

.text.INTRestoreInterrupts
                0x9d00ce80       0x1c
 .text.INTRestoreInterrupts
                0x9d00ce80       0x1c c:/program files/microchip/mplabc32/v2.02/bin/../lib/gcc/pic32mx/4.5.1/../../../../pic32mx/lib/speed\libmchp_peripheral_32MX460F512L.a(int_restore_interrupts_lib.o)
                0x9d00ce80                INTRestoreInterrupts

.text           0x9d00ce9c       0x18
 .text          0x9d00ce9c       0x18 c:/program files/microchip/mplabc32/v2.02/bin/../lib/gcc/pic32mx/4.5.1/../../../../pic32mx/lib/speed\libc.a(default-nmi-handler.o)
                0x9d00ce9c                _nmi_handler

.text.CheKseg0CacheOff
                0x9d00ceb4       0x18
 .text.CheKseg0CacheOff
                0x9d00ceb4       0x18 c:/program files/microchip/mplabc32/v2.02/bin/../lib/gcc/pic32mx/4.5.1/../../../../pic32mx/lib/speed\libmchp_peripheral_32MX460F512L.a(pcache.o)
                0x9d00ceb4                CheKseg0CacheOff

.text.CheKseg0CacheOn
                0x9d00cecc       0x18
 .text.CheKseg0CacheOn
                0x9d00cecc       0x18 c:/program files/microchip/mplabc32/v2.02/bin/../lib/gcc/pic32mx/4.5.1/../../../../pic32mx/lib/speed\libmchp_peripheral_32MX460F512L.a(pcache.o)
                0x9d00cecc                CheKseg0CacheOn

.rodata         0x9d00cee4       0x14
 .rodata        0x9d00cee4       0x14 Objects\main.o

.text           0x9d00cef8       0x10
 .text          0x9d00cef8       0x10 c:/program files/microchip/mplabc32/v2.02/bin/../lib/gcc/pic32mx/4.5.1/../../../../pic32mx/lib/speed/crt0.o
                0x9d00cf00                __crt0_exit

.text.SetCoreSW0
                0x9d00cf08       0x10
 .text.SetCoreSW0
                0x9d00cf08       0x10 c:/program files/microchip/mplabc32/v2.02/bin/../lib/gcc/pic32mx/4.5.1/../../../../pic32mx/lib/speed\libmchp_peripheral_32MX460F512L.a(set_core_sw0_leg_lib.o)
                0x9d00cf08                SetCoreSW0

.text._bootstrap_exception_handler
                0x9d00cf18        0xc
 .text._bootstrap_exception_handler
                0x9d00cf18        0xc c:/program files/microchip/mplabc32/v2.02/bin/../lib/gcc/pic32mx/4.5.1/../../../../pic32mx/lib/speed\libc.a(default-bootstrap-exception-handler.o)
                0x9d00cf18                _bootstrap_exception_handler

.text._on_reset
                0x9d00cf24        0x8
 .text._on_reset
                0x9d00cf24        0x8 c:/program files/microchip/mplabc32/v2.02/bin/../lib/gcc/pic32mx/4.5.1/../../../../pic32mx/lib/speed\libc.a(default-on-reset.o)
                0x9d00cf24                _on_reset

.text._on_bootstrap
                0x9d00cf2c        0x8
 .text._on_bootstrap
                0x9d00cf2c        0x8 c:/program files/microchip/mplabc32/v2.02/bin/../lib/gcc/pic32mx/4.5.1/../../../../pic32mx/lib/speed\libc.a(default-on-bootstrap.o)
                0x9d00cf2c                _on_bootstrap

.text.INTDisableInterrupts
                0x9d00cf34        0x8
 .text.INTDisableInterrupts
                0x9d00cf34        0x8 c:/program files/microchip/mplabc32/v2.02/bin/../lib/gcc/pic32mx/4.5.1/../../../../pic32mx/lib/speed\libmchp_peripheral_32MX460F512L.a(int_disable_interrupts_lib.o)
                0x9d00cf34                INTDisableInterrupts

.text.INTEnableInterrupts
                0x9d00cf3c        0x8
 .text.INTEnableInterrupts
                0x9d00cf3c        0x8 c:/program files/microchip/mplabc32/v2.02/bin/../lib/gcc/pic32mx/4.5.1/../../../../pic32mx/lib/speed\libmchp_peripheral_32MX460F512L.a(int_enable_interrupts_lib.o)
                0x9d00cf3c                INTEnableInterrupts

.rodata         0x9d00cf44        0x4
 .rodata        0x9d00cf44        0x4 Objects\port.o
                0x9d00cf44                xISRStackTop

.text%z66       0x00000000        0x0
 .text          0x00000000        0x0 c:/program files/microchip/mplabc32/v2.02/bin/../lib/gcc/pic32mx/4.5.1/../../../../pic32mx/lib/speed\libmchp_peripheral_32MX460F512L.a(int_enable_interrupts_lib.o)

.text%z67       0x00000000        0x0
 .text          0x00000000        0x0 c:/program files/microchip/mplabc32/v2.02/bin/../lib/gcc/pic32mx/4.5.1/../../../../pic32mx/lib/speed\libmchp_peripheral_32MX460F512L.a(int_enable_mv_int_lib.o)

.text%z68       0x00000000        0x0
 .text          0x00000000        0x0 c:/program files/microchip/mplabc32/v2.02/bin/../lib/gcc/pic32mx/4.5.1/../../../../pic32mx/lib/speed\libmchp_peripheral_32MX460F512L.a(int_restore_interrupts_lib.o)

.text%z69       0x00000000        0x0
 .text          0x00000000        0x0 c:/program files/microchip/mplabc32/v2.02/bin/../lib/gcc/pic32mx/4.5.1/../../../../pic32mx/lib/speed\libmchp_peripheral_32MX460F512L.a(int_disable_interrupts_lib.o)

.text%z70       0x00000000        0x0
 .text          0x00000000        0x0 c:/program files/microchip/mplabc32/v2.02/bin/../lib/gcc/pic32mx/4.5.1/../../../../pic32mx/lib/speed\libmchp_peripheral_32MX460F512L.a(set_core_sw0_leg_lib.o)

.text%z71       0x00000000        0x0
 .text          0x00000000        0x0 c:/program files/microchip/mplabc32/v2.02/bin/../lib/gcc/pic32mx/4.5.1/../../../../pic32mx/lib/speed\libmchp_peripheral_32MX460F512L.a(pcache.o)

.text%z72       0x00000000        0x0
 .text          0x00000000        0x0 c:/program files/microchip/mplabc32/v2.02/bin/../lib/gcc/pic32mx/4.5.1/../../../../pic32mx/lib/speed\libc.a(default-on-bootstrap.o)

.text%z73       0x00000000        0x0
 .text          0x00000000        0x0 c:/program files/microchip/mplabc32/v2.02/bin/../lib/gcc/pic32mx/4.5.1/../../../../pic32mx/lib/speed\libc.a(default-on-reset.o)

.text%z74       0x00000000        0x0
 .text          0x00000000        0x0 c:/program files/microchip/mplabc32/v2.02/bin/../lib/gcc/pic32mx/4.5.1/../../../../pic32mx/lib/speed\libc.a(default-bootstrap-exception-handler.o)

.text%z75       0x00000000        0x0
 .text          0x00000000        0x0 c:/program files/microchip/mplabc32/v2.02/bin/../lib/gcc/pic32mx/4.5.1/../../../../pic32mx/lib/speed\libc.a(strncpy.o)

.text%z76       0x00000000        0x0
 .text          0x00000000        0x0 c:/program files/microchip/mplabc32/v2.02/bin/../lib/gcc/pic32mx/4.5.1/../../../../pic32mx/lib/speed\libc.a(general-exception.o)

.text%z77       0x00000000        0x0
 .text          0x00000000        0x0 c:/program files/microchip/mplabc32/v2.02/bin/../lib/gcc/pic32mx/4.5.1/../../../../pic32mx/lib/./proc/32MX460F512L\processor.o

.rodata         0x9d00cf48        0x2
 .rodata        0x9d00cf48        0x2 Objects\heap_2.o
