Archive member included because of file (symbol)

c:/program files/microchip/mplabc32/v2.02/bin/../lib/gcc/pic32mx/4.5.1\libgcc.a(_udivdi3.o)
                              build/default/production/_ext/1954962658/AutoIP.o (__udivdi3)
c:/program files/microchip/mplabc32/v2.02/bin/../lib/gcc/pic32mx/4.5.1/../../../../pic32mx/lib\libc.a(memcmp.o)
                              build/default/production/_ext/1954962658/HTTP2.o (memcmp)
c:/program files/microchip/mplabc32/v2.02/bin/../lib/gcc/pic32mx/4.5.1/../../../../pic32mx/lib\libc.a(memcpy.o)
                              build/default/production/_ext/1954962658/Announce.o (memcpy)
c:/program files/microchip/mplabc32/v2.02/bin/../lib/gcc/pic32mx/4.5.1/../../../../pic32mx/lib\libc.a(memset.o)
                              build/default/production/_ext/1954962658/BerkeleyAPI.o (memset)
c:/program files/microchip/mplabc32/v2.02/bin/../lib/gcc/pic32mx/4.5.1/../../../../pic32mx/lib\libc.a(strcmp.o)
                              build/default/production/_ext/1954962658/HTTP2.o (strcmp)
c:/program files/microchip/mplabc32/v2.02/bin/../lib/gcc/pic32mx/4.5.1/../../../../pic32mx/lib\libc.a(strlen.o)
                              build/default/production/_ext/1954962658/HTTP2.o (strlen)
c:/program files/microchip/mplabc32/v2.02/bin/../lib/gcc/pic32mx/4.5.1/../../../../pic32mx/lib\libc.a(general-exception.o)
                              c:/program files/microchip/mplabc32/v2.02/bin/../lib/gcc/pic32mx/4.5.1/../../../../pic32mx/lib/crt0.o (_general_exception_context)
c:/program files/microchip/mplabc32/v2.02/bin/../lib/gcc/pic32mx/4.5.1/../../../../pic32mx/lib\libc.a(atoi.o)
                              build/default/production/_ext/1954962658/SMTP.o (atoi)
c:/program files/microchip/mplabc32/v2.02/bin/../lib/gcc/pic32mx/4.5.1/../../../../pic32mx/lib\libc.a(atol.o)
                              build/default/production/_ext/1954962658/HTTP2.o (atol)
c:/program files/microchip/mplabc32/v2.02/bin/../lib/gcc/pic32mx/4.5.1/../../../../pic32mx/lib\libc.a(ctype.o)
                              c:/program files/microchip/mplabc32/v2.02/bin/../lib/gcc/pic32mx/4.5.1/../../../../pic32mx/lib\libc.a(atoi.o) (_ctype)
c:/program files/microchip/mplabc32/v2.02/bin/../lib/gcc/pic32mx/4.5.1/../../../../pic32mx/lib\libc.a(strchr.o)
                              build/default/production/_ext/1954962658/SMTP.o (strchr)
c:/program files/microchip/mplabc32/v2.02/bin/../lib/gcc/pic32mx/4.5.1/../../../../pic32mx/lib\libc.a(strstr.o)
                              build/default/production/_ext/1954962658/SMTP.o (strstr)
c:/program files/microchip/mplabc32/v2.02/bin/../lib/gcc/pic32mx/4.5.1/../../../../pic32mx/lib\libc.a(default-bootstrap-exception-handler.o)
                              c:/program files/microchip/mplabc32/v2.02/bin/../lib/gcc/pic32mx/4.5.1/../../../../pic32mx/lib/crt0.o (_bootstrap_exception_handler)
c:/program files/microchip/mplabc32/v2.02/bin/../lib/gcc/pic32mx/4.5.1/../../../../pic32mx/lib\libc.a(default-on-reset.o)
                              c:/program files/microchip/mplabc32/v2.02/bin/../lib/gcc/pic32mx/4.5.1/../../../../pic32mx/lib/crt0.o (_on_reset)
c:/program files/microchip/mplabc32/v2.02/bin/../lib/gcc/pic32mx/4.5.1/../../../../pic32mx/lib\libc.a(default-on-bootstrap.o)
                              c:/program files/microchip/mplabc32/v2.02/bin/../lib/gcc/pic32mx/4.5.1/../../../../pic32mx/lib/crt0.o (_on_bootstrap)
c:/program files/microchip/mplabc32/v2.02/bin/../lib/gcc/pic32mx/4.5.1/../../../../pic32mx/lib\libc.a(default-nmi-handler.o)
                              c:/program files/microchip/mplabc32/v2.02/bin/../lib/gcc/pic32mx/4.5.1/../../../../pic32mx/lib/crt0.o (_nmi_handler)
c:/program files/microchip/mplabc32/v2.02/bin/../lib/gcc/pic32mx/4.5.1/../../../../pic32mx/lib\libc.a(strncmp.o)
                              c:/program files/microchip/mplabc32/v2.02/bin/../lib/gcc/pic32mx/4.5.1/../../../../pic32mx/lib\libc.a(strstr.o) (strncmp)
c:/program files/microchip/mplabc32/v2.02/bin/../lib/gcc/pic32mx/4.5.1/../../../../pic32mx/lib\libmchp_peripheral_32MX460F512L.a(soft_reset_lib.o)
                              build/default/production/_ext/1954962658/ENC28J60.o (SoftReset)
c:/program files/microchip/mplabc32/v2.02/bin/../lib/gcc/pic32mx/4.5.1/../../../../pic32mx/lib\libmchp_peripheral_32MX460F512L.a(pcache.o)
                              build/default/production/_ext/1472/MainDemo.o (CheKseg0CacheOn)
c:/program files/microchip/mplabc32/v2.02/bin/../lib/gcc/pic32mx/4.5.1/../../../../pic32mx/lib\libmchp_peripheral_32MX460F512L.a(int_disable_interrupts_lib.o)
                              build/default/production/_ext/1472/MainDemo.o (INTDisableInterrupts)
c:/program files/microchip/mplabc32/v2.02/bin/../lib/gcc/pic32mx/4.5.1/../../../../pic32mx/lib\libmchp_peripheral_32MX460F512L.a(int_restore_interrupts_lib.o)
                              build/default/production/_ext/1472/MainDemo.o (INTRestoreInterrupts)
[...]
Memory Configuration

Name             Origin             Length             Attributes
exception_mem    0x9d006000         0x00001000
kseg0_boot_mem   0x9d007000         0x00000970
kseg1_boot_mem   0x9d007970         0x00000490
kseg0_program_mem 0x9d007e00         0x00078200         xr
debug_exec_mem   0xbfc02000         0x00000ff0
config3          0xbfc02ff0         0x00000004
config2          0xbfc02ff4         0x00000004
config1          0xbfc02ff8         0x00000004
config0          0xbfc02ffc         0x00000004
kseg1_data_mem   0xa0000000         0x00008000         w !x
sfrs             0xbf800000         0x00100000
configsfrs       0xbfc02ff0         0x00000010
*default*        0x00000000         0xffffffff

Linker script and memory map

LOAD c:/program files/microchip/mplabc32/v2.02/bin/../lib/gcc/pic32mx/4.5.1/../../../../pic32mx/lib/crt0.o
LOAD build/default/production/_ext/1954962658/Announce.o
LOAD build/default/production/_ext/1954962658/ARCFOUR.o
LOAD build/default/production/_ext/1954962658/ARP.o
LOAD build/default/production/_ext/1954962658/AutoIP.o
LOAD build/default/production/_ext/1954962658/BerkeleyAPI.o
LOAD build/default/production/_ext/1954962658/BigInt.o
LOAD build/default/production/_ext/1954962658/Delay.o
LOAD build/default/production/_ext/1954962658/DHCP.o
LOAD build/default/production/_ext/1954962658/DHCPs.o
LOAD build/default/production/_ext/1954962658/DNS.o
LOAD build/default/production/_ext/1954962658/DNSs.o
LOAD build/default/production/_ext/1954962658/DynDNS.o
LOAD build/default/production/_ext/1954962658/ENC28J60.o
LOAD build/default/production/_ext/1954962658/ENCX24J600.o
LOAD build/default/production/_ext/1954962658/FileSystem.o
LOAD build/default/production/_ext/1954962658/FTP.o
LOAD build/default/production/_ext/1954962658/Hashes.o
LOAD build/default/production/_ext/1954962658/Helpers.o
LOAD build/default/production/_ext/1954962658/HTTP2.o
LOAD build/default/production/_ext/1954962658/ICMP.o
LOAD build/default/production/_ext/1954962658/IP.o
LOAD build/default/production/_ext/1954962658/LCDBlocking.o
LOAD build/default/production/_ext/1954962658/MPFS2.o
LOAD build/default/production/_ext/1954962658/NBNS.o
LOAD build/default/production/_ext/1954962658/Random.o
LOAD build/default/production/_ext/1954962658/Reboot.o
LOAD build/default/production/_ext/1954962658/RSA.o
LOAD build/default/production/_ext/1954962658/SMTP.o
LOAD build/default/production/_ext/1954962658/SNMP.o
LOAD build/default/production/_ext/1954962658/SNMPv3.o
LOAD build/default/production/_ext/1954962658/SNMPv3USM.o
LOAD build/default/production/_ext/1954962658/SNTP.o
LOAD build/default/production/_ext/1954962658/SPIEEPROM.o
LOAD build/default/production/_ext/1954962658/SPIFlash.o
LOAD build/default/production/_ext/1954962658/SPIRAM.o
LOAD build/default/production/_ext/1954962658/SSL.o
LOAD build/default/production/_ext/1954962658/StackTsk.o
LOAD build/default/production/_ext/1954962658/TCP.o
LOAD build/default/production/_ext/1954962658/TCPPerformanceTest.o
LOAD build/default/production/_ext/1954962658/Telnet.o
LOAD build/default/production/_ext/1954962658/TFTPc.o
LOAD build/default/production/_ext/1954962658/Tick.o
LOAD build/default/production/_ext/1954962658/UART2TCPBridge.o
LOAD build/default/production/_ext/1954962658/UART.o
LOAD build/default/production/_ext/1954962658/UDP.o
LOAD build/default/production/_ext/1954962658/UDPPerformanceTest.o
LOAD build/default/production/_ext/1954962658/ZeroconfHelper.o
LOAD build/default/production/_ext/1954962658/ZeroconfLinkLocal.o
LOAD build/default/production/_ext/1954962658/ZeroconfMulticastDNS.o
LOAD build/default/production/_ext/1472/CustomHTTPApp.o
LOAD build/default/production/_ext/1472/CustomSNMPApp.o
LOAD build/default/production/_ext/1472/CustomSSLCert.o
LOAD build/default/production/_ext/1472/MainDemo.o
LOAD build/default/production/_ext/1472/BerkeleyTCPClientDemo.o
LOAD build/default/production/_ext/1472/BerkeleyTCPServerDemo.o
LOAD build/default/production/_ext/1472/BerkeleyUDPClientDemo.o
LOAD build/default/production/_ext/1472/GenericTCPClient.o
LOAD build/default/production/_ext/1472/GenericTCPServer.o
LOAD build/default/production/_ext/1472/PingDemo.o
LOAD build/default/production/_ext/1472/SMTPDemo.o
LOAD build/default/production/_ext/1472/UARTConfig.o
LOAD build/default/production/_ext/1472/MPFSImg2.o
LOAD build/default/production/_ext/1954962658/BigInt_helper_C32.o
                0x00000001                __MPLAB_BUILD = 0x1
                0x00000400                PROVIDE (_min_stack_size, 0x400)
                0x00000000                PROVIDE (_min_heap_size, 0x0)
LOAD c:/program files/microchip/mplabc32/v2.02/bin/../lib/gcc/pic32mx/4.5.1/../../../../pic32mx/lib/./proc/32MX460F512L\processor.o
                0x00000001                PROVIDE (_vector_spacing, 0x1)
                0x9d006000                _ebase_address = 0x9d006000
                0x9d007970                _RESET_ADDR = 0x9d007970
                0x9d007cf0                _BEV_EXCPT_ADDR = 0x9d007cf0
                0x9d007df0                _DBG_EXCPT_ADDR = 0x9d007df0
                0xbfc02000                _DBG_CODE_ADDR = 0xbfc02000
                0x00000ff0                _DBG_CODE_SIZE = 0xff0
                0x9d006180                _GEN_EXCPT_ADDR = (_ebase_address + 0x180)

.config_BFC02FF0
 *(.config_BFC02FF0)

.config_BFC02FF4
                0xbfc02ff4        0x4
 *(.config_BFC02FF4)
 .config_BFC02FF4
                0xbfc02ff4        0x4 build/default/production/_ext/1472/MainDemo.o

.config_BFC02FF8
                0xbfc02ff8        0x4
 *(.config_BFC02FF8)
 .config_BFC02FF8
                0xbfc02ff8        0x4 build/default/production/_ext/1472/MainDemo.o

.config_BFC02FFC
                0xbfc02ffc        0x4
 *(.config_BFC02FFC)
 .config_BFC02FFC
                0xbfc02ffc        0x4 build/default/production/_ext/1472/MainDemo.o
                0xbfc02000                PROVIDE (_DBG_CODE_ADDR, 0xbfc02000)
                0x00000ff0                PROVIDE (_DBG_CODE_SIZE, 0xff0)

.reset          0x9d007970      0x1f4
 *(.reset)
 .reset         0x9d007970       0x10 c:/program files/microchip/mplabc32/v2.02/bin/../lib/gcc/pic32mx/4.5.1/../../../../pic32mx/lib/crt0.o
                0x9d007970                _reset
 *(.reset.startup)
 .reset.startup
                0x9d007980      0x1e4 c:/program files/microchip/mplabc32/v2.02/bin/../lib/gcc/pic32mx/4.5.1/../../../../pic32mx/lib/crt0.o

.bev_excpt      0x9d007cf0       0x10
 *(.bev_handler)
 .bev_handler   0x9d007cf0       0x10 c:/program files/microchip/mplabc32/v2.02/bin/../lib/gcc/pic32mx/4.5.1/../../../../pic32mx/lib/crt0.o

.dbg_excpt      0x9d007df0        0x0
                0x9d007df0                . = (. + DEFINED (_DEBUGGER)?0x8:0x0)

.dbg_code       0xbfc02000        0x0
                0xbfc02000                . = (. + DEFINED (_DEBUGGER)?_DBG_CODE_SIZE:0x0)

.app_excpt      0x9d006180       0x10
 *(.gen_handler)
 .gen_handler   0x9d006180       0x10 c:/program files/microchip/mplabc32/v2.02/bin/../lib/gcc/pic32mx/4.5.1/../../../../pic32mx/lib/crt0.o

.vector_0       0x9d006200        0x0
 *(.vector_0)
                0x00000001                ASSERT (((_vector_spacing == 0x0) || (SIZEOF (.vector_0) <= (_vector_spacing << 0x5))), function at exception vector 0 too large)

.vector_1       0x9d006220        0x0
 *(.vector_1)
                0x00000001                ASSERT (((_vector_spacing == 0x0) || (SIZEOF (.vector_1) <= (_vector_spacing << 0x5))), function at exception vector 1 too large)

.vector_2       0x9d006240        0x0
 *(.vector_2)
                0x00000001                ASSERT (((_vector_spacing == 0x0) || (SIZEOF (.vector_2) <= (_vector_spacing << 0x5))), function at exception vector 2 too large)

.vector_3       0x9d006260        0x0
 *(.vector_3)
                0x00000001                ASSERT (((_vector_spacing == 0x0) || (SIZEOF (.vector_3) <= (_vector_spacing << 0x5))), function at exception vector 3 too large)

.vector_4       0x9d006280        0x8
 *(.vector_4)
 .vector_4      0x9d006280        0x8 build/default/production/_ext/1954962658/Tick.o
                0x00000001                ASSERT (((_vector_spacing == 0x0) || (SIZEOF (.vector_4) <= (_vector_spacing << 0x5))), function at exception vector 4 too large)

.vector_5       0x9d0062a0        0x0
 *(.vector_5)
                0x00000001                ASSERT (((_vector_spacing == 0x0) || (SIZEOF (.vector_5) <= (_vector_spacing << 0x5))), function at exception vector 5 too large)

.vector_6       0x9d0062c0        0x0
 *(.vector_6)
                0x00000001                ASSERT (((_vector_spacing == 0x0) || (SIZEOF (.vector_6) <= (_vector_spacing << 0x5))), function at exception vector 6 too large)

.vector_7       0x9d0062e0        0x0
 *(.vector_7)
                0x00000001                ASSERT (((_vector_spacing == 0x0) || (SIZEOF (.vector_7) <= (_vector_spacing << 0x5))), function at exception vector 7 too large)

.vector_8       0x9d006300        0x0
 *(.vector_8)
                0x00000001                ASSERT (((_vector_spacing == 0x0) || (SIZEOF (.vector_8) <= (_vector_spacing << 0x5))), function at exception vector 8 too large)

.vector_9       0x9d006320        0x0
 *(.vector_9)
                0x00000001                ASSERT (((_vector_spacing == 0x0) || (SIZEOF (.vector_9) <= (_vector_spacing << 0x5))), function at exception vector 9 too large)

.vector_10      0x9d006340        0x0
 *(.vector_10)
                0x00000001                ASSERT (((_vector_spacing == 0x0) || (SIZEOF (.vector_10) <= (_vector_spacing << 0x5))), function at exception vector 10 too large)

.vector_11      0x9d006360        0x0
 *(.vector_11)
                0x00000001                ASSERT (((_vector_spacing == 0x0) || (SIZEOF (.vector_11) <= (_vector_spacing << 0x5))), function at exception vector 11 too large)

.vector_12      0x9d006380        0x0
 *(.vector_12)
                0x00000001                ASSERT (((_vector_spacing == 0x0) || (SIZEOF (.vector_12) <= (_vector_spacing << 0x5))), function at exception vector 12 too large)

.vector_13      0x9d0063a0        0x0
 *(.vector_13)
                0x00000001                ASSERT (((_vector_spacing == 0x0) || (SIZEOF (.vector_13) <= (_vector_spacing << 0x5))), function at exception vector 13 too large)

.vector_14      0x9d0063c0        0x0
 *(.vector_14)
                0x00000001                ASSERT (((_vector_spacing == 0x0) || (SIZEOF (.vector_14) <= (_vector_spacing << 0x5))), function at exception vector 14 too large)

.vector_15      0x9d0063e0        0x0
 *(.vector_15)
                0x00000001                ASSERT (((_vector_spacing == 0x0) || (SIZEOF (.vector_15) <= (_vector_spacing << 0x5))), function at exception vector 15 too large)

.vector_16      0x9d006400        0x0
 *(.vector_16)
                0x00000001                ASSERT (((_vector_spacing == 0x0) || (SIZEOF (.vector_16) <= (_vector_spacing << 0x5))), function at exception vector 16 too large)

.vector_17      0x9d006420        0x0
 *(.vector_17)
                0x00000001                ASSERT (((_vector_spacing == 0x0) || (SIZEOF (.vector_17) <= (_vector_spacing << 0x5))), function at exception vector 17 too large)

.vector_18      0x9d006440        0x0
 *(.vector_18)
                0x00000001                ASSERT (((_vector_spacing == 0x0) || (SIZEOF (.vector_18) <= (_vector_spacing << 0x5))), function at exception vector 18 too large)

.vector_19      0x9d006460        0x0
 *(.vector_19)
                0x00000001                ASSERT (((_vector_spacing == 0x0) || (SIZEOF (.vector_19) <= (_vector_spacing << 0x5))), function at exception vector 19 too large)

.vector_20      0x9d006480        0x0
 *(.vector_20)
                0x00000001                ASSERT (((_vector_spacing == 0x0) || (SIZEOF (.vector_20) <= (_vector_spacing << 0x5))), function at exception vector 20 too large)

.vector_21      0x9d0064a0        0x0
 *(.vector_21)
                0x00000001                ASSERT (((_vector_spacing == 0x0) || (SIZEOF (.vector_21) <= (_vector_spacing << 0x5))), function at exception vector 21 too large)

.vector_22      0x9d0064c0        0x0
 *(.vector_22)
                0x00000001                ASSERT (((_vector_spacing == 0x0) || (SIZEOF (.vector_22) <= (_vector_spacing << 0x5))), function at exception vector 22 too large)

.vector_23      0x9d0064e0        0x0
 *(.vector_23)
                0x00000001                ASSERT (((_vector_spacing == 0x0) || (SIZEOF (.vector_23) <= (_vector_spacing << 0x5))), function at exception vector 23 too large)

.vector_24      0x9d006500        0x0
 *(.vector_24)
                0x00000001                ASSERT (((_vector_spacing == 0x0) || (SIZEOF (.vector_24) <= (_vector_spacing << 0x5))), function at exception vector 24 too large)

.vector_25      0x9d006520        0x0
 *(.vector_25)
                0x00000001                ASSERT (((_vector_spacing == 0x0) || (SIZEOF (.vector_25) <= (_vector_spacing << 0x5))), function at exception vector 25 too large)

.vector_26      0x9d006540        0x0
 *(.vector_26)
                0x00000001                ASSERT (((_vector_spacing == 0x0) || (SIZEOF (.vector_26) <= (_vector_spacing << 0x5))), function at exception vector 26 too large)

.vector_27      0x9d006560        0x0
 *(.vector_27)
                0x00000001                ASSERT (((_vector_spacing == 0x0) || (SIZEOF (.vector_27) <= (_vector_spacing << 0x5))), function at exception vector 27 too large)

.vector_28      0x9d006580        0x0
 *(.vector_28)
                0x00000001                ASSERT (((_vector_spacing == 0x0) || (SIZEOF (.vector_28) <= (_vector_spacing << 0x5))), function at exception vector 28 too large)

.vector_29      0x9d0065a0        0x0
 *(.vector_29)
                0x00000001                ASSERT (((_vector_spacing == 0x0) || (SIZEOF (.vector_29) <= (_vector_spacing << 0x5))), function at exception vector 29 too large)

.vector_30      0x9d0065c0        0x0
 *(.vector_30)
                0x00000001                ASSERT (((_vector_spacing == 0x0) || (SIZEOF (.vector_30) <= (_vector_spacing << 0x5))), function at exception vector 30 too large)

.vector_31      0x9d0065e0        0x0
 *(.vector_31)
                0x00000001                ASSERT (((_vector_spacing == 0x0) || (SIZEOF (.vector_31) <= (_vector_spacing << 0x5))), function at exception vector 31 too large)

.vector_32      0x9d006600        0x0
 *(.vector_32)
                0x00000001                ASSERT (((_vector_spacing == 0x0) || (SIZEOF (.vector_32) <= (_vector_spacing << 0x5))), function at exception vector 32 too large)

.vector_33      0x9d006620        0x0
 *(.vector_33)
                0x00000001                ASSERT (((_vector_spacing == 0x0) || (SIZEOF (.vector_33) <= (_vector_spacing << 0x5))), function at exception vector 33 too large)

.vector_34      0x9d006640        0x0
 *(.vector_34)
                0x00000001                ASSERT (((_vector_spacing == 0x0) || (SIZEOF (.vector_34) <= (_vector_spacing << 0x5))), function at exception vector 34 too large)

.vector_35      0x9d006660        0x0
 *(.vector_35)
                0x00000001                ASSERT (((_vector_spacing == 0x0) || (SIZEOF (.vector_35) <= (_vector_spacing << 0x5))), function at exception vector 35 too large)

.vector_36      0x9d006680        0x0
 *(.vector_36)
                0x00000001                ASSERT (((_vector_spacing == 0x0) || (SIZEOF (.vector_36) <= (_vector_spacing << 0x5))), function at exception vector 36 too large)

.vector_37      0x9d0066a0        0x0
 *(.vector_37)
                0x00000001                ASSERT (((_vector_spacing == 0x0) || (SIZEOF (.vector_37) <= (_vector_spacing << 0x5))), function at exception vector 37 too large)

.vector_38      0x9d0066c0        0x0
 *(.vector_38)
                0x00000001                ASSERT (((_vector_spacing == 0x0) || (SIZEOF (.vector_38) <= (_vector_spacing << 0x5))), function at exception vector 38 too large)

.vector_39      0x9d0066e0        0x0
 *(.vector_39)
                0x00000001                ASSERT (((_vector_spacing == 0x0) || (SIZEOF (.vector_39) <= (_vector_spacing << 0x5))), function at exception vector 39 too large)

.vector_40      0x9d006700        0x0
 *(.vector_40)
                0x00000001                ASSERT (((_vector_spacing == 0x0) || (SIZEOF (.vector_40) <= (_vector_spacing << 0x5))), function at exception vector 40 too large)

.vector_41      0x9d006720        0x0
 *(.vector_41)
                0x00000001                ASSERT (((_vector_spacing == 0x0) || (SIZEOF (.vector_41) <= (_vector_spacing << 0x5))), function at exception vector 41 too large)

.vector_42      0x9d006740        0x0
 *(.vector_42)
                0x00000001                ASSERT (((_vector_spacing == 0x0) || (SIZEOF (.vector_42) <= (_vector_spacing << 0x5))), function at exception vector 42 too large)

.vector_43      0x9d006760        0x0
 *(.vector_43)
                0x00000001                ASSERT (((_vector_spacing == 0x0) || (SIZEOF (.vector_43) <= (_vector_spacing << 0x5))), function at exception vector 43 too large)

.vector_44      0x9d006780        0x0
 *(.vector_44)
                0x00000001                ASSERT (((_vector_spacing == 0x0) || (SIZEOF (.vector_44) <= (_vector_spacing << 0x5))), function at exception vector 44 too large)

.vector_45      0x9d0067a0        0x0
 *(.vector_45)
                0x00000001                ASSERT (((_vector_spacing == 0x0) || (SIZEOF (.vector_45) <= (_vector_spacing << 0x5))), function at exception vector 45 too large)

.vector_46      0x9d0067c0        0x0
 *(.vector_46)
                0x00000001                ASSERT (((_vector_spacing == 0x0) || (SIZEOF (.vector_46) <= (_vector_spacing << 0x5))), function at exception vector 46 too large)

.vector_47      0x9d0067e0        0x0
 *(.vector_47)
                0x00000001                ASSERT (((_vector_spacing == 0x0) || (SIZEOF (.vector_47) <= (_vector_spacing << 0x5))), function at exception vector 47 too large)

.vector_48      0x9d006800        0x0
 *(.vector_48)
                0x00000001                ASSERT (((_vector_spacing == 0x0) || (SIZEOF (.vector_48) <= (_vector_spacing << 0x5))), function at exception vector 48 too large)

.vector_49      0x9d006820        0x0
 *(.vector_49)
                0x00000001                ASSERT (((_vector_spacing == 0x0) || (SIZEOF (.vector_49) <= (_vector_spacing << 0x5))), function at exception vector 49 too large)

.vector_50      0x9d006840        0x0
 *(.vector_50)
                0x00000001                ASSERT (((_vector_spacing == 0x0) || (SIZEOF (.vector_50) <= (_vector_spacing << 0x5))), function at exception vector 50 too large)

.vector_51      0x9d006860        0x0
 *(.vector_51)
                0x00000001                ASSERT (((_vector_spacing == 0x0) || (SIZEOF (.vector_51) <= (_vector_spacing << 0x5))), function at exception vector 51 too large)

.vector_52      0x9d006880        0x0
 *(.vector_52)
                0x00000001                ASSERT (((_vector_spacing == 0x0) || (SIZEOF (.vector_52) <= (_vector_spacing << 0x5))), function at exception vector 52 too large)

.vector_53      0x9d0068a0        0x0
 *(.vector_53)
                0x00000001                ASSERT (((_vector_spacing == 0x0) || (SIZEOF (.vector_53) <= (_vector_spacing << 0x5))), function at exception vector 53 too large)

.vector_54      0x9d0068c0        0x0
 *(.vector_54)
                0x00000001                ASSERT (((_vector_spacing == 0x0) || (SIZEOF (.vector_54) <= (_vector_spacing << 0x5))), function at exception vector 54 too large)

.vector_55      0x9d0068e0        0x0
 *(.vector_55)
                0x00000001                ASSERT (((_vector_spacing == 0x0) || (SIZEOF (.vector_55) <= (_vector_spacing << 0x5))), function at exception vector 55 too large)

.vector_56      0x9d006900        0x0
 *(.vector_56)
                0x00000001                ASSERT (((_vector_spacing == 0x0) || (SIZEOF (.vector_56) <= (_vector_spacing << 0x5))), function at exception vector 56 too large)

.vector_57      0x9d006920        0x0
 *(.vector_57)
                0x00000001                ASSERT (((_vector_spacing == 0x0) || (SIZEOF (.vector_57) <= (_vector_spacing << 0x5))), function at exception vector 57 too large)

.vector_58      0x9d006940        0x0
 *(.vector_58)
                0x00000001                ASSERT (((_vector_spacing == 0x0) || (SIZEOF (.vector_58) <= (_vector_spacing << 0x5))), function at exception vector 58 too large)

.vector_59      0x9d006960        0x0
 *(.vector_59)
                0x00000001                ASSERT (((_vector_spacing == 0x0) || (SIZEOF (.vector_59) <= (_vector_spacing << 0x5))), function at exception vector 59 too large)

.vector_60      0x9d006980        0x0
 *(.vector_60)
                0x00000001                ASSERT (((_vector_spacing == 0x0) || (SIZEOF (.vector_60) <= (_vector_spacing << 0x5))), function at exception vector 60 too large)

.vector_61      0x9d0069a0        0x0
 *(.vector_61)
                0x00000001                ASSERT (((_vector_spacing == 0x0) || (SIZEOF (.vector_61) <= (_vector_spacing << 0x5))), function at exception vector 61 too large)

.vector_62      0x9d0069c0        0x0
 *(.vector_62)
                0x00000001                ASSERT (((_vector_spacing == 0x0) || (SIZEOF (.vector_62) <= (_vector_spacing << 0x5))), function at exception vector 62 too large)

.vector_63      0x9d0069e0        0x0
 *(.vector_63)
                0x00000001                ASSERT (((_vector_spacing == 0x0) || (SIZEOF (.vector_63) <= (_vector_spacing << 0x5))), function at exception vector 63 too large)

.startup
 *(.startup)

.text
 *(.stub .gnu.linkonce.t.*)
 *(.text.*personality*)
 *(.mips16.fn.*)
 *(.mips16.call.*)
 *(.gnu.warning)

.rodata         0x9d007e00        0x0
 *(.rodata.* .gnu.linkonce.r.*)
 *(.rodata1)
                0x9d007e00                . = ALIGN (0x4)

.sdata2         0x9d007000        0x0
 *(.sdata2 .sdata2.* .gnu.linkonce.s2.*)
                0x9d007000                . = ALIGN (0x4)

.sbss2          0x9d007000        0x0
 *(.sbss2 .sbss2.* .gnu.linkonce.sb2.*)
                0x9d007000                . = ALIGN (0x4)

.eh_frame_hdr
 *(.eh_frame_hdr)

.eh_frame
 *(.eh_frame)

.dbg_data       0xa0000000        0x0
                0xa0000000                . = (. + DEFINED (_DEBUGGER)?0x200:0x0)

.persist        0xa0000000        0x0
                0xa0000000                _persist_begin = .
 *(.persist .persist.*)
                0xa0000000                . = ALIGN (0x4)
                0xa0000000                _persist_end = .

.eh_frame       0xa0000000       0x28
 *(.eh_frame)
 .eh_frame      0xa0000000       0x28 c:/program files/microchip/mplabc32/v2.02/bin/../lib/gcc/pic32mx/4.5.1\libgcc.a(_udivdi3.o)
                0xa0000028                . = .
                0xa0008020                _gp = (ALIGN (0x10) + 0x7ff0)

.got
 *(.got.plt)
 *(.got)

.sdata          0xa0000028       0x2c
                0xa0000028                _sdata_begin = .
 *(.sdata .sdata.* .gnu.linkonce.s.*)
 .sdata         0xa0000028        0x2 build/default/production/_ext/1954962658/BerkeleyAPI.o
 *fill*         0xa000002a        0x2 00
 .sdata         0xa000002c        0x4 build/default/production/_ext/1954962658/DHCPs.o
                0xa000002c                bDHCPServerEnabled
 .sdata         0xa0000030        0x8 build/default/production/_ext/1954962658/DNS.o
 .sdata         0xa0000038        0x4 build/default/production/_ext/1954962658/Helpers.o
 .sdata         0xa000003c        0x1 build/default/production/_ext/1954962658/Reboot.o
 .sdata         0xa000003d        0x1 build/default/production/_ext/1954962658/SMTP.o
 .sdata         0xa000003e        0x2 build/default/production/_ext/1954962658/TCP.o
 .sdata         0xa0000040        0x2 build/default/production/_ext/1954962658/TCPPerformanceTest.o
 .sdata         0xa0000042        0x2 build/default/production/_ext/1954962658/UDP.o
 .sdata         0xa0000044        0x4 build/default/production/_ext/1472/BerkeleyTCPClientDemo.o
 .sdata         0xa0000048        0xc build/default/production/_ext/1472/GenericTCPClient.o
                0xa0000054                _sdata_end = .

.lit8
 *(.lit8)

.lit4
 *(.lit4)
                0xa0000054                . = ALIGN (0x4)
                0xa0000054                _data_end = .
                0xa0000054                _bss_begin = .

.sbss           0xa0000054      0x164
                0xa0000054                _sbss_begin = .
 *(.dynsbss)
 *(.sbss .sbss.* .gnu.linkonce.sb.*)
 .sbss          0xa0000054        0x8 build/default/production/_ext/1954962658/Announce.o
 .sbss          0xa000005c        0x4 build/default/production/_ext/1954962658/ARP.o
 .sbss          0xa0000060        0x4 build/default/production/_ext/1954962658/BerkeleyAPI.o
 .sbss          0xa0000064        0x4 build/default/production/_ext/1954962658/DHCP.o
                0xa0000064                DHCPClientInitializedOnce
 .sbss          0xa0000068        0xc build/default/production/_ext/1954962658/DHCPs.o
 .sbss          0xa0000074       0x18 build/default/production/_ext/1954962658/DNS.o
 .sbss          0xa000008c       0x10 build/default/production/_ext/1954962658/ENC28J60.o
 .sbss          0xa000009c       0x10 build/default/production/_ext/1954962658/ICMP.o
 .sbss          0xa00000ac        0x4 build/default/production/_ext/1954962658/IP.o
 .sbss          0xa00000b0        0x8 build/default/production/_ext/1954962658/MPFS2.o
 .sbss          0xa00000b8        0x8 build/default/production/_ext/1954962658/NBNS.o
 .sbss          0xa00000c0       0x34 build/default/production/_ext/1954962658/SMTP.o
 .sbss          0xa00000f4       0x14 build/default/production/_ext/1954962658/SNTP.o
 .sbss          0xa0000108        0x8 build/default/production/_ext/1954962658/StackTsk.o
 .sbss          0xa0000110        0x2 build/default/production/_ext/1954962658/TCP.o
 *fill*         0xa0000112        0x2 00
 .sbss          0xa0000114       0x14 build/default/production/_ext/1954962658/TCPPerformanceTest.o
 .sbss          0xa0000128       0x10 build/default/production/_ext/1954962658/Telnet.o
 .sbss          0xa0000138        0xc build/default/production/_ext/1954962658/Tick.o
 .sbss          0xa0000144        0x8 build/default/production/_ext/1954962658/UDP.o
 .sbss          0xa000014c       0x10 build/default/production/_ext/1472/CustomHTTPApp.o
 .sbss          0xa000015c        0xc build/default/production/_ext/1472/MainDemo.o
 .sbss          0xa0000168        0x1 build/default/production/_ext/1472/BerkeleyTCPClientDemo.o
 *fill*         0xa0000169        0x3 00
 .sbss          0xa000016c        0x8 build/default/production/_ext/1472/BerkeleyTCPServerDemo.o
 .sbss          0xa0000174       0x18 build/default/production/_ext/1472/BerkeleyUDPClientDemo.o
 .sbss          0xa000018c        0x4 build/default/production/_ext/1472/GenericTCPClient.o
 .sbss          0xa0000190        0x8 build/default/production/_ext/1472/GenericTCPServer.o
 .sbss          0xa0000198        0x8 build/default/production/_ext/1472/PingDemo.o
 .sbss          0xa00001a0        0x8 build/default/production/_ext/1472/SMTPDemo.o
 *(.scommon)
 .scommon       0xa00001a8        0x1 build/default/production/_ext/1954962658/HTTP2.o
                0xa00001a8                curHTTPID
 *fill*         0xa00001a9        0x1 00
 .scommon       0xa00001aa        0x6 build/default/production/_ext/1954962658/UDP.o
                0xa00001aa                UDPTxCount
                0xa00001ac                activeUDPSocket
                0xa00001ae                UDPRxCount
 .scommon       0xa00001b0        0x8 build/default/production/_ext/1472/MainDemo.o
                0xa00001b0                AN0String
                0xa00001b8                _sbss_end = .

.bss            0xa00001b8      0x1b8
 *(.dynbss)
 *(COMMON)
 COMMON         0xa00001b8       0x40 build/default/production/_ext/1954962658/Hashes.o
                0xa00001b8                lastBlock
 COMMON         0xa00001f8       0x9c build/default/production/_ext/1954962658/HTTP2.o
                0xa00001f8                curHTTP
                0xa0000284                httpStubs
 COMMON         0xa0000294       0x2c build/default/production/_ext/1954962658/SMTP.o
                0xa0000294                SMTPClient
 COMMON         0xa00002c0        0xa build/default/production/_ext/1954962658/StackTsk.o
                0xa00002c0                remoteNode
 *fill*         0xa00002ca        0x2 00
 COMMON         0xa00002cc       0x70 build/default/production/_ext/1954962658/UDP.o
                0xa00002cc                UDPSocketInfo
 COMMON         0xa000033c       0x33 build/default/production/_ext/1472/MainDemo.o
                0xa000033c                AppConfig
                0xa0000370                . = ALIGN (0x4)
 *fill*         0xa000036f        0x1 00
                0xa0000370                . = ALIGN (0x4)
                0xa0000370                _end = .
                0xa0000370                _bss_end = .
                0x00008000                _bmxdudba_address = 0x8000
                0x00008000                _bmxdupba_address = 0x8000

/DISCARD/
 *(.pdr)
 *(.reginfo)
 *(.rel.dyn)
 *(.note.GNU-stack)
 *(.note.GNU-stack)
 *(.gnu_debuglink)
 *(.gnu.lto_*)
 *(.discard)

.stab
 *(.stab)

.stabstr
 *(.stabstr)

.stab.excl
 *(.stab.excl)

.stab.exclstr
 *(.stab.exclstr)

.stab.index
 *(.stab.index)

.stab.indexstr
 *(.stab.indexstr)

.comment        0x00000000      0x244
 *(.comment)
 .comment       0x00000000       0x51 build/default/production/_ext/1954962658/Announce.o
                                 0x52 (size before relaxing)
 .comment       0x00000000       0x52 build/default/production/_ext/1954962658/ARCFOUR.o
 .comment       0x00000000       0x52 build/default/production/_ext/1954962658/ARP.o
 .comment       0x00000000       0x52 build/default/production/_ext/1954962658/AutoIP.o
 .comment       0x00000000       0x52 build/default/production/_ext/1954962658/BerkeleyAPI.o
 .comment       0x00000000       0x52 build/default/production/_ext/1954962658/BigInt.o
 .comment       0x00000000       0x52 build/default/production/_ext/1954962658/Delay.o
 .comment       0x00000000       0x52 build/default/production/_ext/1954962658/DHCP.o
 .comment       0x00000000       0x52 build/default/production/_ext/1954962658/DHCPs.o
 .comment       0x00000000       0x52 build/default/production/_ext/1954962658/DNS.o
 .comment       0x00000000       0x52 build/default/production/_ext/1954962658/DNSs.o
 .comment       0x00000000       0x52 build/default/production/_ext/1954962658/DynDNS.o
 .comment       0x00000000       0x52 build/default/production/_ext/1954962658/ENC28J60.o
 .comment       0x00000000       0x52 build/default/production/_ext/1954962658/ENCX24J600.o
 .comment       0x00000000       0x52 build/default/production/_ext/1954962658/FileSystem.o
 .comment       0x00000000       0x52 build/default/production/_ext/1954962658/FTP.o
 .comment       0x00000000       0x52 build/default/production/_ext/1954962658/Hashes.o
 .comment       0x00000000       0x52 build/default/production/_ext/1954962658/Helpers.o
 .comment       0x00000000       0x52 build/default/production/_ext/1954962658/HTTP2.o
 .comment       0x00000000       0x52 build/default/production/_ext/1954962658/ICMP.o
 .comment       0x00000000       0x52 build/default/production/_ext/1954962658/IP.o
 .comment       0x00000000       0x52 build/default/production/_ext/1954962658/LCDBlocking.o
 .comment       0x00000000       0x52 build/default/production/_ext/1954962658/MPFS2.o
 .comment       0x00000000       0x52 build/default/production/_ext/1954962658/NBNS.o
 .comment       0x00000000       0x52 build/default/production/_ext/1954962658/Random.o
 .comment       0x00000000       0x52 build/default/production/_ext/1954962658/Reboot.o
 .comment       0x00000000       0x52 build/default/production/_ext/1954962658/RSA.o
 .comment       0x00000000       0x52 build/default/production/_ext/1954962658/SMTP.o
 .comment       0x00000000       0x52 build/default/production/_ext/1954962658/SNMP.o
 .comment       0x00000000       0x52 build/default/production/_ext/1954962658/SNMPv3.o
 .comment       0x00000000       0x52 build/default/production/_ext/1954962658/SNMPv3USM.o
 .comment       0x00000000       0x52 build/default/production/_ext/1954962658/SNTP.o
 .comment       0x00000000       0x52 build/default/production/_ext/1954962658/SPIEEPROM.o
 .comment       0x00000000       0x52 build/default/production/_ext/1954962658/SPIFlash.o
 .comment       0x00000000       0x52 build/default/production/_ext/1954962658/SPIRAM.o
 .comment       0x00000000       0x52 build/default/production/_ext/1954962658/SSL.o
 .comment       0x00000000       0x52 build/default/production/_ext/1954962658/StackTsk.o
 .comment       0x00000000       0x52 build/default/production/_ext/1954962658/TCP.o
 .comment       0x00000000       0x52 build/default/production/_ext/1954962658/TCPPerformanceTest.o
 .comment       0x00000000       0x52 build/default/production/_ext/1954962658/Telnet.o
 .comment       0x00000000       0x52 build/default/production/_ext/1954962658/TFTPc.o
 .comment       0x00000000       0x52 build/default/production/_ext/1954962658/Tick.o
 .comment       0x00000000       0x52 build/default/production/_ext/1954962658/UART2TCPBridge.o
 .comment       0x00000000       0x52 build/default/production/_ext/1954962658/UART.o
 .comment       0x00000000       0x52 build/default/production/_ext/1954962658/UDP.o
 .comment       0x00000000       0x52 build/default/production/_ext/1954962658/UDPPerformanceTest.o
 .comment       0x00000000       0x52 build/default/production/_ext/1954962658/ZeroconfHelper.o
 .comment       0x00000000       0x52 build/default/production/_ext/1954962658/ZeroconfLinkLocal.o
 .comment       0x00000000       0x52 build/default/production/_ext/1954962658/ZeroconfMulticastDNS.o
 .comment       0x00000000       0x52 build/default/production/_ext/1472/CustomHTTPApp.o
 .comment       0x00000000       0x52 build/default/production/_ext/1472/CustomSNMPApp.o
 .comment       0x00000000       0x52 build/default/production/_ext/1472/CustomSSLCert.o
 .comment       0x00000000       0x52 build/default/production/_ext/1472/MainDemo.o
 .comment       0x00000000       0x52 build/default/production/_ext/1472/BerkeleyTCPClientDemo.o
 .comment       0x00000000       0x52 build/default/production/_ext/1472/BerkeleyTCPServerDemo.o
 .comment       0x00000000       0x52 build/default/production/_ext/1472/BerkeleyUDPClientDemo.o
 .comment       0x00000000       0x52 build/default/production/_ext/1472/GenericTCPClient.o
 .comment       0x00000000       0x52 build/default/production/_ext/1472/GenericTCPServer.o
 .comment       0x00000000       0x52 build/default/production/_ext/1472/PingDemo.o
 .comment       0x00000000       0x52 build/default/production/_ext/1472/SMTPDemo.o
 .comment       0x00000000       0x52 build/default/production/_ext/1472/UARTConfig.o
 .comment       0x00000000       0x52 build/default/production/_ext/1472/MPFSImg2.o
 .comment       0x00000000       0x52 c:/program files/microchip/mplabc32/v2.02/bin/../lib/gcc/pic32mx/4.5.1\libgcc.a(_udivdi3.o)
 .comment       0x00000051       0x55 c:/program files/microchip/mplabc32/v2.02/bin/../lib/gcc/pic32mx/4.5.1/../../../../pic32mx/lib\libc.a(memcmp.o)
                                 0x56 (size before relaxing)
 .comment       0x000000a6       0x55 c:/program files/microchip/mplabc32/v2.02/bin/../lib/gcc/pic32mx/4.5.1/../../../../pic32mx/lib\libc.a(memset.o)
                                 0x56 (size before relaxing)
 .comment       0x000000fb       0x55 c:/program files/microchip/mplabc32/v2.02/bin/../lib/gcc/pic32mx/4.5.1/../../../../pic32mx/lib\libc.a(strcmp.o)
                                 0x56 (size before relaxing)
 .comment       0x00000150       0x55 c:/program files/microchip/mplabc32/v2.02/bin/../lib/gcc/pic32mx/4.5.1/../../../../pic32mx/lib\libc.a(strlen.o)
                                 0x56 (size before relaxing)
 .comment       0x00000000       0x52 c:/program files/microchip/mplabc32/v2.02/bin/../lib/gcc/pic32mx/4.5.1/../../../../pic32mx/lib\libc.a(atoi.o)
 .comment       0x00000000       0x52 c:/program files/microchip/mplabc32/v2.02/bin/../lib/gcc/pic32mx/4.5.1/../../../../pic32mx/lib\libc.a(atol.o)
 .comment       0x000001a5       0x4e c:/program files/microchip/mplabc32/v2.02/bin/../lib/gcc/pic32mx/4.5.1/../../../../pic32mx/lib\libc.a(ctype.o)
                                 0xa0 (size before relaxing)
 .comment       0x00000000       0x52 c:/program files/microchip/mplabc32/v2.02/bin/../lib/gcc/pic32mx/4.5.1/../../../../pic32mx/lib\libc.a(strchr.o)
 .comment       0x00000000       0x52 c:/program files/microchip/mplabc32/v2.02/bin/../lib/gcc/pic32mx/4.5.1/../../../../pic32mx/lib\libc.a(strstr.o)
 .comment       0x00000000       0x52 c:/program files/microchip/mplabc32/v2.02/bin/../lib/gcc/pic32mx/4.5.1/../../../../pic32mx/lib\libc.a(default-bootstrap-exception-handler.o)
 .comment       0x00000000       0x52 c:/program files/microchip/mplabc32/v2.02/bin/../lib/gcc/pic32mx/4.5.1/../../../../pic32mx/lib\libc.a(default-on-reset.o)
 .comment       0x00000000       0x52 c:/program files/microchip/mplabc32/v2.02/bin/../lib/gcc/pic32mx/4.5.1/../../../../pic32mx/lib\libc.a(default-on-bootstrap.o)
 .comment       0x00000000       0x52 c:/program files/microchip/mplabc32/v2.02/bin/../lib/gcc/pic32mx/4.5.1/../../../../pic32mx/lib\libc.a(strncmp.o)
 .comment       0x000001f3       0x51 c:/program files/microchip/mplabc32/v2.02/bin/../lib/gcc/pic32mx/4.5.1/../../../../pic32mx/lib\libmchp_peripheral_32MX460F512L.a(soft_reset_lib.o)
                                 0x52 (size before relaxing)
 .comment       0x00000000       0x52 c:/program files/microchip/mplabc32/v2.02/bin/../lib/gcc/pic32mx/4.5.1/../../../../pic32mx/lib\libmchp_peripheral_32MX460F512L.a(pcache.o)
 .comment       0x00000000       0x52 c:/program files/microchip/mplabc32/v2.02/bin/../lib/gcc/pic32mx/4.5.1/../../../../pic32mx/lib\libmchp_peripheral_32MX460F512L.a(int_disable_interrupts_lib.o)
 .comment       0x00000000       0x52 c:/program files/microchip/mplabc32/v2.02/bin/../lib/gcc/pic32mx/4.5.1/../../../../pic32mx/lib\libmchp_peripheral_32MX460F512L.a(int_restore_interrupts_lib.o)
 .comment       0x00000000       0x52 c:/program files/microchip/mplabc32/v2.02/bin/../lib/gcc/pic32mx/4.5.1/../../../../pic32mx/lib\libmchp_peripheral_32MX460F512L.a(int_enable_mv_int_lib.o)
 .comment       0x00000000       0x52 c:/program files/microchip/mplabc32/v2.02/bin/../lib/gcc/pic32mx/4.5.1/../../../../pic32mx/lib\libmchp_peripheral_32MX460F512L.a(uart_lib.o)
 .comment       0x00000000       0x52 c:/program files/microchip/mplabc32/v2.02/bin/../lib/gcc/pic32mx/4.5.1/../../../../pic32mx/lib\libmchp_peripheral_32MX460F512L.a(int_enable_interrupts_lib.o)

.debug
 *(.debug)

.line
 *(.line)

.debug_srcinfo
 *(.debug_srcinfo)

.debug_sfnames
 *(.debug_sfnames)

.debug_aranges  0x00000000      0x6c0
 *(.debug_aranges)
 .debug_aranges
                0x00000000       0x20 build/default/production/_ext/1954962658/Announce.o
 .debug_aranges
                0x00000020       0x20 build/default/production/_ext/1954962658/ARP.o
 .debug_aranges
                0x00000040       0x20 build/default/production/_ext/1954962658/AutoIP.o
 .debug_aranges
                0x00000060       0x20 build/default/production/_ext/1954962658/BerkeleyAPI.o
 .debug_aranges
                0x00000080       0x20 build/default/production/_ext/1954962658/Delay.o
 .debug_aranges
                0x000000a0       0x20 build/default/production/_ext/1954962658/DHCP.o
 .debug_aranges
                0x000000c0       0x20 build/default/production/_ext/1954962658/DHCPs.o
 .debug_aranges
                0x000000e0       0x20 build/default/production/_ext/1954962658/DNS.o
 .debug_aranges
                0x00000100       0x20 build/default/production/_ext/1954962658/ENC28J60.o
 .debug_aranges
                0x00000120       0x20 build/default/production/_ext/1954962658/Hashes.o
 .debug_aranges
                0x00000140       0x20 build/default/production/_ext/1954962658/Helpers.o
 .debug_aranges
                0x00000160       0x20 build/default/production/_ext/1954962658/HTTP2.o
 .debug_aranges
                0x00000180       0x20 build/default/production/_ext/1954962658/ICMP.o
 .debug_aranges
                0x000001a0       0x20 build/default/production/_ext/1954962658/IP.o
 .debug_aranges
                0x000001c0       0x20 build/default/production/_ext/1954962658/MPFS2.o
 .debug_aranges
                0x000001e0       0x20 build/default/production/_ext/1954962658/NBNS.o
 .debug_aranges
                0x00000200       0x20 build/default/production/_ext/1954962658/Reboot.o
 .debug_aranges
                0x00000220       0x20 build/default/production/_ext/1954962658/SMTP.o
 .debug_aranges
                0x00000240       0x20 build/default/production/_ext/1954962658/SNTP.o
 .debug_aranges
                0x00000260       0x20 build/default/production/_ext/1954962658/StackTsk.o
 .debug_aranges
                0x00000280       0x20 build/default/production/_ext/1954962658/TCP.o
 .debug_aranges
                0x000002a0       0x20 build/default/production/_ext/1954962658/TCPPerformanceTest.o
 .debug_aranges
                0x000002c0       0x20 build/default/production/_ext/1954962658/Telnet.o
 .debug_aranges
                0x000002e0       0x20 build/default/production/_ext/1954962658/Tick.o
 .debug_aranges
                0x00000300       0x20 build/default/production/_ext/1954962658/UART.o
 .debug_aranges
                0x00000320       0x20 build/default/production/_ext/1954962658/UDP.o
 .debug_aranges
                0x00000340       0x20 build/default/production/_ext/1472/CustomHTTPApp.o
 .debug_aranges
                0x00000360       0x20 build/default/production/_ext/1472/MainDemo.o
 .debug_aranges
                0x00000380       0x20 build/default/production/_ext/1472/BerkeleyTCPClientDemo.o
 .debug_aranges
                0x000003a0       0x20 build/default/production/_ext/1472/BerkeleyTCPServerDemo.o
 .debug_aranges
                0x000003c0       0x20 build/default/production/_ext/1472/BerkeleyUDPClientDemo.o
 .debug_aranges
                0x000003e0       0x20 build/default/production/_ext/1472/GenericTCPClient.o
 .debug_aranges
                0x00000400       0x20 build/default/production/_ext/1472/GenericTCPServer.o
 .debug_aranges
                0x00000420       0x20 build/default/production/_ext/1472/PingDemo.o
 .debug_aranges
                0x00000440       0x20 build/default/production/_ext/1472/SMTPDemo.o
 .debug_aranges
                0x00000460       0x20 build/default/production/_ext/1472/UARTConfig.o
 .debug_aranges
                0x00000480       0x20 c:/program files/microchip/mplabc32/v2.02/bin/../lib/gcc/pic32mx/4.5.1\libgcc.a(_udivdi3.o)
 .debug_aranges
                0x000004a0       0x20 c:/program files/microchip/mplabc32/v2.02/bin/../lib/gcc/pic32mx/4.5.1/../../../../pic32mx/lib\libc.a(atoi.o)
 .debug_aranges
                0x000004c0       0x20 c:/program files/microchip/mplabc32/v2.02/bin/../lib/gcc/pic32mx/4.5.1/../../../../pic32mx/lib\libc.a(atol.o)
 .debug_aranges
                0x000004e0       0x20 c:/program files/microchip/mplabc32/v2.02/bin/../lib/gcc/pic32mx/4.5.1/../../../../pic32mx/lib\libc.a(strchr.o)
 .debug_aranges
                0x00000500       0x20 c:/program files/microchip/mplabc32/v2.02/bin/../lib/gcc/pic32mx/4.5.1/../../../../pic32mx/lib\libc.a(strstr.o)
 .debug_aranges
                0x00000520       0x20 c:/program files/microchip/mplabc32/v2.02/bin/../lib/gcc/pic32mx/4.5.1/../../../../pic32mx/lib\libc.a(default-bootstrap-exception-handler.o)
 .debug_aranges
                0x00000540       0x20 c:/program files/microchip/mplabc32/v2.02/bin/../lib/gcc/pic32mx/4.5.1/../../../../pic32mx/lib\libc.a(default-on-reset.o)
 .debug_aranges
                0x00000560       0x20 c:/program files/microchip/mplabc32/v2.02/bin/../lib/gcc/pic32mx/4.5.1/../../../../pic32mx/lib\libc.a(default-on-bootstrap.o)
 .debug_aranges
                0x00000580       0x20 c:/program files/microchip/mplabc32/v2.02/bin/../lib/gcc/pic32mx/4.5.1/../../../../pic32mx/lib\libc.a(strncmp.o)
 .debug_aranges
                0x000005a0       0x20 c:/program files/microchip/mplabc32/v2.02/bin/../lib/gcc/pic32mx/4.5.1/../../../../pic32mx/lib\libmchp_peripheral_32MX460F512L.a(soft_reset_lib.o)
 .debug_aranges
                0x000005c0       0x28 c:/program files/microchip/mplabc32/v2.02/bin/../lib/gcc/pic32mx/4.5.1/../../../../pic32mx/lib\libmchp_peripheral_32MX460F512L.a(pcache.o)
 .debug_aranges
                0x000005e8       0x20 c:/program files/microchip/mplabc32/v2.02/bin/../lib/gcc/pic32mx/4.5.1/../../../../pic32mx/lib\libmchp_peripheral_32MX460F512L.a(int_disable_interrupts_lib.o)
 .debug_aranges
                0x00000608       0x20 c:/program files/microchip/mplabc32/v2.02/bin/../lib/gcc/pic32mx/4.5.1/../../../../pic32mx/lib\libmchp_peripheral_32MX460F512L.a(int_restore_interrupts_lib.o)
 .debug_aranges
                0x00000628       0x20 c:/program files/microchip/mplabc32/v2.02/bin/../lib/gcc/pic32mx/4.5.1/../../../../pic32mx/lib\libmchp_peripheral_32MX460F512L.a(int_enable_mv_int_lib.o)
 .debug_aranges
                0x00000648       0x58 c:/program files/microchip/mplabc32/v2.02/bin/../lib/gcc/pic32mx/4.5.1/../../../../pic32mx/lib\libmchp_peripheral_32MX460F512L.a(uart_lib.o)
 .debug_aranges
                0x000006a0       0x20 c:/program files/microchip/mplabc32/v2.02/bin/../lib/gcc/pic32mx/4.5.1/../../../../pic32mx/lib\libmchp_peripheral_32MX460F512L.a(int_enable_interrupts_lib.o)

.debug_pubnames
                0x00000000     0x17cf
 *(.debug_pubnames)
 .debug_pubnames
                0x00000000       0x33 build/default/production/_ext/1954962658/Announce.o
 .debug_pubnames
                0x00000033       0x60 build/default/production/_ext/1954962658/ARP.o
 .debug_pubnames
                0x00000093       0xd2 build/default/production/_ext/1954962658/AutoIP.o
 .debug_pubnames
                0x00000165       0xa9 build/default/production/_ext/1954962658/BerkeleyAPI.o
 .debug_pubnames
                0x0000020e       0x2c build/default/production/_ext/1954962658/Delay.o
 .debug_pubnames
                0x0000023a       0xb9 build/default/production/_ext/1954962658/DHCP.o
 .debug_pubnames
                0x000002f3       0x3c build/default/production/_ext/1954962658/DHCPs.o
 .debug_pubnames
                0x0000032f       0x55 build/default/production/_ext/1954962658/DNS.o
 .debug_pubnames
                0x00000384      0x1b8 build/default/production/_ext/1954962658/ENC28J60.o
 .debug_pubnames
                0x0000053c       0x62 build/default/production/_ext/1954962658/Hashes.o
 .debug_pubnames
                0x0000059e      0x128 build/default/production/_ext/1954962658/Helpers.o
 .debug_pubnames
                0x000006c6       0xcf build/default/production/_ext/1954962658/HTTP2.o
 .debug_pubnames
                0x00000795       0x7f build/default/production/_ext/1954962658/ICMP.o
 .debug_pubnames
                0x00000814       0x44 build/default/production/_ext/1954962658/IP.o
 .debug_pubnames
                0x00000858      0x140 build/default/production/_ext/1954962658/MPFS2.o
 .debug_pubnames
                0x00000998       0x1f build/default/production/_ext/1954962658/NBNS.o
 .debug_pubnames
                0x000009b7       0x21 build/default/production/_ext/1954962658/Reboot.o
 .debug_pubnames
                0x000009d8       0xd2 build/default/production/_ext/1954962658/SMTP.o
 .debug_pubnames
                0x00000aaa       0x37 build/default/production/_ext/1954962658/SNTP.o
 .debug_pubnames
                0x00000ae1       0x53 build/default/production/_ext/1954962658/StackTsk.o
 .debug_pubnames
                0x00000b34      0x1ba build/default/production/_ext/1954962658/TCP.o
 .debug_pubnames
                0x00000cee       0x5b build/default/production/_ext/1954962658/TCPPerformanceTest.o
 .debug_pubnames
                0x00000d49       0x21 build/default/production/_ext/1954962658/Telnet.o
 .debug_pubnames
                0x00000d6a       0x7e build/default/production/_ext/1954962658/Tick.o
 .debug_pubnames
                0x00000de8       0x40 build/default/production/_ext/1954962658/UART.o
 .debug_pubnames
                0x00000e28      0x143 build/default/production/_ext/1954962658/UDP.o
 .debug_pubnames
                0x00000f6b      0x3a2 build/default/production/_ext/1472/CustomHTTPApp.o
 .debug_pubnames
                0x0000130d       0x69 build/default/production/_ext/1472/MainDemo.o
 .debug_pubnames
                0x00001376       0x2c build/default/production/_ext/1472/BerkeleyTCPClientDemo.o
 .debug_pubnames
                0x000013a2       0x2c build/default/production/_ext/1472/BerkeleyTCPServerDemo.o
 .debug_pubnames
                0x000013ce       0x4a build/default/production/_ext/1472/BerkeleyUDPClientDemo.o
 .debug_pubnames
                0x00001418       0x27 build/default/production/_ext/1472/GenericTCPClient.o
 .debug_pubnames
                0x0000143f       0x27 build/default/production/_ext/1472/GenericTCPServer.o
 .debug_pubnames
                0x00001466       0x1f build/default/production/_ext/1472/PingDemo.o
 .debug_pubnames
                0x00001485       0x1f build/default/production/_ext/1472/SMTPDemo.o
 .debug_pubnames
                0x000014a4       0x23 build/default/production/_ext/1472/UARTConfig.o
 .debug_pubnames
                0x000014c7       0x21 build/default/production/_ext/1472/MPFSImg2.o
 .debug_pubnames
                0x000014e8       0x20 c:/program files/microchip/mplabc32/v2.02/bin/../lib/gcc/pic32mx/4.5.1\libgcc.a(_udivdi3.o)
 .debug_pubnames
                0x00001508       0x1b c:/program files/microchip/mplabc32/v2.02/bin/../lib/gcc/pic32mx/4.5.1/../../../../pic32mx/lib\libc.a(atoi.o)
 .debug_pubnames
                0x00001523       0x1b c:/program files/microchip/mplabc32/v2.02/bin/../lib/gcc/pic32mx/4.5.1/../../../../pic32mx/lib\libc.a(atol.o)
 .debug_pubnames
                0x0000153e       0x1d c:/program files/microchip/mplabc32/v2.02/bin/../lib/gcc/pic32mx/4.5.1/../../../../pic32mx/lib\libc.a(strchr.o)
 .debug_pubnames
                0x0000155b       0x1d c:/program files/microchip/mplabc32/v2.02/bin/../lib/gcc/pic32mx/4.5.1/../../../../pic32mx/lib\libc.a(strstr.o)
 .debug_pubnames
                0x00001578       0x33 c:/program files/microchip/mplabc32/v2.02/bin/../lib/gcc/pic32mx/4.5.1/../../../../pic32mx/lib\libc.a(default-bootstrap-exception-handler.o)
 .debug_pubnames
                0x000015ab       0x20 c:/program files/microchip/mplabc32/v2.02/bin/../lib/gcc/pic32mx/4.5.1/../../../../pic32mx/lib\libc.a(default-on-reset.o)
 .debug_pubnames
                0x000015cb       0x24 c:/program files/microchip/mplabc32/v2.02/bin/../lib/gcc/pic32mx/4.5.1/../../../../pic32mx/lib\libc.a(default-on-bootstrap.o)
 .debug_pubnames
                0x000015ef       0x1e c:/program files/microchip/mplabc32/v2.02/bin/../lib/gcc/pic32mx/4.5.1/../../../../pic32mx/lib\libc.a(strncmp.o)
 .debug_pubnames
                0x0000160d       0x20 c:/program files/microchip/mplabc32/v2.02/bin/../lib/gcc/pic32mx/4.5.1/../../../../pic32mx/lib\libmchp_peripheral_32MX460F512L.a(soft_reset_lib.o)
 .debug_pubnames
                0x0000162d       0x3b c:/program files/microchip/mplabc32/v2.02/bin/../lib/gcc/pic32mx/4.5.1/../../../../pic32mx/lib\libmchp_peripheral_32MX460F512L.a(pcache.o)
 .debug_pubnames
                0x00001668       0x2b c:/program files/microchip/mplabc32/v2.02/bin/../lib/gcc/pic32mx/4.5.1/../../../../pic32mx/lib\libmchp_peripheral_32MX460F512L.a(int_disable_interrupts_lib.o)
 .debug_pubnames
                0x00001693       0x2b c:/program files/microchip/mplabc32/v2.02/bin/../lib/gcc/pic32mx/4.5.1/../../../../pic32mx/lib\libmchp_peripheral_32MX460F512L.a(int_restore_interrupts_lib.o)
 .debug_pubnames
                0x000016be       0x36 c:/program files/microchip/mplabc32/v2.02/bin/../lib/gcc/pic32mx/4.5.1/../../../../pic32mx/lib\libmchp_peripheral_32MX460F512L.a(int_enable_mv_int_lib.o)
 .debug_pubnames
                0x000016f4       0xb1 c:/program files/microchip/mplabc32/v2.02/bin/../lib/gcc/pic32mx/4.5.1/../../../../pic32mx/lib\libmchp_peripheral_32MX460F512L.a(uart_lib.o)
 .debug_pubnames
                0x000017a5       0x2a c:/program files/microchip/mplabc32/v2.02/bin/../lib/gcc/pic32mx/4.5.1/../../../../pic32mx/lib\libmchp_peripheral_32MX460F512L.a(int_enable_interrupts_lib.o)

.debug_info     0x00000000    0x57aa3
 *(.debug_info .gnu.linkonce.wi.*)
 .debug_info    0x00000000     0x181b build/default/production/_ext/1954962658/Announce.o
 .debug_info    0x0000181b      0xf6f build/default/production/_ext/1954962658/ARCFOUR.o
 .debug_info    0x0000278a     0x1924 build/default/production/_ext/1954962658/ARP.o
 .debug_info    0x000040ae     0x1c66 build/default/production/_ext/1954962658/AutoIP.o
 .debug_info    0x00005d14     0x2156 build/default/production/_ext/1954962658/BerkeleyAPI.o
 .debug_info    0x00007e6a      0xf6e build/default/production/_ext/1954962658/BigInt.o
 .debug_info    0x00008dd8     0x1002 build/default/production/_ext/1954962658/Delay.o
 .debug_info    0x00009dda     0x1dd6 build/default/production/_ext/1954962658/DHCP.o
 .debug_info    0x0000bbb0     0x1a67 build/default/production/_ext/1954962658/DHCPs.o
 .debug_info    0x0000d617     0x1ba9 build/default/production/_ext/1954962658/DNS.o
 .debug_info    0x0000f1c0      0xf6c build/default/production/_ext/1954962658/DNSs.o
 .debug_info    0x0001012c      0xf6e build/default/production/_ext/1954962658/DynDNS.o
 .debug_info    0x0001109a     0x3bef build/default/production/_ext/1954962658/ENC28J60.o
 .debug_info    0x00014c89      0xf72 build/default/production/_ext/1954962658/ENCX24J600.o
 .debug_info    0x00015bfb      0xf72 build/default/production/_ext/1954962658/FileSystem.o
 .debug_info    0x00016b6d      0xf6b build/default/production/_ext/1954962658/FTP.o
 .debug_info    0x00017ad8     0x133e build/default/production/_ext/1954962658/Hashes.o
 .debug_info    0x00018e16     0x1fbd build/default/production/_ext/1954962658/Helpers.o
 .debug_info    0x0001add3     0x212e build/default/production/_ext/1954962658/HTTP2.o
 .debug_info    0x0001cf01     0x18fd build/default/production/_ext/1954962658/ICMP.o
 .debug_info    0x0001e7fe     0x193a build/default/production/_ext/1954962658/IP.o
 .debug_info    0x00020138      0xf73 build/default/production/_ext/1954962658/LCDBlocking.o
 .debug_info    0x000210ab     0x1724 build/default/production/_ext/1954962658/MPFS2.o
 .debug_info    0x000227cf     0x1952 build/default/production/_ext/1954962658/NBNS.o
 .debug_info    0x00024121      0xf6e build/default/production/_ext/1954962658/Random.o
 .debug_info    0x0002508f     0x1855 build/default/production/_ext/1954962658/Reboot.o
 .debug_info    0x000268e4      0xf6b build/default/production/_ext/1954962658/RSA.o
 .debug_info    0x0002784f     0x226f build/default/production/_ext/1954962658/SMTP.o
 .debug_info    0x00029abe      0xf6c build/default/production/_ext/1954962658/SNMP.o
 .debug_info    0x0002aa2a      0xf6e build/default/production/_ext/1954962658/SNMPv3.o
 .debug_info    0x0002b998      0xf71 build/default/production/_ext/1954962658/SNMPv3USM.o
 .debug_info    0x0002c909     0x18ee build/default/production/_ext/1954962658/SNTP.o
 .debug_info    0x0002e1f7      0xf71 build/default/production/_ext/1954962658/SPIEEPROM.o
 .debug_info    0x0002f168      0xf70 build/default/production/_ext/1954962658/SPIFlash.o
 .debug_info    0x000300d8      0xf6e build/default/production/_ext/1954962658/SPIRAM.o
 .debug_info    0x00031046      0xf6b build/default/production/_ext/1954962658/SSL.o
 .debug_info    0x00031fb1     0x1830 build/default/production/_ext/1954962658/StackTsk.o
 .debug_info    0x000337e1     0x2fc4 build/default/production/_ext/1954962658/TCP.o
 .debug_info    0x000367a5     0x1690 build/default/production/_ext/1954962658/TCPPerformanceTest.o
 .debug_info    0x00037e35     0x1652 build/default/production/_ext/1954962658/Telnet.o
 .debug_info    0x00039487      0xf6d build/default/production/_ext/1954962658/TFTPc.o
 .debug_info    0x0003a3f4     0x16fc build/default/production/_ext/1954962658/Tick.o
 .debug_info    0x0003baf0      0xf76 build/default/production/_ext/1954962658/UART2TCPBridge.o
 .debug_info    0x0003ca66     0x123a build/default/production/_ext/1954962658/UART.o
 .debug_info    0x0003dca0     0x1e3b build/default/production/_ext/1954962658/UDP.o
 .debug_info    0x0003fadb      0xf7a build/default/production/_ext/1954962658/UDPPerformanceTest.o
 .debug_info    0x00040a55      0xf76 build/default/production/_ext/1954962658/ZeroconfHelper.o
 .debug_info    0x000419cb      0xf79 build/default/production/_ext/1954962658/ZeroconfLinkLocal.o
 .debug_info    0x00042944      0xf7c build/default/production/_ext/1954962658/ZeroconfMulticastDNS.o
 .debug_info    0x000438c0     0x2bdb build/default/production/_ext/1472/CustomHTTPApp.o
 .debug_info    0x0004649b      0xf59 build/default/production/_ext/1472/CustomSNMPApp.o
 .debug_info    0x000473f4      0xf59 build/default/production/_ext/1472/CustomSSLCert.o
 .debug_info    0x0004834d     0x2bb0 build/default/production/_ext/1472/MainDemo.o
 .debug_info    0x0004aefd     0x17a3 build/default/production/_ext/1472/BerkeleyTCPClientDemo.o
 .debug_info    0x0004c6a0     0x125c build/default/production/_ext/1472/BerkeleyTCPServerDemo.o
 .debug_info    0x0004d8fc     0x19ab build/default/production/_ext/1472/BerkeleyUDPClientDemo.o
 .debug_info    0x0004f2a7     0x12cf build/default/production/_ext/1472/GenericTCPClient.o
 .debug_info    0x00050576     0x10a3 build/default/production/_ext/1472/GenericTCPServer.o
 .debug_info    0x00051619     0x11ac build/default/production/_ext/1472/PingDemo.o
 .debug_info    0x000527c5     0x16d0 build/default/production/_ext/1472/SMTPDemo.o
 .debug_info    0x00053e95     0x17c8 build/default/production/_ext/1472/UARTConfig.o
 .debug_info    0x0005565d      0xf91 build/default/production/_ext/1472/MPFSImg2.o
 .debug_info    0x000565ee      0x783 c:/program files/microchip/mplabc32/v2.02/bin/../lib/gcc/pic32mx/4.5.1\libgcc.a(_udivdi3.o)
 .debug_info    0x00056d71       0xcd c:/program files/microchip/mplabc32/v2.02/bin/../lib/gcc/pic32mx/4.5.1/../../../../pic32mx/lib\libc.a(atoi.o)
 .debug_info    0x00056e3e       0xcd c:/program files/microchip/mplabc32/v2.02/bin/../lib/gcc/pic32mx/4.5.1/../../../../pic32mx/lib\libc.a(atol.o)
 .debug_info    0x00056f0b        0x0 c:/program files/microchip/mplabc32/v2.02/bin/../lib/gcc/pic32mx/4.5.1/../../../../pic32mx/lib\libc.a(ctype.o)
 .debug_info    0x00056f0b       0xd1 c:/program files/microchip/mplabc32/v2.02/bin/../lib/gcc/pic32mx/4.5.1/../../../../pic32mx/lib\libc.a(strchr.o)
 .debug_info    0x00056fdc       0xd1 c:/program files/microchip/mplabc32/v2.02/bin/../lib/gcc/pic32mx/4.5.1/../../../../pic32mx/lib\libc.a(strstr.o)
 .debug_info    0x000570ad      0x106 c:/program files/microchip/mplabc32/v2.02/bin/../lib/gcc/pic32mx/4.5.1/../../../../pic32mx/lib\libc.a(default-bootstrap-exception-handler.o)
 .debug_info    0x000571b3       0xe0 c:/program files/microchip/mplabc32/v2.02/bin/../lib/gcc/pic32mx/4.5.1/../../../../pic32mx/lib\libc.a(default-on-reset.o)
 .debug_info    0x00057293       0xe8 c:/program files/microchip/mplabc32/v2.02/bin/../lib/gcc/pic32mx/4.5.1/../../../../pic32mx/lib\libc.a(default-on-bootstrap.o)
 .debug_info    0x0005737b       0xd3 c:/program files/microchip/mplabc32/v2.02/bin/../lib/gcc/pic32mx/4.5.1/../../../../pic32mx/lib\libc.a(strncmp.o)
 .debug_info    0x0005744e       0xc7 c:/program files/microchip/mplabc32/v2.02/bin/../lib/gcc/pic32mx/4.5.1/../../../../pic32mx/lib\libmchp_peripheral_32MX460F512L.a(soft_reset_lib.o)
 .debug_info    0x00057515       0xd4 c:/program files/microchip/mplabc32/v2.02/bin/../lib/gcc/pic32mx/4.5.1/../../../../pic32mx/lib\libmchp_peripheral_32MX460F512L.a(pcache.o)
 .debug_info    0x000575e9       0xcb c:/program files/microchip/mplabc32/v2.02/bin/../lib/gcc/pic32mx/4.5.1/../../../../pic32mx/lib\libmchp_peripheral_32MX460F512L.a(int_disable_interrupts_lib.o)
 .debug_info    0x000576b4       0xcb c:/program files/microchip/mplabc32/v2.02/bin/../lib/gcc/pic32mx/4.5.1/../../../../pic32mx/lib\libmchp_peripheral_32MX460F512L.a(int_restore_interrupts_lib.o)
 .debug_info    0x0005777f       0xd1 c:/program files/microchip/mplabc32/v2.02/bin/../lib/gcc/pic32mx/4.5.1/../../../../pic32mx/lib\libmchp_peripheral_32MX460F512L.a(int_enable_mv_int_lib.o)
 .debug_info    0x00057850      0x18a c:/program files/microchip/mplabc32/v2.02/bin/../lib/gcc/pic32mx/4.5.1/../../../../pic32mx/lib\libmchp_peripheral_32MX460F512L.a(uart_lib.o)
 .debug_info    0x000579da       0xc9 c:/program files/microchip/mplabc32/v2.02/bin/../lib/gcc/pic32mx/4.5.1/../../../../pic32mx/lib\libmchp_peripheral_32MX460F512L.a(int_enable_interrupts_lib.o)

.debug_abbrev   0x00000000     0x7978
 *(.debug_abbrev)
 .debug_abbrev  0x00000000      0x1e5 build/default/production/_ext/1954962658/Announce.o
 .debug_abbrev  0x000001e5      0x166 build/default/production/_ext/1954962658/ARCFOUR.o
 .debug_abbrev  0x0000034b      0x266 build/default/production/_ext/1954962658/ARP.o
 .debug_abbrev  0x000005b1      0x25b build/default/production/_ext/1954962658/AutoIP.o
 .debug_abbrev  0x0000080c      0x2cc build/default/production/_ext/1954962658/BerkeleyAPI.o
 .debug_abbrev  0x00000ad8      0x166 build/default/production/_ext/1954962658/BigInt.o
 .debug_abbrev  0x00000c3e      0x19b build/default/production/_ext/1954962658/Delay.o
 .debug_abbrev  0x00000dd9      0x299 build/default/production/_ext/1954962658/DHCP.o
 .debug_abbrev  0x00001072      0x221 build/default/production/_ext/1954962658/DHCPs.o
 .debug_abbrev  0x00001293      0x262 build/default/production/_ext/1954962658/DNS.o
 .debug_abbrev  0x000014f5      0x166 build/default/production/_ext/1954962658/DNSs.o
 .debug_abbrev  0x0000165b      0x166 build/default/production/_ext/1954962658/DynDNS.o
 .debug_abbrev  0x000017c1      0x308 build/default/production/_ext/1954962658/ENC28J60.o
 .debug_abbrev  0x00001ac9      0x166 build/default/production/_ext/1954962658/ENCX24J600.o
 .debug_abbrev  0x00001c2f      0x166 build/default/production/_ext/1954962658/FileSystem.o
 .debug_abbrev  0x00001d95      0x166 build/default/production/_ext/1954962658/FTP.o
 .debug_abbrev  0x00001efb      0x233 build/default/production/_ext/1954962658/Hashes.o
 .debug_abbrev  0x0000212e      0x24d build/default/production/_ext/1954962658/Helpers.o
 .debug_abbrev  0x0000237b      0x2c3 build/default/production/_ext/1954962658/HTTP2.o
 .debug_abbrev  0x0000263e      0x246 build/default/production/_ext/1954962658/ICMP.o
 .debug_abbrev  0x00002884      0x242 build/default/production/_ext/1954962658/IP.o
 .debug_abbrev  0x00002ac6      0x166 build/default/production/_ext/1954962658/LCDBlocking.o
 .debug_abbrev  0x00002c2c      0x28e build/default/production/_ext/1954962658/MPFS2.o
 .debug_abbrev  0x00002eba      0x23c build/default/production/_ext/1954962658/NBNS.o
 .debug_abbrev  0x000030f6      0x166 build/default/production/_ext/1954962658/Random.o
 .debug_abbrev  0x0000325c      0x1b1 build/default/production/_ext/1954962658/Reboot.o
 .debug_abbrev  0x0000340d      0x166 build/default/production/_ext/1954962658/RSA.o
 .debug_abbrev  0x00003573      0x2da build/default/production/_ext/1954962658/SMTP.o
 .debug_abbrev  0x0000384d      0x166 build/default/production/_ext/1954962658/SNMP.o
 .debug_abbrev  0x000039b3      0x166 build/default/production/_ext/1954962658/SNMPv3.o
 .debug_abbrev  0x00003b19      0x166 build/default/production/_ext/1954962658/SNMPv3USM.o
 .debug_abbrev  0x00003c7f      0x1ef build/default/production/_ext/1954962658/SNTP.o
 .debug_abbrev  0x00003e6e      0x166 build/default/production/_ext/1954962658/SPIEEPROM.o
 .debug_abbrev  0x00003fd4      0x166 build/default/production/_ext/1954962658/SPIFlash.o
 .debug_abbrev  0x0000413a      0x166 build/default/production/_ext/1954962658/SPIRAM.o
 .debug_abbrev  0x000042a0      0x166 build/default/production/_ext/1954962658/SSL.o
 .debug_abbrev  0x00004406      0x21a build/default/production/_ext/1954962658/StackTsk.o
 .debug_abbrev  0x00004620      0x2d2 build/default/production/_ext/1954962658/TCP.o
 .debug_abbrev  0x000048f2      0x20a build/default/production/_ext/1954962658/TCPPerformanceTest.o
 .debug_abbrev  0x00004afc      0x1d2 build/default/production/_ext/1954962658/Telnet.o
 .debug_abbrev  0x00004cce      0x166 build/default/production/_ext/1954962658/TFTPc.o
 .debug_abbrev  0x00004e34      0x214 build/default/production/_ext/1954962658/Tick.o
 .debug_abbrev  0x00005048      0x166 build/default/production/_ext/1954962658/UART2TCPBridge.o
 .debug_abbrev  0x000051ae      0x266 build/default/production/_ext/1954962658/UART.o
 .debug_abbrev  0x00005414      0x2e1 build/default/production/_ext/1954962658/UDP.o
 .debug_abbrev  0x000056f5      0x166 build/default/production/_ext/1954962658/UDPPerformanceTest.o
 .debug_abbrev  0x0000585b      0x166 build/default/production/_ext/1954962658/ZeroconfHelper.o
 .debug_abbrev  0x000059c1      0x166 build/default/production/_ext/1954962658/ZeroconfLinkLocal.o
 .debug_abbrev  0x00005b27      0x166 build/default/production/_ext/1954962658/ZeroconfMulticastDNS.o
 .debug_abbrev  0x00005c8d      0x2d7 build/default/production/_ext/1472/CustomHTTPApp.o
 .debug_abbrev  0x00005f64      0x166 build/default/production/_ext/1472/CustomSNMPApp.o
 .debug_abbrev  0x000060ca      0x166 build/default/production/_ext/1472/CustomSSLCert.o
 .debug_abbrev  0x00006230      0x379 build/default/production/_ext/1472/MainDemo.o
 .debug_abbrev  0x000065a9      0x1e3 build/default/production/_ext/1472/BerkeleyTCPClientDemo.o
 .debug_abbrev  0x0000678c      0x1c7 build/default/production/_ext/1472/BerkeleyTCPServerDemo.o
 .debug_abbrev  0x00006953      0x20b build/default/production/_ext/1472/BerkeleyUDPClientDemo.o
 .debug_abbrev  0x00006b5e      0x1ad build/default/production/_ext/1472/GenericTCPClient.o
 .debug_abbrev  0x00006d0b      0x1ad build/default/production/_ext/1472/GenericTCPServer.o
 .debug_abbrev  0x00006eb8      0x1a2 build/default/production/_ext/1472/PingDemo.o
 .debug_abbrev  0x0000705a      0x1e5 build/default/production/_ext/1472/SMTPDemo.o
 .debug_abbrev  0x0000723f      0x22e build/default/production/_ext/1472/UARTConfig.o
 .debug_abbrev  0x0000746d      0x180 build/default/production/_ext/1472/MPFSImg2.o
 .debug_abbrev  0x000075ed      0x13d c:/program files/microchip/mplabc32/v2.02/bin/../lib/gcc/pic32mx/4.5.1\libgcc.a(_udivdi3.o)
 .debug_abbrev  0x0000772a       0x25 c:/program files/microchip/mplabc32/v2.02/bin/../lib/gcc/pic32mx/4.5.1/../../../../pic32mx/lib\libc.a(atoi.o)
 .debug_abbrev  0x0000774f       0x25 c:/program files/microchip/mplabc32/v2.02/bin/../lib/gcc/pic32mx/4.5.1/../../../../pic32mx/lib\libc.a(atol.o)
 .debug_abbrev  0x00007774        0x1 c:/program files/microchip/mplabc32/v2.02/bin/../lib/gcc/pic32mx/4.5.1/../../../../pic32mx/lib\libc.a(ctype.o)
 .debug_abbrev  0x00007775       0x25 c:/program files/microchip/mplabc32/v2.02/bin/../lib/gcc/pic32mx/4.5.1/../../../../pic32mx/lib\libc.a(strchr.o)
 .debug_abbrev  0x0000779a       0x25 c:/program files/microchip/mplabc32/v2.02/bin/../lib/gcc/pic32mx/4.5.1/../../../../pic32mx/lib\libc.a(strstr.o)
 .debug_abbrev  0x000077bf       0x25 c:/program files/microchip/mplabc32/v2.02/bin/../lib/gcc/pic32mx/4.5.1/../../../../pic32mx/lib\libc.a(default-bootstrap-exception-handler.o)
 .debug_abbrev  0x000077e4       0x25 c:/program files/microchip/mplabc32/v2.02/bin/../lib/gcc/pic32mx/4.5.1/../../../../pic32mx/lib\libc.a(default-on-reset.o)
 .debug_abbrev  0x00007809       0x25 c:/program files/microchip/mplabc32/v2.02/bin/../lib/gcc/pic32mx/4.5.1/../../../../pic32mx/lib\libc.a(default-on-bootstrap.o)
 .debug_abbrev  0x0000782e       0x25 c:/program files/microchip/mplabc32/v2.02/bin/../lib/gcc/pic32mx/4.5.1/../../../../pic32mx/lib\libc.a(strncmp.o)
 .debug_abbrev  0x00007853       0x34 c:/program files/microchip/mplabc32/v2.02/bin/../lib/gcc/pic32mx/4.5.1/../../../../pic32mx/lib\libmchp_peripheral_32MX460F512L.a(soft_reset_lib.o)
 .debug_abbrev  0x00007887       0x25 c:/program files/microchip/mplabc32/v2.02/bin/../lib/gcc/pic32mx/4.5.1/../../../../pic32mx/lib\libmchp_peripheral_32MX460F512L.a(pcache.o)
 .debug_abbrev  0x000078ac       0x25 c:/program files/microchip/mplabc32/v2.02/bin/../lib/gcc/pic32mx/4.5.1/../../../../pic32mx/lib\libmchp_peripheral_32MX460F512L.a(int_disable_interrupts_lib.o)
 .debug_abbrev  0x000078d1       0x25 c:/program files/microchip/mplabc32/v2.02/bin/../lib/gcc/pic32mx/4.5.1/../../../../pic32mx/lib\libmchp_peripheral_32MX460F512L.a(int_restore_interrupts_lib.o)
 .debug_abbrev  0x000078f6       0x25 c:/program files/microchip/mplabc32/v2.02/bin/../lib/gcc/pic32mx/4.5.1/../../../../pic32mx/lib\libmchp_peripheral_32MX460F512L.a(int_enable_mv_int_lib.o)
 .debug_abbrev  0x0000791b       0x38 c:/program files/microchip/mplabc32/v2.02/bin/../lib/gcc/pic32mx/4.5.1/../../../../pic32mx/lib\libmchp_peripheral_32MX460F512L.a(uart_lib.o)
 .debug_abbrev  0x00007953       0x25 c:/program files/microchip/mplabc32/v2.02/bin/../lib/gcc/pic32mx/4.5.1/../../../../pic32mx/lib\libmchp_peripheral_32MX460F512L.a(int_enable_interrupts_lib.o)

.debug_line     0x00000000     0x9767
 *(.debug_line)
 .debug_line    0x00000000      0x220 build/default/production/_ext/1954962658/Announce.o
 .debug_line    0x00000220      0x140 build/default/production/_ext/1954962658/ARCFOUR.o
 .debug_line    0x00000360      0x24c build/default/production/_ext/1954962658/ARP.o
 .debug_line    0x000005ac      0x2f9 build/default/production/_ext/1954962658/AutoIP.o
 .debug_line    0x000008a5      0x409 build/default/production/_ext/1954962658/BerkeleyAPI.o
 .debug_line    0x00000cae      0x140 build/default/production/_ext/1954962658/BigInt.o
 .debug_line    0x00000dee      0x18e build/default/production/_ext/1954962658/Delay.o
 .debug_line    0x00000f7c      0x3ed build/default/production/_ext/1954962658/DHCP.o
 .debug_line    0x00001369      0x2e2 build/default/production/_ext/1954962658/DHCPs.o
 .debug_line    0x0000164b      0x323 build/default/production/_ext/1954962658/DNS.o
 .debug_line    0x0000196e      0x140 build/default/production/_ext/1954962658/DNSs.o
 .debug_line    0x00001aae      0x140 build/default/production/_ext/1954962658/DynDNS.o
 .debug_line    0x00001bee      0x5a4 build/default/production/_ext/1954962658/ENC28J60.o
 .debug_line    0x00002192      0x140 build/default/production/_ext/1954962658/ENCX24J600.o
 .debug_line    0x000022d2      0x140 build/default/production/_ext/1954962658/FileSystem.o
 .debug_line    0x00002412      0x140 build/default/production/_ext/1954962658/FTP.o
 .debug_line    0x00002552      0x24c build/default/production/_ext/1954962658/Hashes.o
 .debug_line    0x0000279e      0x420 build/default/production/_ext/1954962658/Helpers.o
 .debug_line    0x00002bbe      0x659 build/default/production/_ext/1954962658/HTTP2.o
 .debug_line    0x00003217      0x24b build/default/production/_ext/1954962658/ICMP.o
 .debug_line    0x00003462      0x200 build/default/production/_ext/1954962658/IP.o
 .debug_line    0x00003662      0x140 build/default/production/_ext/1954962658/LCDBlocking.o
 .debug_line    0x000037a2      0x37b build/default/production/_ext/1954962658/MPFS2.o
 .debug_line    0x00003b1d      0x257 build/default/production/_ext/1954962658/NBNS.o
 .debug_line    0x00003d74      0x140 build/default/production/_ext/1954962658/Random.o
 .debug_line    0x00003eb4      0x1d9 build/default/production/_ext/1954962658/Reboot.o
 .debug_line    0x0000408d      0x140 build/default/production/_ext/1954962658/RSA.o
 .debug_line    0x000041cd      0x58f build/default/production/_ext/1954962658/SMTP.o
 .debug_line    0x0000475c      0x140 build/default/production/_ext/1954962658/SNMP.o
 .debug_line    0x0000489c      0x140 build/default/production/_ext/1954962658/SNMPv3.o
 .debug_line    0x000049dc      0x140 build/default/production/_ext/1954962658/SNMPv3USM.o
 .debug_line    0x00004b1c      0x23a build/default/production/_ext/1954962658/SNTP.o
 .debug_line    0x00004d56      0x140 build/default/production/_ext/1954962658/SPIEEPROM.o
 .debug_line    0x00004e96      0x140 build/default/production/_ext/1954962658/SPIFlash.o
 .debug_line    0x00004fd6      0x140 build/default/production/_ext/1954962658/SPIRAM.o
 .debug_line    0x00005116      0x140 build/default/production/_ext/1954962658/SSL.o
 .debug_line    0x00005256      0x229 build/default/production/_ext/1954962658/StackTsk.o
 .debug_line    0x0000547f      0xb48 build/default/production/_ext/1954962658/TCP.o
 .debug_line    0x00005fc7      0x24e build/default/production/_ext/1954962658/TCPPerformanceTest.o
 .debug_line    0x00006215      0x298 build/default/production/_ext/1954962658/Telnet.o
 .debug_line    0x000064ad      0x140 build/default/production/_ext/1954962658/TFTPc.o
 .debug_line    0x000065ed      0x1cd build/default/production/_ext/1954962658/Tick.o
 .debug_line    0x000067ba      0x140 build/default/production/_ext/1954962658/UART2TCPBridge.o
 .debug_line    0x000068fa      0x1ed build/default/production/_ext/1954962658/UART.o
 .debug_line    0x00006ae7      0x2f8 build/default/production/_ext/1954962658/UDP.o
 .debug_line    0x00006ddf      0x140 build/default/production/_ext/1954962658/UDPPerformanceTest.o
 .debug_line    0x00006f1f      0x140 build/default/production/_ext/1954962658/ZeroconfHelper.o
 .debug_line    0x0000705f      0x140 build/default/production/_ext/1954962658/ZeroconfLinkLocal.o
 .debug_line    0x0000719f      0x140 build/default/production/_ext/1954962658/ZeroconfMulticastDNS.o
 .debug_line    0x000072df      0x5aa build/default/production/_ext/1472/CustomHTTPApp.o
 .debug_line    0x00007889      0x140 build/default/production/_ext/1472/CustomSNMPApp.o
 .debug_line    0x000079c9      0x140 build/default/production/_ext/1472/CustomSSLCert.o
 .debug_line    0x00007b09      0x317 build/default/production/_ext/1472/MainDemo.o
 .debug_line    0x00007e20      0x1ef build/default/production/_ext/1472/BerkeleyTCPClientDemo.o
 .debug_line    0x0000800f      0x1eb build/default/production/_ext/1472/BerkeleyTCPServerDemo.o
 .debug_line    0x000081fa      0x217 build/default/production/_ext/1472/BerkeleyUDPClientDemo.o
 .debug_line    0x00008411      0x1f1 build/default/production/_ext/1472/GenericTCPClient.o
 .debug_line    0x00008602      0x1d6 build/default/production/_ext/1472/GenericTCPServer.o
 .debug_line    0x000087d8      0x188 build/default/production/_ext/1472/PingDemo.o
 .debug_line    0x00008960      0x1d1 build/default/production/_ext/1472/SMTPDemo.o
 .debug_line    0x00008b31      0x21e build/default/production/_ext/1472/UARTConfig.o
 .debug_line    0x00008d4f      0x151 build/default/production/_ext/1472/MPFSImg2.o
 .debug_line    0x00008ea0      0x112 c:/program files/microchip/mplabc32/v2.02/bin/../lib/gcc/pic32mx/4.5.1\libgcc.a(_udivdi3.o)
 .debug_line    0x00008fb2       0x85 c:/program files/microchip/mplabc32/v2.02/bin/../lib/gcc/pic32mx/4.5.1/../../../../pic32mx/lib\libc.a(atoi.o)
 .debug_line    0x00009037       0x85 c:/program files/microchip/mplabc32/v2.02/bin/../lib/gcc/pic32mx/4.5.1/../../../../pic32mx/lib\libc.a(atol.o)
 .debug_line    0x000090bc        0x0 c:/program files/microchip/mplabc32/v2.02/bin/../lib/gcc/pic32mx/4.5.1/../../../../pic32mx/lib\libc.a(ctype.o)
 .debug_line    0x000090bc       0x87 c:/program files/microchip/mplabc32/v2.02/bin/../lib/gcc/pic32mx/4.5.1/../../../../pic32mx/lib\libc.a(strchr.o)
 .debug_line    0x00009143       0x87 c:/program files/microchip/mplabc32/v2.02/bin/../lib/gcc/pic32mx/4.5.1/../../../../pic32mx/lib\libc.a(strstr.o)
 .debug_line    0x000091ca       0xa6 c:/program files/microchip/mplabc32/v2.02/bin/../lib/gcc/pic32mx/4.5.1/../../../../pic32mx/lib\libc.a(default-bootstrap-exception-handler.o)
 .debug_line    0x00009270       0x93 c:/program files/microchip/mplabc32/v2.02/bin/../lib/gcc/pic32mx/4.5.1/../../../../pic32mx/lib\libc.a(default-on-reset.o)
 .debug_line    0x00009303       0x97 c:/program files/microchip/mplabc32/v2.02/bin/../lib/gcc/pic32mx/4.5.1/../../../../pic32mx/lib\libc.a(default-on-bootstrap.o)
 .debug_line    0x0000939a       0x88 c:/program files/microchip/mplabc32/v2.02/bin/../lib/gcc/pic32mx/4.5.1/../../../../pic32mx/lib\libc.a(strncmp.o)
 .debug_line    0x00009422       0xbb c:/program files/microchip/mplabc32/v2.02/bin/../lib/gcc/pic32mx/4.5.1/../../../../pic32mx/lib\libmchp_peripheral_32MX460F512L.a(soft_reset_lib.o)
 .debug_line    0x000094dd       0x62 c:/program files/microchip/mplabc32/v2.02/bin/../lib/gcc/pic32mx/4.5.1/../../../../pic32mx/lib\libmchp_peripheral_32MX460F512L.a(pcache.o)
 .debug_line    0x0000953f       0x73 c:/program files/microchip/mplabc32/v2.02/bin/../lib/gcc/pic32mx/4.5.1/../../../../pic32mx/lib\libmchp_peripheral_32MX460F512L.a(int_disable_interrupts_lib.o)
 .debug_line    0x000095b2       0x73 c:/program files/microchip/mplabc32/v2.02/bin/../lib/gcc/pic32mx/4.5.1/../../../../pic32mx/lib\libmchp_peripheral_32MX460F512L.a(int_restore_interrupts_lib.o)
 .debug_line    0x00009625       0x6e c:/program files/microchip/mplabc32/v2.02/bin/../lib/gcc/pic32mx/4.5.1/../../../../pic32mx/lib\libmchp_peripheral_32MX460F512L.a(int_enable_mv_int_lib.o)
 .debug_line    0x00009693       0x62 c:/program files/microchip/mplabc32/v2.02/bin/../lib/gcc/pic32mx/4.5.1/../../../../pic32mx/lib\libmchp_peripheral_32MX460F512L.a(uart_lib.o)
 .debug_line    0x000096f5       0x72 c:/program files/microchip/mplabc32/v2.02/bin/../lib/gcc/pic32mx/4.5.1/../../../../pic32mx/lib\libmchp_peripheral_32MX460F512L.a(int_enable_interrupts_lib.o)

.debug_frame    0x00000000     0x240c
 *(.debug_frame)
 .debug_frame   0x00000000       0x48 build/default/production/_ext/1954962658/Announce.o
 .debug_frame   0x00000048       0xb0 build/default/production/_ext/1954962658/ARP.o
 .debug_frame   0x000000f8      0x118 build/default/production/_ext/1954962658/AutoIP.o
 .debug_frame   0x00000210      0x174 build/default/production/_ext/1954962658/BerkeleyAPI.o
 .debug_frame   0x00000384       0x44 build/default/production/_ext/1954962658/Delay.o
 .debug_frame   0x000003c8      0x114 build/default/production/_ext/1954962658/DHCP.o
 .debug_frame   0x000004dc       0x64 build/default/production/_ext/1954962658/DHCPs.o
 .debug_frame   0x00000540       0xb4 build/default/production/_ext/1954962658/DNS.o
 .debug_frame   0x000005f4      0x36c build/default/production/_ext/1954962658/ENC28J60.o
 .debug_frame   0x00000960       0x94 build/default/production/_ext/1954962658/Hashes.o
 .debug_frame   0x000009f4      0x1cc build/default/production/_ext/1954962658/Helpers.o
 .debug_frame   0x00000bc0      0x1ec build/default/production/_ext/1954962658/HTTP2.o
 .debug_frame   0x00000dac       0xb0 build/default/production/_ext/1954962658/ICMP.o
 .debug_frame   0x00000e5c       0x80 build/default/production/_ext/1954962658/IP.o
 .debug_frame   0x00000edc      0x230 build/default/production/_ext/1954962658/MPFS2.o
 .debug_frame   0x0000110c       0x64 build/default/production/_ext/1954962658/NBNS.o
 .debug_frame   0x00001170       0x2c build/default/production/_ext/1954962658/Reboot.o
 .debug_frame   0x0000119c      0x168 build/default/production/_ext/1954962658/SMTP.o
 .debug_frame   0x00001304       0x48 build/default/production/_ext/1954962658/SNTP.o
 .debug_frame   0x0000134c       0x64 build/default/production/_ext/1954962658/StackTsk.o
 .debug_frame   0x000013b0      0x39c build/default/production/_ext/1954962658/TCP.o
 .debug_frame   0x0000174c       0x80 build/default/production/_ext/1954962658/TCPPerformanceTest.o
 .debug_frame   0x000017cc       0x2c build/default/production/_ext/1954962658/Telnet.o
 .debug_frame   0x000017f8       0xcc build/default/production/_ext/1954962658/Tick.o
 .debug_frame   0x000018c4       0x58 build/default/production/_ext/1954962658/UART.o
 .debug_frame   0x0000191c      0x1e4 build/default/production/_ext/1954962658/UDP.o
 .debug_frame   0x00001b00      0x45c build/default/production/_ext/1472/CustomHTTPApp.o
 .debug_frame   0x00001f5c       0xb4 build/default/production/_ext/1472/MainDemo.o
 .debug_frame   0x00002010       0x30 build/default/production/_ext/1472/BerkeleyTCPClientDemo.o
 .debug_frame   0x00002040       0x2c build/default/production/_ext/1472/BerkeleyTCPServerDemo.o
 .debug_frame   0x0000206c       0x48 build/default/production/_ext/1472/BerkeleyUDPClientDemo.o
 .debug_frame   0x000020b4       0x2c build/default/production/_ext/1472/GenericTCPClient.o
 .debug_frame   0x000020e0       0x2c build/default/production/_ext/1472/GenericTCPServer.o
 .debug_frame   0x0000210c       0x2c build/default/production/_ext/1472/PingDemo.o
 .debug_frame   0x00002138       0x2c build/default/production/_ext/1472/SMTPDemo.o
 .debug_frame   0x00002164       0x2c build/default/production/_ext/1472/UARTConfig.o
 .debug_frame   0x00002190       0x20 c:/program files/microchip/mplabc32/v2.02/bin/../lib/gcc/pic32mx/4.5.1/../../../../pic32mx/lib\libc.a(atoi.o)
 .debug_frame   0x000021b0       0x20 c:/program files/microchip/mplabc32/v2.02/bin/../lib/gcc/pic32mx/4.5.1/../../../../pic32mx/lib\libc.a(atol.o)
 .debug_frame   0x000021d0       0x20 c:/program files/microchip/mplabc32/v2.02/bin/../lib/gcc/pic32mx/4.5.1/../../../../pic32mx/lib\libc.a(strchr.o)
 .debug_frame   0x000021f0       0x2c c:/program files/microchip/mplabc32/v2.02/bin/../lib/gcc/pic32mx/4.5.1/../../../../pic32mx/lib\libc.a(strstr.o)
 .debug_frame   0x0000221c       0x20 c:/program files/microchip/mplabc32/v2.02/bin/../lib/gcc/pic32mx/4.5.1/../../../../pic32mx/lib\libc.a(default-bootstrap-exception-handler.o)
 .debug_frame   0x0000223c       0x20 c:/program files/microchip/mplabc32/v2.02/bin/../lib/gcc/pic32mx/4.5.1/../../../../pic32mx/lib\libc.a(default-on-reset.o)
 .debug_frame   0x0000225c       0x20 c:/program files/microchip/mplabc32/v2.02/bin/../lib/gcc/pic32mx/4.5.1/../../../../pic32mx/lib\libc.a(default-on-bootstrap.o)
 .debug_frame   0x0000227c       0x20 c:/program files/microchip/mplabc32/v2.02/bin/../lib/gcc/pic32mx/4.5.1/../../../../pic32mx/lib\libc.a(strncmp.o)
 .debug_frame   0x0000229c       0x28 c:/program files/microchip/mplabc32/v2.02/bin/../lib/gcc/pic32mx/4.5.1/../../../../pic32mx/lib\libmchp_peripheral_32MX460F512L.a(soft_reset_lib.o)
 .debug_frame   0x000022c4       0x30 c:/program files/microchip/mplabc32/v2.02/bin/../lib/gcc/pic32mx/4.5.1/../../../../pic32mx/lib\libmchp_peripheral_32MX460F512L.a(pcache.o)
 .debug_frame   0x000022f4       0x20 c:/program files/microchip/mplabc32/v2.02/bin/../lib/gcc/pic32mx/4.5.1/../../../../pic32mx/lib\libmchp_peripheral_32MX460F512L.a(int_disable_interrupts_lib.o)
 .debug_frame   0x00002314       0x20 c:/program files/microchip/mplabc32/v2.02/bin/../lib/gcc/pic32mx/4.5.1/../../../../pic32mx/lib\libmchp_peripheral_32MX460F512L.a(int_restore_interrupts_lib.o)
 .debug_frame   0x00002334       0x28 c:/program files/microchip/mplabc32/v2.02/bin/../lib/gcc/pic32mx/4.5.1/../../../../pic32mx/lib\libmchp_peripheral_32MX460F512L.a(int_enable_mv_int_lib.o)
 .debug_frame   0x0000235c       0x90 c:/program files/microchip/mplabc32/v2.02/bin/../lib/gcc/pic32mx/4.5.1/../../../../pic32mx/lib\libmchp_peripheral_32MX460F512L.a(uart_lib.o)
 .debug_frame   0x000023ec       0x20 c:/program files/microchip/mplabc32/v2.02/bin/../lib/gcc/pic32mx/4.5.1/../../../../pic32mx/lib\libmchp_peripheral_32MX460F512L.a(int_enable_interrupts_lib.o)

.debug_str      0x00000000     0x3d2b
 *(.debug_str)
 .debug_str     0x00000000      0x10e build/default/production/_ext/1954962658/Announce.o
 .debug_str     0x0000010e       0xe2 build/default/production/_ext/1954962658/ARCFOUR.o
 .debug_str     0x000001f0       0xfa build/default/production/_ext/1954962658/ARP.o
 .debug_str     0x000002ea       0xf7 build/default/production/_ext/1954962658/AutoIP.o
 .debug_str     0x000003e1      0x13c build/default/production/_ext/1954962658/BerkeleyAPI.o
 .debug_str     0x0000051d       0xe2 build/default/production/_ext/1954962658/BigInt.o
 .debug_str     0x000005ff       0xe2 build/default/production/_ext/1954962658/Delay.o
 .debug_str     0x000006e1      0x12a build/default/production/_ext/1954962658/DHCP.o
 .debug_str     0x0000080b      0x118 build/default/production/_ext/1954962658/DHCPs.o
 .debug_str     0x00000923       0xec build/default/production/_ext/1954962658/DNS.o
 .debug_str     0x00000a0f       0xe2 build/default/production/_ext/1954962658/DNSs.o
 .debug_str     0x00000af1       0xe2 build/default/production/_ext/1954962658/DynDNS.o
 .debug_str     0x00000bd3      0x199 build/default/production/_ext/1954962658/ENC28J60.o
 .debug_str     0x00000d6c       0xe2 build/default/production/_ext/1954962658/ENCX24J600.o
 .debug_str     0x00000e4e       0xe2 build/default/production/_ext/1954962658/FileSystem.o
 .debug_str     0x00000f30       0xe2 build/default/production/_ext/1954962658/FTP.o
 .debug_str     0x00001012       0xf3 build/default/production/_ext/1954962658/Hashes.o
 .debug_str     0x00001105      0x11f build/default/production/_ext/1954962658/Helpers.o
 .debug_str     0x00001224      0x10e build/default/production/_ext/1954962658/HTTP2.o
 .debug_str     0x00001332       0xe2 build/default/production/_ext/1954962658/ICMP.o
 .debug_str     0x00001414       0xf5 build/default/production/_ext/1954962658/IP.o
 .debug_str     0x00001509       0xe2 build/default/production/_ext/1954962658/LCDBlocking.o
 .debug_str     0x000015eb      0x106 build/default/production/_ext/1954962658/MPFS2.o
 .debug_str     0x000016f1      0x105 build/default/production/_ext/1954962658/NBNS.o
 .debug_str     0x000017f6       0xe2 build/default/production/_ext/1954962658/Random.o
 .debug_str     0x000018d8      0x100 build/default/production/_ext/1954962658/Reboot.o
 .debug_str     0x000019d8       0xe2 build/default/production/_ext/1954962658/RSA.o
 .debug_str     0x00001aba      0x135 build/default/production/_ext/1954962658/SMTP.o
 .debug_str     0x00001bef       0xe2 build/default/production/_ext/1954962658/SNMP.o
 .debug_str     0x00001cd1       0xe2 build/default/production/_ext/1954962658/SNMPv3.o
 .debug_str     0x00001db3       0xe2 build/default/production/_ext/1954962658/SNMPv3USM.o
 .debug_str     0x00001e95       0xe2 build/default/production/_ext/1954962658/SNTP.o
 .debug_str     0x00001f77       0xe2 build/default/production/_ext/1954962658/SPIEEPROM.o
 .debug_str     0x00002059       0xe2 build/default/production/_ext/1954962658/SPIFlash.o
 .debug_str     0x0000213b       0xe2 build/default/production/_ext/1954962658/SPIRAM.o
 .debug_str     0x0000221d       0xe2 build/default/production/_ext/1954962658/SSL.o
 .debug_str     0x000022ff       0xf7 build/default/production/_ext/1954962658/StackTsk.o
 .debug_str     0x000023f6      0x1ad build/default/production/_ext/1954962658/TCP.o
 .debug_str     0x000025a3       0xf7 build/default/production/_ext/1954962658/TCPPerformanceTest.o
 .debug_str     0x0000269a       0xff build/default/production/_ext/1954962658/Telnet.o
 .debug_str     0x00002799       0xe2 build/default/production/_ext/1954962658/TFTPc.o
 .debug_str     0x0000287b       0xfe build/default/production/_ext/1954962658/Tick.o
 .debug_str     0x00002979       0xe2 build/default/production/_ext/1954962658/UART2TCPBridge.o
 .debug_str     0x00002a5b       0xe2 build/default/production/_ext/1954962658/UART.o
 .debug_str     0x00002b3d      0x156 build/default/production/_ext/1954962658/UDP.o
 .debug_str     0x00002c93       0xe2 build/default/production/_ext/1954962658/UDPPerformanceTest.o
 .debug_str     0x00002d75       0xe2 build/default/production/_ext/1954962658/ZeroconfHelper.o
 .debug_str     0x00002e57       0xe2 build/default/production/_ext/1954962658/ZeroconfLinkLocal.o
 .debug_str     0x00002f39       0xe2 build/default/production/_ext/1954962658/ZeroconfMulticastDNS.o
 .debug_str     0x0000301b      0x179 build/default/production/_ext/1472/CustomHTTPApp.o
 .debug_str     0x00003194       0xe2 build/default/production/_ext/1472/CustomSNMPApp.o
 .debug_str     0x00003276       0xe2 build/default/production/_ext/1472/CustomSSLCert.o
 .debug_str     0x00003358      0x17a build/default/production/_ext/1472/MainDemo.o
 .debug_str     0x000034d2       0xe2 build/default/production/_ext/1472/BerkeleyTCPClientDemo.o
 .debug_str     0x000035b4       0xe2 build/default/production/_ext/1472/BerkeleyTCPServerDemo.o
 .debug_str     0x00003696       0xe2 build/default/production/_ext/1472/BerkeleyUDPClientDemo.o
 .debug_str     0x00003778       0xec build/default/production/_ext/1472/GenericTCPClient.o
 .debug_str     0x00003864       0xe2 build/default/production/_ext/1472/GenericTCPServer.o
 .debug_str     0x00003946       0xec build/default/production/_ext/1472/PingDemo.o
 .debug_str     0x00003a32      0x12b build/default/production/_ext/1472/SMTPDemo.o
 .debug_str     0x00003b5d       0xec build/default/production/_ext/1472/UARTConfig.o
 .debug_str     0x00003c49       0xe2 build/default/production/_ext/1472/MPFSImg2.o
 .debug_str     0x00003d2b        0x0 c:/program files/microchip/mplabc32/v2.02/bin/../lib/gcc/pic32mx/4.5.1\libgcc.a(_udivdi3.o)
 .debug_str     0x00003d2b        0x0 c:/program files/microchip/mplabc32/v2.02/bin/../lib/gcc/pic32mx/4.5.1/../../../../pic32mx/lib\libc.a(atoi.o)
 .debug_str     0x00003d2b        0x0 c:/program files/microchip/mplabc32/v2.02/bin/../lib/gcc/pic32mx/4.5.1/../../../../pic32mx/lib\libc.a(atol.o)
 .debug_str     0x00003d2b        0x0 c:/program files/microchip/mplabc32/v2.02/bin/../lib/gcc/pic32mx/4.5.1/../../../../pic32mx/lib\libc.a(ctype.o)
 .debug_str     0x00003d2b        0x0 c:/program files/microchip/mplabc32/v2.02/bin/../lib/gcc/pic32mx/4.5.1/../../../../pic32mx/lib\libc.a(strchr.o)
 .debug_str     0x00003d2b        0x0 c:/program files/microchip/mplabc32/v2.02/bin/../lib/gcc/pic32mx/4.5.1/../../../../pic32mx/lib\libc.a(strstr.o)
 .debug_str     0x00003d2b        0x0 c:/program files/microchip/mplabc32/v2.02/bin/../lib/gcc/pic32mx/4.5.1/../../../../pic32mx/lib\libc.a(default-bootstrap-exception-handler.o)
 .debug_str     0x00003d2b        0x0 c:/program files/microchip/mplabc32/v2.02/bin/../lib/gcc/pic32mx/4.5.1/../../../../pic32mx/lib\libc.a(default-on-reset.o)
 .debug_str     0x00003d2b        0x0 c:/program files/microchip/mplabc32/v2.02/bin/../lib/gcc/pic32mx/4.5.1/../../../../pic32mx/lib\libc.a(default-on-bootstrap.o)
 .debug_str     0x00003d2b        0x0 c:/program files/microchip/mplabc32/v2.02/bin/../lib/gcc/pic32mx/4.5.1/../../../../pic32mx/lib\libc.a(strncmp.o)
 .debug_str     0x00003d2b        0x0 c:/program files/microchip/mplabc32/v2.02/bin/../lib/gcc/pic32mx/4.5.1/../../../../pic32mx/lib\libmchp_peripheral_32MX460F512L.a(soft_reset_lib.o)
 .debug_str     0x00003d2b        0x0 c:/program files/microchip/mplabc32/v2.02/bin/../lib/gcc/pic32mx/4.5.1/../../../../pic32mx/lib\libmchp_peripheral_32MX460F512L.a(pcache.o)
 .debug_str     0x00003d2b        0x0 c:/program files/microchip/mplabc32/v2.02/bin/../lib/gcc/pic32mx/4.5.1/../../../../pic32mx/lib\libmchp_peripheral_32MX460F512L.a(int_disable_interrupts_lib.o)
 .debug_str     0x00003d2b        0x0 c:/program files/microchip/mplabc32/v2.02/bin/../lib/gcc/pic32mx/4.5.1/../../../../pic32mx/lib\libmchp_peripheral_32MX460F512L.a(int_restore_interrupts_lib.o)
 .debug_str     0x00003d2b        0x0 c:/program files/microchip/mplabc32/v2.02/bin/../lib/gcc/pic32mx/4.5.1/../../../../pic32mx/lib\libmchp_peripheral_32MX460F512L.a(int_enable_mv_int_lib.o)
 .debug_str     0x00003d2b        0x0 c:/program files/microchip/mplabc32/v2.02/bin/../lib/gcc/pic32mx/4.5.1/../../../../pic32mx/lib\libmchp_peripheral_32MX460F512L.a(uart_lib.o)
 .debug_str     0x00003d2b        0x0 c:/program files/microchip/mplabc32/v2.02/bin/../lib/gcc/pic32mx/4.5.1/../../../../pic32mx/lib\libmchp_peripheral_32MX460F512L.a(int_enable_interrupts_lib.o)

.debug_loc      0x00000000      0xa47
 *(.debug_loc)
 .debug_loc     0x00000000      0xa47 c:/program files/microchip/mplabc32/v2.02/bin/../lib/gcc/pic32mx/4.5.1\libgcc.a(_udivdi3.o)

.debug_macinfo
 *(.debug_macinfo)

.debug_weaknames
 *(.debug_weaknames)

.debug_funcnames
 *(.debug_funcnames)

.debug_typenames
 *(.debug_typenames)

.debug_varnames
 *(.debug_varnames)

.debug_pubtypes
                0x00000000     0x4238
 *(.debug_pubtypes)
 .debug_pubtypes
                0x00000000      0x14e build/default/production/_ext/1954962658/Announce.o
 .debug_pubtypes
                0x0000014e       0xbd build/default/production/_ext/1954962658/ARCFOUR.o
 .debug_pubtypes
                0x0000020b      0x140 build/default/production/_ext/1954962658/ARP.o
 .debug_pubtypes
                0x0000034b      0x170 build/default/production/_ext/1954962658/AutoIP.o
 .debug_pubtypes
                0x000004bb      0x1cf build/default/production/_ext/1954962658/BerkeleyAPI.o
 .debug_pubtypes
                0x0000068a       0xbd build/default/production/_ext/1954962658/BigInt.o
 .debug_pubtypes
                0x00000747       0xd0 build/default/production/_ext/1954962658/Delay.o
 .debug_pubtypes
                0x00000817      0x18c build/default/production/_ext/1954962658/DHCP.o
 .debug_pubtypes
                0x000009a3      0x172 build/default/production/_ext/1954962658/DHCPs.o
 .debug_pubtypes
                0x00000b15      0x16f build/default/production/_ext/1954962658/DNS.o
 .debug_pubtypes
                0x00000c84       0xbd build/default/production/_ext/1954962658/DNSs.o
 .debug_pubtypes
                0x00000d41       0xbd build/default/production/_ext/1954962658/DynDNS.o
 .debug_pubtypes
                0x00000dfe      0x1c4 build/default/production/_ext/1954962658/ENC28J60.o
 .debug_pubtypes
                0x00000fc2       0xbd build/default/production/_ext/1954962658/ENCX24J600.o
 .debug_pubtypes
                0x0000107f       0xbd build/default/production/_ext/1954962658/FileSystem.o
 .debug_pubtypes
                0x0000113c       0xbd build/default/production/_ext/1954962658/FTP.o
 .debug_pubtypes
                0x000011f9       0xf4 build/default/production/_ext/1954962658/Hashes.o
 .debug_pubtypes
                0x000012ed      0x123 build/default/production/_ext/1954962658/Helpers.o
 .debug_pubtypes
                0x00001410      0x19a build/default/production/_ext/1954962658/HTTP2.o
 .debug_pubtypes